Archive member included because of file (symbol)

e:/program files (x86)/siliconlabs/simplicitystudio/v4/developer/toolchains/gnu_arm/4.9_2015q3/bin/../lib/gcc/arm-none-eabi/4.9.3/armv7-m\libgcc.a(_aeabi_uldivmod.o)
                              ./emlib/em_usart.o (__aeabi_uldivmod)
e:/program files (x86)/siliconlabs/simplicitystudio/v4/developer/toolchains/gnu_arm/4.9_2015q3/bin/../lib/gcc/arm-none-eabi/4.9.3/armv7-m\libgcc.a(bpabi.o)
                              e:/program files (x86)/siliconlabs/simplicitystudio/v4/developer/toolchains/gnu_arm/4.9_2015q3/bin/../lib/gcc/arm-none-eabi/4.9.3/armv7-m\libgcc.a(_aeabi_uldivmod.o) (__gnu_uldivmod_helper)
e:/program files (x86)/siliconlabs/simplicitystudio/v4/developer/toolchains/gnu_arm/4.9_2015q3/bin/../lib/gcc/arm-none-eabi/4.9.3/armv7-m\libgcc.a(_dvmd_tls.o)
                              e:/program files (x86)/siliconlabs/simplicitystudio/v4/developer/toolchains/gnu_arm/4.9_2015q3/bin/../lib/gcc/arm-none-eabi/4.9.3/armv7-m\libgcc.a(_aeabi_uldivmod.o) (__aeabi_ldiv0)
e:/program files (x86)/siliconlabs/simplicitystudio/v4/developer/toolchains/gnu_arm/4.9_2015q3/bin/../lib/gcc/arm-none-eabi/4.9.3/armv7-m\libgcc.a(_divdi3.o)
                              e:/program files (x86)/siliconlabs/simplicitystudio/v4/developer/toolchains/gnu_arm/4.9_2015q3/bin/../lib/gcc/arm-none-eabi/4.9.3/armv7-m\libgcc.a(bpabi.o) (__divdi3)
e:/program files (x86)/siliconlabs/simplicitystudio/v4/developer/toolchains/gnu_arm/4.9_2015q3/bin/../lib/gcc/arm-none-eabi/4.9.3/armv7-m\libgcc.a(_udivdi3.o)
                              e:/program files (x86)/siliconlabs/simplicitystudio/v4/developer/toolchains/gnu_arm/4.9_2015q3/bin/../lib/gcc/arm-none-eabi/4.9.3/armv7-m\libgcc.a(bpabi.o) (__udivdi3)
e:/program files (x86)/siliconlabs/simplicitystudio/v4/developer/toolchains/gnu_arm/4.9_2015q3/bin/../lib/gcc/arm-none-eabi/4.9.3/../../../../arm-none-eabi/lib/armv7-m\libc_nano.a(lib_a-abs.o)
                              ./src/segmentlcd.o (abs)
e:/program files (x86)/siliconlabs/simplicitystudio/v4/developer/toolchains/gnu_arm/4.9_2015q3/bin/../lib/gcc/arm-none-eabi/4.9.3/../../../../arm-none-eabi/lib/armv7-m\libc_nano.a(lib_a-exit.o)
                              e:/program files (x86)/siliconlabs/simplicitystudio/v4/developer/toolchains/gnu_arm/4.9_2015q3/bin/../lib/gcc/arm-none-eabi/4.9.3/../../../../arm-none-eabi/lib/armv7-m/crt0.o (exit)
e:/program files (x86)/siliconlabs/simplicitystudio/v4/developer/toolchains/gnu_arm/4.9_2015q3/bin/../lib/gcc/arm-none-eabi/4.9.3/../../../../arm-none-eabi/lib/armv7-m\libc_nano.a(lib_a-impure.o)
                              e:/program files (x86)/siliconlabs/simplicitystudio/v4/developer/toolchains/gnu_arm/4.9_2015q3/bin/../lib/gcc/arm-none-eabi/4.9.3/../../../../arm-none-eabi/lib/armv7-m\libc_nano.a(lib_a-exit.o) (_global_impure_ptr)
e:/program files (x86)/siliconlabs/simplicitystudio/v4/developer/toolchains/gnu_arm/4.9_2015q3/bin/../lib/gcc/arm-none-eabi/4.9.3/../../../../arm-none-eabi/lib/armv7-m\libc_nano.a(lib_a-init.o)
                              e:/program files (x86)/siliconlabs/simplicitystudio/v4/developer/toolchains/gnu_arm/4.9_2015q3/bin/../lib/gcc/arm-none-eabi/4.9.3/../../../../arm-none-eabi/lib/armv7-m/crt0.o (__libc_init_array)
e:/program files (x86)/siliconlabs/simplicitystudio/v4/developer/toolchains/gnu_arm/4.9_2015q3/bin/../lib/gcc/arm-none-eabi/4.9.3/../../../../arm-none-eabi/lib/armv7-m\libc_nano.a(lib_a-memcpy.o)
                              ./BSP/bsp_stk.o (memcpy)
e:/program files (x86)/siliconlabs/simplicitystudio/v4/developer/toolchains/gnu_arm/4.9_2015q3/bin/../lib/gcc/arm-none-eabi/4.9.3/../../../../arm-none-eabi/lib/armv7-m\libc_nano.a(lib_a-memset.o)
                              e:/program files (x86)/siliconlabs/simplicitystudio/v4/developer/toolchains/gnu_arm/4.9_2015q3/bin/../lib/gcc/arm-none-eabi/4.9.3/../../../../arm-none-eabi/lib/armv7-m/crt0.o (memset)
e:/program files (x86)/siliconlabs/simplicitystudio/v4/developer/toolchains/gnu_arm/4.9_2015q3/bin/../lib/gcc/arm-none-eabi/4.9.3/../../../../arm-none-eabi/lib/armv7-m\libc_nano.a(lib_a-rand.o)
                              ./src/main.o (rand)
e:/program files (x86)/siliconlabs/simplicitystudio/v4/developer/toolchains/gnu_arm/4.9_2015q3/bin/../lib/gcc/arm-none-eabi/4.9.3/../../../../arm-none-eabi/lib/armv7-m\libc_nano.a(lib_a-snprintf.o)
                              ./src/main.o (snprintf)
e:/program files (x86)/siliconlabs/simplicitystudio/v4/developer/toolchains/gnu_arm/4.9_2015q3/bin/../lib/gcc/arm-none-eabi/4.9.3/../../../../arm-none-eabi/lib/armv7-m\libc_nano.a(lib_a-strlen.o)
                              ./src/main.o (strlen)
e:/program files (x86)/siliconlabs/simplicitystudio/v4/developer/toolchains/gnu_arm/4.9_2015q3/bin/../lib/gcc/arm-none-eabi/4.9.3/../../../../arm-none-eabi/lib/armv7-m\libc_nano.a(lib_a-malloc.o)
[...]
Memory Configuration

Name             Origin             Length             Attributes
FLASH            0x00000000         0x00100000         xr
RAM              0x20000000         0x00020000         xrw
*default*        0x00000000         0xffffffff

Linker script and memory map

LOAD e:/program files (x86)/siliconlabs/simplicitystudio/v4/developer/toolchains/gnu_arm/4.9_2015q3/bin/../lib/gcc/arm-none-eabi/4.9.3/armv7-m/crti.o
LOAD e:/program files (x86)/siliconlabs/simplicitystudio/v4/developer/toolchains/gnu_arm/4.9_2015q3/bin/../lib/gcc/arm-none-eabi/4.9.3/armv7-m/crtbegin.o
LOAD e:/program files (x86)/siliconlabs/simplicitystudio/v4/developer/toolchains/gnu_arm/4.9_2015q3/bin/../lib/gcc/arm-none-eabi/4.9.3/../../../../arm-none-eabi/lib/armv7-m/crt0.o
LOAD ./BSP/bsp_bcc.o
LOAD ./BSP/bsp_stk.o
LOAD ./BSP/bsp_stk_leds.o
LOAD ./CMSIS/EFM32GG/startup_gcc_efm32gg.o
LOAD ./CMSIS/EFM32GG/system_efm32gg.o
LOAD ./emlib/em_assert.o
LOAD ./emlib/em_cmu.o
LOAD ./emlib/em_emu.o
LOAD ./emlib/em_gpio.o
LOAD ./emlib/em_lcd.o
LOAD ./emlib/em_system.o
LOAD ./emlib/em_usart.o
LOAD ./src/main.o
LOAD ./src/segmentlcd.o
START GROUP
LOAD e:/program files (x86)/siliconlabs/simplicitystudio/v4/developer/toolchains/gnu_arm/4.9_2015q3/bin/../lib/gcc/arm-none-eabi/4.9.3/armv7-m\libgcc.a
LOAD e:/program files (x86)/siliconlabs/simplicitystudio/v4/developer/toolchains/gnu_arm/4.9_2015q3/bin/../lib/gcc/arm-none-eabi/4.9.3/../../../../arm-none-eabi/lib/armv7-m\libc_nano.a
LOAD e:/program files (x86)/siliconlabs/simplicitystudio/v4/developer/toolchains/gnu_arm/4.9_2015q3/bin/../lib/gcc/arm-none-eabi/4.9.3/../../../../arm-none-eabi/lib/armv7-m\libnosys.a
END GROUP
START GROUP
LOAD e:/program files (x86)/siliconlabs/simplicitystudio/v4/developer/toolchains/gnu_arm/4.9_2015q3/bin/../lib/gcc/arm-none-eabi/4.9.3/armv7-m\libgcc.a
LOAD e:/program files (x86)/siliconlabs/simplicitystudio/v4/developer/toolchains/gnu_arm/4.9_2015q3/bin/../lib/gcc/arm-none-eabi/4.9.3/../../../../arm-none-eabi/lib/armv7-m\libg_nano.a
LOAD e:/program files (x86)/siliconlabs/simplicitystudio/v4/developer/toolchains/gnu_arm/4.9_2015q3/bin/../lib/gcc/arm-none-eabi/4.9.3/../../../../arm-none-eabi/lib/armv7-m\libc_nano.a
END GROUP
START GROUP
LOAD e:/program files (x86)/siliconlabs/simplicitystudio/v4/developer/toolchains/gnu_arm/4.9_2015q3/bin/../lib/gcc/arm-none-eabi/4.9.3/armv7-m\libgcc.a
LOAD e:/program files (x86)/siliconlabs/simplicitystudio/v4/developer/toolchains/gnu_arm/4.9_2015q3/bin/../lib/gcc/arm-none-eabi/4.9.3/../../../../arm-none-eabi/lib/armv7-m\libc_nano.a
END GROUP
LOAD e:/program files (x86)/siliconlabs/simplicitystudio/v4/developer/toolchains/gnu_arm/4.9_2015q3/bin/../lib/gcc/arm-none-eabi/4.9.3/armv7-m/crtend.o
LOAD e:/program files (x86)/siliconlabs/simplicitystudio/v4/developer/toolchains/gnu_arm/4.9_2015q3/bin/../lib/gcc/arm-none-eabi/4.9.3/armv7-m/crtn.o

.text           0x00000000     0x3e38
 *(.vectors)
 .vectors       0x00000000       0xdc ./CMSIS/EFM32GG/startup_gcc_efm32gg.o
                0x00000000                __Vectors
                0x000000dc                __Vectors_End = .
                0x000000dc                __Vectors_Size = (__Vectors_End - __Vectors)
                0x000000dc                __end__ = .
 *(.text*)
 .text          0x000000dc       0x5c e:/program files (x86)/siliconlabs/simplicitystudio/v4/developer/toolchains/gnu_arm/4.9_2015q3/bin/../lib/gcc/arm-none-eabi/4.9.3/armv7-m/crtbegin.o
 .text          0x00000138       0x74 e:/program files (x86)/siliconlabs/simplicitystudio/v4/developer/toolchains/gnu_arm/4.9_2015q3/bin/../lib/gcc/arm-none-eabi/4.9.3/../../../../arm-none-eabi/lib/armv7-m/crt0.o
                0x00000138                _start
                0x00000138                _mainCRTStartup
 .text.BSP_LedsInit
                0x000001ac       0x5c ./BSP/bsp_stk_leds.o
                0x000001ac                BSP_LedsInit
 .text          0x00000208       0x30 ./CMSIS/EFM32GG/startup_gcc_efm32gg.o
                0x00000208                Reset_Handler
                0x00000234                DebugMon_Handler
                0x00000234                USART0_TX_IRQHandler
                0x00000234                I2C0_IRQHandler
                0x00000234                HardFault_Handler
                0x00000234                LEUART1_IRQHandler
                0x00000234                USART1_RX_IRQHandler
                0x00000234                PendSV_Handler
                0x00000234                NMI_Handler
                0x00000234                I2C1_IRQHandler
                0x00000234                TIMER3_IRQHandler
                0x00000234                USART1_TX_IRQHandler
                0x00000234                MSC_IRQHandler
                0x00000234                ADC0_IRQHandler
                0x00000234                UsageFault_Handler
                0x00000234                LEUART0_IRQHandler
                0x00000234                UART0_TX_IRQHandler
                0x00000234                UART1_TX_IRQHandler
                0x00000234                RTC_IRQHandler
                0x00000234                TIMER0_IRQHandler
                0x00000234                TIMER2_IRQHandler
                0x00000234                LCD_IRQHandler
                0x00000234                PCNT2_IRQHandler
                0x00000234                UART0_RX_IRQHandler
                0x00000234                LETIMER0_IRQHandler
                0x00000234                TIMER1_IRQHandler
                0x00000234                USART2_RX_IRQHandler
                0x00000234                Default_Handler
                0x00000234                EMU_IRQHandler
                0x00000234                PCNT0_IRQHandler
                0x00000234                USB_IRQHandler
                0x00000234                BURTC_IRQHandler
                0x00000234                PCNT1_IRQHandler
                0x00000234                ACMP0_IRQHandler
                0x00000234                USART0_RX_IRQHandler
                0x00000234                MemManage_Handler
                0x00000234                SVC_Handler
                0x00000234                DAC0_IRQHandler
                0x00000234                UART1_RX_IRQHandler
                0x00000234                CMU_IRQHandler
                0x00000234                EBI_IRQHandler
                0x00000234                LESENSE_IRQHandler
                0x00000234                AES_IRQHandler
                0x00000234                VCMP_IRQHandler
                0x00000234                DMA_IRQHandler
                0x00000234                BusFault_Handler
                0x00000234                USART2_TX_IRQHandler
 .text.GetProdRev
                0x00000238       0x1c ./CMSIS/EFM32GG/system_efm32gg.o
 .text.SystemCoreClockGet
                0x00000254       0x34 ./CMSIS/EFM32GG/system_efm32gg.o
                0x00000254                SystemCoreClockGet
 .text.SystemMaxCoreClockGet
                0x00000288       0x14 ./CMSIS/EFM32GG/system_efm32gg.o
                0x00000288                SystemMaxCoreClockGet
 .text.SystemHFClockGet
                0x0000029c      0x100 ./CMSIS/EFM32GG/system_efm32gg.o
                0x0000029c                SystemHFClockGet
 .text.SystemHFXOClockGet
                0x0000039c       0x18 ./CMSIS/EFM32GG/system_efm32gg.o
                0x0000039c                SystemHFXOClockGet
 .text.SystemInit
                0x000003b4        0xc ./CMSIS/EFM32GG/system_efm32gg.o
                0x000003b4                SystemInit
 .text.SystemLFRCOClockGet
                0x000003c0       0x14 ./CMSIS/EFM32GG/system_efm32gg.o
                0x000003c0                SystemLFRCOClockGet
 .text.SystemULFRCOClockGet
                0x000003d4       0x14 ./CMSIS/EFM32GG/system_efm32gg.o
                0x000003d4                SystemULFRCOClockGet
 .text.SystemLFXOClockGet
                0x000003e8       0x18 ./CMSIS/EFM32GG/system_efm32gg.o
                0x000003e8                SystemLFXOClockGet
 .text.BUS_RegBitWrite
                0x00000400       0x2c ./emlib/em_cmu.o
 .text.BUS_RegBitRead
                0x0000042c       0x2c ./emlib/em_cmu.o
 .text.CMU_DivToLog2
                0x00000458       0x34 ./emlib/em_cmu.o
 .text.SYSTEM_GetProdRev
                0x0000048c       0x1c ./emlib/em_cmu.o
 .text.SYSTEM_GetFamily
                0x000004a8       0x20 ./emlib/em_cmu.o
 .text.maxFreqHfle
                0x000004c8       0x78 ./emlib/em_cmu.o
 .text.setHfLeConfig
                0x00000540       0x60 ./emlib/em_cmu.o
 .text.getHfLeConfig
                0x000005a0       0x20 ./emlib/em_cmu.o
 .text.auxClkGet
                0x000005c0       0xb0 ./emlib/em_cmu.o
 .text.dbgClkGet
                0x00000670       0x40 ./emlib/em_cmu.o
 .text.flashWaitStateControl
                0x000006b0       0xb8 ./emlib/em_cmu.o
 .text.flashWaitStateMax
                0x00000768       0x14 ./emlib/em_cmu.o
 .text.CMU_UpdateWaitStates
                0x0000077c       0x18 ./emlib/em_cmu.o
                0x0000077c                CMU_UpdateWaitStates
 .text.lfClkGet
                0x00000794       0xec ./emlib/em_cmu.o
 .text.syncReg  0x00000880       0x34 ./emlib/em_cmu.o
 .text.usbCClkGet
                0x000008b4       0x4c ./emlib/em_cmu.o
 .text.CMU_ClockDivSet
                0x00000900      0x22c ./emlib/em_cmu.o
                0x00000900                CMU_ClockDivSet
 .text.CMU_ClockEnable
                0x00000b2c       0xd0 ./emlib/em_cmu.o
                0x00000b2c                CMU_ClockEnable
 .text.CMU_ClockFreqGet
                0x00000bfc      0x1d8 ./emlib/em_cmu.o
                0x00000bfc                CMU_ClockFreqGet
 .text.CMU_ClockSelectGet
                0x00000dd4      0x15c ./emlib/em_cmu.o
                0x00000dd4                CMU_ClockSelectGet
 .text.CMU_ClockSelectSet
                0x00000f30      0x29c ./emlib/em_cmu.o
                0x00000f30                CMU_ClockSelectSet
 .text.CMU_HFRCOBandSet
                0x000011cc       0xe0 ./emlib/em_cmu.o
                0x000011cc                CMU_HFRCOBandSet
 .text.CMU_LCDClkFDIVSet
                0x000012ac       0x3c ./emlib/em_cmu.o
                0x000012ac                CMU_LCDClkFDIVSet
 .text.CMU_OscillatorEnable
                0x000012e8       0xbc ./emlib/em_cmu.o
                0x000012e8                CMU_OscillatorEnable
 .text.BUS_RegBitWrite
                0x000013a4       0x2c ./emlib/em_gpio.o
 .text.BUS_RegMaskedWrite
                0x000013d0       0x28 ./emlib/em_gpio.o
 .text.GPIO_PinOutClear
                0x000013f8       0x58 ./emlib/em_gpio.o
 .text.GPIO_PinOutSet
                0x00001450       0x58 ./emlib/em_gpio.o
 .text.GPIO_ExtIntConfig
                0x000014a8       0xd4 ./emlib/em_gpio.o
                0x000014a8                GPIO_ExtIntConfig
 .text.GPIO_PinModeSet
                0x0000157c      0x10c ./emlib/em_gpio.o
                0x0000157c                GPIO_PinModeSet
 .text.LCD_Enable
                0x00001688       0x38 ./emlib/em_lcd.o
 .text.BUS_RegBitWrite
                0x000016c0       0x2c ./emlib/em_lcd.o
 .text.LCD_Init
                0x000016ec       0x78 ./emlib/em_lcd.o
                0x000016ec                LCD_Init
 .text.LCD_VLCDSelect
                0x00001764       0x44 ./emlib/em_lcd.o
                0x00001764                LCD_VLCDSelect
 .text.LCD_SegmentRangeEnable
                0x000017a8       0x40 ./emlib/em_lcd.o
                0x000017a8                LCD_SegmentRangeEnable
 .text.LCD_SegmentSet
                0x000017e8      0x1e4 ./emlib/em_lcd.o
                0x000017e8                LCD_SegmentSet
 .text.LCD_SegmentSetLow
                0x000019cc      0x17c ./emlib/em_lcd.o
                0x000019cc                LCD_SegmentSetLow
 .text.LCD_SegmentSetHigh
                0x00001b48      0x17c ./emlib/em_lcd.o
                0x00001b48                LCD_SegmentSetHigh
 .text.LCD_VBoostSet
                0x00001cc4       0x28 ./emlib/em_lcd.o
                0x00001cc4                LCD_VBoostSet
 .text.SYSTEM_ChipRevisionGet
                0x00001cec       0x74 ./emlib/em_system.o
                0x00001cec                SYSTEM_ChipRevisionGet
 .text.NVIC_EnableIRQ
                0x00001d60       0x30 ./src/main.o
 .text.NVIC_DisableIRQ
                0x00001d90       0x34 ./src/main.o
 .text.NVIC_SetPriority
                0x00001dc4       0x54 ./src/main.o
 .text.SysTick_Config
                0x00001e18       0x44 ./src/main.o
 .text.SYSTEM_GetProdRev
                0x00001e5c       0x1c ./src/main.o
 .text.CHIP_Init
                0x00001e78       0x3c ./src/main.o
 .text.SysTick_Handler
                0x00001eb4       0x1c ./src/main.o
                0x00001eb4                SysTick_Handler
 .text.keypress_any
                0x00001ed0       0x38 ./src/main.o
                0x00001ed0                keypress_any
 .text.keypress_reset
                0x00001f08       0x20 ./src/main.o
                0x00001f08                keypress_reset
 .text.keypress_read_and_clear
                0x00001f28       0x54 ./src/main.o
                0x00001f28                keypress_read_and_clear
 .text.get_turn
                0x00001f7c       0x2c ./src/main.o
                0x00001f7c                get_turn
 .text.GPIO_EVEN_IRQHandler
                0x00001fa8       0x30 ./src/main.o
                0x00001fa8                GPIO_EVEN_IRQHandler
 .text.GPIO_ODD_IRQHandler
                0x00001fd8       0x30 ./src/main.o
                0x00001fd8                GPIO_ODD_IRQHandler
 .text.Delay    0x00002008       0x2c ./src/main.o
                0x00002008                Delay
 .text.random   0x00002034       0x5c ./src/main.o
                0x00002034                random
 .text.reset_game
                0x00002090       0x54 ./src/main.o
                0x00002090                reset_game
 .text.level_up
                0x000020e4       0x48 ./src/main.o
                0x000020e4                level_up
 .text.reset_score
                0x0000212c       0x1c ./src/main.o
                0x0000212c                reset_score
 .text.create_asteroids
                0x00002148      0x274 ./src/main.o
                0x00002148                create_asteroids
 .text.display_segment
                0x000023bc       0xac ./src/main.o
                0x000023bc                display_segment
 .text.update_display
                0x00002468       0x74 ./src/main.o
                0x00002468                update_display
 .text.turn_ship
                0x000024dc       0x70 ./src/main.o
                0x000024dc                turn_ship
 .text.move_ship
                0x0000254c      0x1a0 ./src/main.o
                0x0000254c                move_ship
 .text.is_hit   0x000026ec       0x5c ./src/main.o
                0x000026ec                is_hit
 .text.show_dots
                0x00002748       0x40 ./src/main.o
                0x00002748                show_dots
 .text.show_message_and_wait
                0x00002788       0xb8 ./src/main.o
                0x00002788                show_message_and_wait
 .text.animate_timer
                0x00002840       0x48 ./src/main.o
                0x00002840                animate_timer
 .text.is_goal_reached
                0x00002888       0x24 ./src/main.o
                0x00002888                is_goal_reached
 .text.increment_score
                0x000028ac       0x20 ./src/main.o
                0x000028ac                increment_score
 .text.get_delay_ticks
                0x000028cc       0x3c ./src/main.o
                0x000028cc                get_delay_ticks
 .text.main     0x00002908      0x128 ./src/main.o
                0x00002908                main
 .text.LCD_FreezeEnable
                0x00002a30       0x2c ./src/segmentlcd.o
 .text.LCD_SyncBusyDelay
                0x00002a5c       0x24 ./src/segmentlcd.o
 .text.LCD_IntDisable
                0x00002a80       0x24 ./src/segmentlcd.o
 .text.SegmentLCD_AllOff
                0x00002aa4       0xac ./src/segmentlcd.o
                0x00002aa4                SegmentLCD_AllOff
 .text.SegmentLCD_AlphaNumberOff
                0x00002b50       0xa8 ./src/segmentlcd.o
                0x00002b50                SegmentLCD_AlphaNumberOff
 .text.SegmentLCD_ARing
                0x00002bf8       0x54 ./src/segmentlcd.o
                0x00002bf8                SegmentLCD_ARing
 .text.SegmentLCD_Init
                0x00002c4c       0xb8 ./src/segmentlcd.o
                0x00002c4c                SegmentLCD_Init
 .text.SegmentLCD_Number
                0x00002d04      0x124 ./src/segmentlcd.o
                0x00002d04                SegmentLCD_Number
 .text.SegmentLCD_NumberOff
                0x00002e28       0x50 ./src/segmentlcd.o
                0x00002e28                SegmentLCD_NumberOff
 .text.SegmentLCD_Symbol
                0x00002e78      0x130 ./src/segmentlcd.o
                0x00002e78                SegmentLCD_Symbol
 .text.SegmentLCD_Write
                0x00002fa8       0xd8 ./src/segmentlcd.o
                0x00002fa8                SegmentLCD_Write
 .text.displaySegmentField
                0x00003080       0xa4 ./src/segmentlcd.o
                0x00003080                displaySegmentField
 .text.abs      0x00003124        0x8 e:/program files (x86)/siliconlabs/simplicitystudio/v4/developer/toolchains/gnu_arm/4.9_2015q3/bin/../lib/gcc/arm-none-eabi/4.9.3/../../../../arm-none-eabi/lib/armv7-m\libc_nano.a(lib_a-abs.o)
                0x00003124                abs
 .text.exit     0x0000312c       0x28 e:/program files (x86)/siliconlabs/simplicitystudio/v4/developer/toolchains/gnu_arm/4.9_2015q3/bin/../lib/gcc/arm-none-eabi/4.9.3/../../../../arm-none-eabi/lib/armv7-m\libc_nano.a(lib_a-exit.o)
                0x0000312c                exit
 .text.__libc_init_array
                0x00003154       0x4c e:/program files (x86)/siliconlabs/simplicitystudio/v4/developer/toolchains/gnu_arm/4.9_2015q3/bin/../lib/gcc/arm-none-eabi/4.9.3/../../../../arm-none-eabi/lib/armv7-m\libc_nano.a(lib_a-init.o)
                0x00003154                __libc_init_array
 .text.memcpy   0x000031a0       0x16 e:/program files (x86)/siliconlabs/simplicitystudio/v4/developer/toolchains/gnu_arm/4.9_2015q3/bin/../lib/gcc/arm-none-eabi/4.9.3/../../../../arm-none-eabi/lib/armv7-m\libc_nano.a(lib_a-memcpy.o)
                0x000031a0                memcpy
 .text.memset   0x000031b6       0x10 e:/program files (x86)/siliconlabs/simplicitystudio/v4/developer/toolchains/gnu_arm/4.9_2015q3/bin/../lib/gcc/arm-none-eabi/4.9.3/../../../../arm-none-eabi/lib/armv7-m\libc_nano.a(lib_a-memset.o)
                0x000031b6                memset
 *fill*         0x000031c6        0x2 
 .text.rand     0x000031c8       0x74 e:/program files (x86)/siliconlabs/simplicitystudio/v4/developer/toolchains/gnu_arm/4.9_2015q3/bin/../lib/gcc/arm-none-eabi/4.9.3/../../../../arm-none-eabi/lib/armv7-m\libc_nano.a(lib_a-rand.o)
                0x000031c8                rand
 .text.snprintf
                0x0000323c       0x64 e:/program files (x86)/siliconlabs/simplicitystudio/v4/developer/toolchains/gnu_arm/4.9_2015q3/bin/../lib/gcc/arm-none-eabi/4.9.3/../../../../arm-none-eabi/lib/armv7-m\libc_nano.a(lib_a-snprintf.o)
                0x0000323c                sniprintf
                0x0000323c                snprintf
 .text.strlen   0x000032a0       0x10 e:/program files (x86)/siliconlabs/simplicitystudio/v4/developer/toolchains/gnu_arm/4.9_2015q3/bin/../lib/gcc/arm-none-eabi/4.9.3/../../../../arm-none-eabi/lib/armv7-m\libc_nano.a(lib_a-strlen.o)
                0x000032a0                strlen
 .text.malloc   0x000032b0       0x10 e:/program files (x86)/siliconlabs/simplicitystudio/v4/developer/toolchains/gnu_arm/4.9_2015q3/bin/../lib/gcc/arm-none-eabi/4.9.3/../../../../arm-none-eabi/lib/armv7-m\libc_nano.a(lib_a-malloc.o)
                0x000032b0                malloc
 .text._free_r  0x000032c0       0x88 e:/program files (x86)/siliconlabs/simplicitystudio/v4/developer/toolchains/gnu_arm/4.9_2015q3/bin/../lib/gcc/arm-none-eabi/4.9.3/../../../../arm-none-eabi/lib/armv7-m\libc_nano.a(lib_a-nano-freer.o)
                0x000032c0                _free_r
 .text._malloc_r
                0x00003348       0xac e:/program files (x86)/siliconlabs/simplicitystudio/v4/developer/toolchains/gnu_arm/4.9_2015q3/bin/../lib/gcc/arm-none-eabi/4.9.3/../../../../arm-none-eabi/lib/armv7-m\libc_nano.a(lib_a-nano-mallocr.o)
                0x00003348                _malloc_r
 .text.__ssputs_r
                0x000033f4       0xb2 e:/program files (x86)/siliconlabs/simplicitystudio/v4/developer/toolchains/gnu_arm/4.9_2015q3/bin/../lib/gcc/arm-none-eabi/4.9.3/../../../../arm-none-eabi/lib/armv7-m\libc_nano.a(lib_a-nano-svfprintf.o)
                0x000033f4                __ssputs_r
 *fill*         0x000034a6        0x2 
 .text._svfprintf_r
                0x000034a8      0x1e4 e:/program files (x86)/siliconlabs/simplicitystudio/v4/developer/toolchains/gnu_arm/4.9_2015q3/bin/../lib/gcc/arm-none-eabi/4.9.3/../../../../arm-none-eabi/lib/armv7-m\libc_nano.a(lib_a-nano-svfprintf.o)
                0x000034a8                _svfiprintf_r
                0x000034a8                _svfprintf_r
 .text._printf_common
                0x0000368c       0xea e:/program files (x86)/siliconlabs/simplicitystudio/v4/developer/toolchains/gnu_arm/4.9_2015q3/bin/../lib/gcc/arm-none-eabi/4.9.3/../../../../arm-none-eabi/lib/armv7-m\libc_nano.a(lib_a-nano-vfprintf_i.o)
                0x0000368c                _printf_common
 *fill*         0x00003776        0x2 
 .text._printf_i
                0x00003778      0x240 e:/program files (x86)/siliconlabs/simplicitystudio/v4/developer/toolchains/gnu_arm/4.9_2015q3/bin/../lib/gcc/arm-none-eabi/4.9.3/../../../../arm-none-eabi/lib/armv7-m\libc_nano.a(lib_a-nano-vfprintf_i.o)
                0x00003778                _printf_i
 .text._sbrk_r  0x000039b8       0x20 e:/program files (x86)/siliconlabs/simplicitystudio/v4/developer/toolchains/gnu_arm/4.9_2015q3/bin/../lib/gcc/arm-none-eabi/4.9.3/../../../../arm-none-eabi/lib/armv7-m\libc_nano.a(lib_a-sbrkr.o)
                0x000039b8                _sbrk_r
 .text.memchr   0x000039d8       0x1c e:/program files (x86)/siliconlabs/simplicitystudio/v4/developer/toolchains/gnu_arm/4.9_2015q3/bin/../lib/gcc/arm-none-eabi/4.9.3/../../../../arm-none-eabi/lib/armv7-m\libc_nano.a(lib_a-memchr.o)
                0x000039d8                memchr
 .text.memmove  0x000039f4       0x36 e:/program files (x86)/siliconlabs/simplicitystudio/v4/developer/toolchains/gnu_arm/4.9_2015q3/bin/../lib/gcc/arm-none-eabi/4.9.3/../../../../arm-none-eabi/lib/armv7-m\libc_nano.a(lib_a-memmove.o)
                0x000039f4                memmove
 .text._realloc_r
                0x00003a2a       0x4c e:/program files (x86)/siliconlabs/simplicitystudio/v4/developer/toolchains/gnu_arm/4.9_2015q3/bin/../lib/gcc/arm-none-eabi/4.9.3/../../../../arm-none-eabi/lib/armv7-m\libc_nano.a(lib_a-nano-reallocr.o)
                0x00003a2a                _realloc_r
 .text._malloc_usable_size_r
                0x00003a76       0x14 e:/program files (x86)/siliconlabs/simplicitystudio/v4/developer/toolchains/gnu_arm/4.9_2015q3/bin/../lib/gcc/arm-none-eabi/4.9.3/../../../../arm-none-eabi/lib/armv7-m\libc_nano.a(lib_a-nano-msizer.o)
                0x00003a76                _malloc_usable_size_r
 *fill*         0x00003a8a        0x2 
 .text._sbrk    0x00003a8c       0x1c e:/program files (x86)/siliconlabs/simplicitystudio/v4/developer/toolchains/gnu_arm/4.9_2015q3/bin/../lib/gcc/arm-none-eabi/4.9.3/../../../../arm-none-eabi/lib/armv7-m\libnosys.a(sbrk.o)
                0x00003a8c                _sbrk
 .text._exit    0x00003aa8        0x4 e:/program files (x86)/siliconlabs/simplicitystudio/v4/developer/toolchains/gnu_arm/4.9_2015q3/bin/../lib/gcc/arm-none-eabi/4.9.3/../../../../arm-none-eabi/lib/armv7-m\libnosys.a(_exit.o)
                0x00003aa8                _exit
 *(.init)
 .init          0x00003aac        0x4 e:/program files (x86)/siliconlabs/simplicitystudio/v4/developer/toolchains/gnu_arm/4.9_2015q3/bin/../lib/gcc/arm-none-eabi/4.9.3/armv7-m/crti.o
                0x00003aac                _init
 .init          0x00003ab0        0x8 e:/program files (x86)/siliconlabs/simplicitystudio/v4/developer/toolchains/gnu_arm/4.9_2015q3/bin/../lib/gcc/arm-none-eabi/4.9.3/armv7-m/crtn.o
 *(.fini)
 .fini          0x00003ab8        0x4 e:/program files (x86)/siliconlabs/simplicitystudio/v4/developer/toolchains/gnu_arm/4.9_2015q3/bin/../lib/gcc/arm-none-eabi/4.9.3/armv7-m/crti.o
                0x00003ab8                _fini
 .fini          0x00003abc        0x8 e:/program files (x86)/siliconlabs/simplicitystudio/v4/developer/toolchains/gnu_arm/4.9_2015q3/bin/../lib/gcc/arm-none-eabi/4.9.3/armv7-m/crtn.o
 *crtbegin.o(.ctors)
 *crtbegin?.o(.ctors)
 *(EXCLUDE_FILE(*crtend.o *crtend?.o) .ctors)
 *(SORT(.ctors.*))
 *(.ctors)
 *crtbegin.o(.dtors)
 *crtbegin?.o(.dtors)
 *(EXCLUDE_FILE(*crtend.o *crtend?.o) .dtors)
 *(SORT(.dtors.*))
 *(.dtors)
 *(.rodata*)
 .rodata.ledArray
                0x00003ac4       0x10 ./BSP/bsp_stk_leds.o
 .rodata        0x00003ad4       0x32 ./src/main.o
 *fill*         0x00003b06        0x2 
 .rodata.EFM_Display
                0x00003b08      0x1fe ./src/segmentlcd.o
 *fill*         0x00003d06        0x2 
 .rodata.EFM_Alphabet
                0x00003d08       0xb8 ./src/segmentlcd.o
 .rodata.EFM_Numbers
                0x00003dc0       0x22 ./src/segmentlcd.o
 *fill*         0x00003de2        0x2 
 .rodata.lcdInit
                0x00003de4       0x14 ./src/segmentlcd.o
 .rodata.str1.1
                0x00003df8        0x2 e:/program files (x86)/siliconlabs/simplicitystudio/v4/developer/toolchains/gnu_arm/4.9_2015q3/bin/../lib/gcc/arm-none-eabi/4.9.3/../../../../arm-none-eabi/lib/armv7-m\libc_nano.a(lib_a-impure.o)
 *fill*         0x00003dfa        0x2 
 .rodata._global_impure_ptr
                0x00003dfc        0x4 e:/program files (x86)/siliconlabs/simplicitystudio/v4/developer/toolchains/gnu_arm/4.9_2015q3/bin/../lib/gcc/arm-none-eabi/4.9.3/../../../../arm-none-eabi/lib/armv7-m\libc_nano.a(lib_a-impure.o)
                0x00003dfc                _global_impure_ptr
 .rodata.str1.1
                0x00003e00       0x11 e:/program files (x86)/siliconlabs/simplicitystudio/v4/developer/toolchains/gnu_arm/4.9_2015q3/bin/../lib/gcc/arm-none-eabi/4.9.3/../../../../arm-none-eabi/lib/armv7-m\libc_nano.a(lib_a-nano-svfprintf.o)
 .rodata.str1.1
                0x00003e11       0x22 e:/program files (x86)/siliconlabs/simplicitystudio/v4/developer/toolchains/gnu_arm/4.9_2015q3/bin/../lib/gcc/arm-none-eabi/4.9.3/../../../../arm-none-eabi/lib/armv7-m\libc_nano.a(lib_a-nano-vfprintf_i.o)
 *(.eh_frame*)
 *fill*         0x00003e33        0x1 
 .eh_frame      0x00003e34        0x0 e:/program files (x86)/siliconlabs/simplicitystudio/v4/developer/toolchains/gnu_arm/4.9_2015q3/bin/../lib/gcc/arm-none-eabi/4.9.3/armv7-m/crtbegin.o
 .eh_frame      0x00003e34        0x4 e:/program files (x86)/siliconlabs/simplicitystudio/v4/developer/toolchains/gnu_arm/4.9_2015q3/bin/../lib/gcc/arm-none-eabi/4.9.3/armv7-m/crtend.o

.glue_7         0x00003e38        0x0
 .glue_7        0x00000000        0x0 linker stubs

.glue_7t        0x00003e38        0x0
 .glue_7t       0x00000000        0x0 linker stubs

.vfp11_veneer   0x00003e38        0x0
 .vfp11_veneer  0x00000000        0x0 linker stubs

.v4_bx          0x00003e38        0x0
 .v4_bx         0x00000000        0x0 linker stubs

.iplt           0x00003e38        0x0
 .iplt          0x00000000        0x0 e:/program files (x86)/siliconlabs/simplicitystudio/v4/developer/toolchains/gnu_arm/4.9_2015q3/bin/../lib/gcc/arm-none-eabi/4.9.3/armv7-m/crtbegin.o

.ARM.extab
 *(.ARM.extab* .gnu.linkonce.armextab.*)
                0x00003e38                __exidx_start = .

.ARM.exidx      0x00003e38        0x8
 *(.ARM.exidx* .gnu.linkonce.armexidx.*)
 .ARM.exidx     0x00003e38        0x8 e:/program files (x86)/siliconlabs/simplicitystudio/v4/developer/toolchains/gnu_arm/4.9_2015q3/bin/../lib/gcc/arm-none-eabi/4.9.3/../../../../arm-none-eabi/lib/armv7-m/crt0.o
                0x00003e40                __exidx_end = .
                0x00003e40                __etext = .

.rel.dyn        0x00003e40        0x0
 .rel.iplt      0x00000000        0x0 e:/program files (x86)/siliconlabs/simplicitystudio/v4/developer/toolchains/gnu_arm/4.9_2015q3/bin/../lib/gcc/arm-none-eabi/4.9.3/armv7-m/crtbegin.o

.data           0x20000000       0x9c load address 0x00003e40
                0x20000000                __data_start__ = .
 *(vtable)
 *(.data*)
 .data.SystemHFXOClock
                0x20000000        0x4 ./CMSIS/EFM32GG/system_efm32gg.o
 .data.SystemLFXOClock
                0x20000004        0x4 ./CMSIS/EFM32GG/system_efm32gg.o
 .data.SystemCoreClock
                0x20000008        0x4 ./CMSIS/EFM32GG/system_efm32gg.o
                0x20000008                SystemCoreClock
 .data.ship     0x2000000c        0x6 ./src/main.o
                0x2000000c                ship
 *fill*         0x20000012        0x2 
 .data.dot_ids.7909
                0x20000014       0x18 ./src/main.o
 .data.impure_data
                0x2000002c       0x60 e:/program files (x86)/siliconlabs/simplicitystudio/v4/developer/toolchains/gnu_arm/4.9_2015q3/bin/../lib/gcc/arm-none-eabi/4.9.3/../../../../arm-none-eabi/lib/armv7-m\libc_nano.a(lib_a-impure.o)
 .data._impure_ptr
                0x2000008c        0x4 e:/program files (x86)/siliconlabs/simplicitystudio/v4/developer/toolchains/gnu_arm/4.9_2015q3/bin/../lib/gcc/arm-none-eabi/4.9.3/../../../../arm-none-eabi/lib/armv7-m\libc_nano.a(lib_a-impure.o)
                0x2000008c                _impure_ptr
                0x20000090                . = ALIGN (0x4)
 *(.ram)
                0x20000090                . = ALIGN (0x4)
                0x20000090                PROVIDE (__preinit_array_start, .)
 *(.preinit_array)
                0x20000090                PROVIDE (__preinit_array_end, .)
                0x20000090                . = ALIGN (0x4)
                0x20000090                PROVIDE (__init_array_start, .)
 *(SORT(.init_array.*))
 *(.init_array)
 .init_array    0x20000090        0x4 e:/program files (x86)/siliconlabs/simplicitystudio/v4/developer/toolchains/gnu_arm/4.9_2015q3/bin/../lib/gcc/arm-none-eabi/4.9.3/armv7-m/crtbegin.o
                0x20000094                PROVIDE (__init_array_end, .)
                0x20000094                . = ALIGN (0x4)
                0x20000094                PROVIDE (__fini_array_start, .)
 *(SORT(.fini_array.*))
 *(.fini_array)
 .fini_array    0x20000094        0x4 e:/program files (x86)/siliconlabs/simplicitystudio/v4/developer/toolchains/gnu_arm/4.9_2015q3/bin/../lib/gcc/arm-none-eabi/4.9.3/armv7-m/crtbegin.o
                0x20000098                PROVIDE (__fini_array_end, .)
 *(.jcr*)
 .jcr           0x20000098        0x0 e:/program files (x86)/siliconlabs/simplicitystudio/v4/developer/toolchains/gnu_arm/4.9_2015q3/bin/../lib/gcc/arm-none-eabi/4.9.3/armv7-m/crtbegin.o
 .jcr           0x20000098        0x4 e:/program files (x86)/siliconlabs/simplicitystudio/v4/developer/toolchains/gnu_arm/4.9_2015q3/bin/../lib/gcc/arm-none-eabi/4.9.3/armv7-m/crtend.o
                0x2000009c                . = ALIGN (0x4)
                0x2000009c                __data_end__ = .

.igot.plt       0x2000009c        0x0 load address 0x00003edc
 .igot.plt      0x00000000        0x0 e:/program files (x86)/siliconlabs/simplicitystudio/v4/developer/toolchains/gnu_arm/4.9_2015q3/bin/../lib/gcc/arm-none-eabi/4.9.3/armv7-m/crtbegin.o

.bss            0x2000009c       0xb8 load address 0x00003edc
                0x2000009c                . = ALIGN (0x4)
                0x2000009c                __bss_start__ = .
 *(.bss*)
 .bss           0x2000009c       0x1c e:/program files (x86)/siliconlabs/simplicitystudio/v4/developer/toolchains/gnu_arm/4.9_2015q3/bin/../lib/gcc/arm-none-eabi/4.9.3/armv7-m/crtbegin.o
 .bss.text_scroller.7918
                0x200000b8       0x64 ./src/main.o
 .bss.screen_text.7922
                0x2000011c        0x8 ./src/main.o
 .bss.__malloc_sbrk_start
                0x20000124        0x4 e:/program files (x86)/siliconlabs/simplicitystudio/v4/developer/toolchains/gnu_arm/4.9_2015q3/bin/../lib/gcc/arm-none-eabi/4.9.3/../../../../arm-none-eabi/lib/armv7-m\libc_nano.a(lib_a-nano-mallocr.o)
                0x20000124                __malloc_sbrk_start
 .bss.__malloc_free_list
                0x20000128        0x4 e:/program files (x86)/siliconlabs/simplicitystudio/v4/developer/toolchains/gnu_arm/4.9_2015q3/bin/../lib/gcc/arm-none-eabi/4.9.3/../../../../arm-none-eabi/lib/armv7-m\libc_nano.a(lib_a-nano-mallocr.o)
                0x20000128                __malloc_free_list
 .bss.heap_end.4079
                0x2000012c        0x4 e:/program files (x86)/siliconlabs/simplicitystudio/v4/developer/toolchains/gnu_arm/4.9_2015q3/bin/../lib/gcc/arm-none-eabi/4.9.3/../../../../arm-none-eabi/lib/armv7-m\libnosys.a(sbrk.o)
 *(COMMON)
 COMMON         0x20000130       0x1f ./src/main.o
                0x20000130                key_pressed_right
                0x20000134                asteroids
                0x2000013c                msTicks
                0x20000140                segmentField
                0x2000014e                key_pressed_left
 *fill*         0x2000014f        0x1 
 COMMON         0x20000150        0x4 e:/program files (x86)/siliconlabs/simplicitystudio/v4/developer/toolchains/gnu_arm/4.9_2015q3/bin/../lib/gcc/arm-none-eabi/4.9.3/../../../../arm-none-eabi/lib/armv7-m\libc_nano.a(lib_a-reent.o)
                0x20000150                errno
                0x20000154                . = ALIGN (0x4)
                0x20000154                __bss_end__ = .

.heap           0x20000158      0xc00
                0x20000158                __HeapBase = .
                0x20000158                __end__ = .
                0x20000158                end = __end__
                0x20000158                _end = __end__
 *(.heap*)
 .heap          0x20000158      0xc00 ./CMSIS/EFM32GG/startup_gcc_efm32gg.o
                0x20000d58                __HeapLimit = .

.stack_dummy    0x20000158      0x400
 *(.stack*)
 .stack         0x20000158      0x400 ./CMSIS/EFM32GG/startup_gcc_efm32gg.o
                0x20020000                __StackTop = (ORIGIN (RAM) + 0x20000)
                0x2001fc00                __StackLimit = (__StackTop - SIZEOF (.stack_dummy))
                0x20020000                PROVIDE (__stack, __StackTop)
                0x00000001                ASSERT ((__StackLimit >= __HeapLimit), region RAM overflowed with stack)
                0x00000001                ASSERT ((0x100000 >= (__etext + SIZEOF (.data))), FLASH memory overflowed !)
OUTPUT(bambi_hf_v2.axf elf32-littlearm)

.ARM.attributes
                0x00000000       0x29
 .ARM.attributes
                0x00000000       0x1d e:/program files (x86)/siliconlabs/simplicitystudio/v4/developer/toolchains/gnu_arm/4.9_2015q3/bin/../lib/gcc/arm-none-eabi/4.9.3/armv7-m/crti.o
 .ARM.attributes
                0x0000001d       0x2d e:/program files (x86)/siliconlabs/simplicitystudio/v4/developer/toolchains/gnu_arm/4.9_2015q3/bin/../lib/gcc/arm-none-eabi/4.9.3/armv7-m/crtbegin.o
 .ARM.attributes
                0x0000004a       0x1b e:/program files (x86)/siliconlabs/simplicitystudio/v4/developer/toolchains/gnu_arm/4.9_2015q3/bin/../lib/gcc/arm-none-eabi/4.9.3/../../../../arm-none-eabi/lib/armv7-m/crt0.o
 .ARM.attributes
                0x00000065       0x33 ./BSP/bsp_stk_leds.o
 .ARM.attributes
                0x00000098       0x1b ./CMSIS/EFM32GG/startup_gcc_efm32gg.o
 .ARM.attributes
                0x000000b3       0x33 ./CMSIS/EFM32GG/system_efm32gg.o
 .ARM.attributes
                0x000000e6       0x33 ./emlib/em_cmu.o
 .ARM.attributes
                0x00000119       0x33 ./emlib/em_gpio.o
 .ARM.attributes
                0x0000014c       0x33 ./emlib/em_lcd.o
 .ARM.attributes
                0x0000017f       0x33 ./emlib/em_system.o
 .ARM.attributes
                0x000001b2       0x33 ./src/main.o
 .ARM.attributes
                0x000001e5       0x33 ./src/segmentlcd.o
 .ARM.attributes
                0x00000218       0x2d e:/program files (x86)/siliconlabs/simplicitystudio/v4/developer/toolchains/gnu_arm/4.9_2015q3/bin/../lib/gcc/arm-none-eabi/4.9.3/../../../../arm-none-eabi/lib/armv7-m\libc_nano.a(lib_a-abs.o)
 .ARM.attributes
                0x00000245       0x2d e:/program files (x86)/siliconlabs/simplicitystudio/v4/developer/toolchains/gnu_arm/4.9_2015q3/bin/../lib/gcc/arm-none-eabi/4.9.3/../../../../arm-none-eabi/lib/armv7-m\libc_nano.a(lib_a-exit.o)
 .ARM.attributes
                0x00000272       0x2d e:/program files (x86)/siliconlabs/simplicitystudio/v4/developer/toolchains/gnu_arm/4.9_2015q3/bin/../lib/gcc/arm-none-eabi/4.9.3/../../../../arm-none-eabi/lib/armv7-m\libc_nano.a(lib_a-impure.o)
 .ARM.attributes
                0x0000029f       0x2d e:/program files (x86)/siliconlabs/simplicitystudio/v4/developer/toolchains/gnu_arm/4.9_2015q3/bin/../lib/gcc/arm-none-eabi/4.9.3/../../../../arm-none-eabi/lib/armv7-m\libc_nano.a(lib_a-init.o)
 .ARM.attributes
                0x000002cc       0x2d e:/program files (x86)/siliconlabs/simplicitystudio/v4/developer/toolchains/gnu_arm/4.9_2015q3/bin/../lib/gcc/arm-none-eabi/4.9.3/../../../../arm-none-eabi/lib/armv7-m\libc_nano.a(lib_a-memcpy.o)
 .ARM.attributes
                0x000002f9       0x2d e:/program files (x86)/siliconlabs/simplicitystudio/v4/developer/toolchains/gnu_arm/4.9_2015q3/bin/../lib/gcc/arm-none-eabi/4.9.3/../../../../arm-none-eabi/lib/armv7-m\libc_nano.a(lib_a-memset.o)
 .ARM.attributes
                0x00000326       0x2d e:/program files (x86)/siliconlabs/simplicitystudio/v4/developer/toolchains/gnu_arm/4.9_2015q3/bin/../lib/gcc/arm-none-eabi/4.9.3/../../../../arm-none-eabi/lib/armv7-m\libc_nano.a(lib_a-rand.o)
 .ARM.attributes
                0x00000353       0x2d e:/program files (x86)/siliconlabs/simplicitystudio/v4/developer/toolchains/gnu_arm/4.9_2015q3/bin/../lib/gcc/arm-none-eabi/4.9.3/../../../../arm-none-eabi/lib/armv7-m\libc_nano.a(lib_a-snprintf.o)
 .ARM.attributes
                0x00000380       0x2d e:/program files (x86)/siliconlabs/simplicitystudio/v4/developer/toolchains/gnu_arm/4.9_2015q3/bin/../lib/gcc/arm-none-eabi/4.9.3/../../../../arm-none-eabi/lib/armv7-m\libc_nano.a(lib_a-strlen.o)
 .ARM.attributes
                0x000003ad       0x2d e:/program files (x86)/siliconlabs/simplicitystudio/v4/developer/toolchains/gnu_arm/4.9_2015q3/bin/../lib/gcc/arm-none-eabi/4.9.3/../../../../arm-none-eabi/lib/armv7-m\libc_nano.a(lib_a-malloc.o)
 .ARM.attributes
                0x000003da       0x2d e:/program files (x86)/siliconlabs/simplicitystudio/v4/developer/toolchains/gnu_arm/4.9_2015q3/bin/../lib/gcc/arm-none-eabi/4.9.3/../../../../arm-none-eabi/lib/armv7-m\libc_nano.a(lib_a-nano-freer.o)
 .ARM.attributes
                0x00000407       0x2d e:/program files (x86)/siliconlabs/simplicitystudio/v4/developer/toolchains/gnu_arm/4.9_2015q3/bin/../lib/gcc/arm-none-eabi/4.9.3/../../../../arm-none-eabi/lib/armv7-m\libc_nano.a(lib_a-nano-mallocr.o)
 .ARM.attributes
                0x00000434       0x2d e:/program files (x86)/siliconlabs/simplicitystudio/v4/developer/toolchains/gnu_arm/4.9_2015q3/bin/../lib/gcc/arm-none-eabi/4.9.3/../../../../arm-none-eabi/lib/armv7-m\libc_nano.a(lib_a-nano-svfprintf.o)
 .ARM.attributes
                0x00000461       0x2d e:/program files (x86)/siliconlabs/simplicitystudio/v4/developer/toolchains/gnu_arm/4.9_2015q3/bin/../lib/gcc/arm-none-eabi/4.9.3/../../../../arm-none-eabi/lib/armv7-m\libc_nano.a(lib_a-nano-vfprintf_i.o)
 .ARM.attributes
                0x0000048e       0x2d e:/program files (x86)/siliconlabs/simplicitystudio/v4/developer/toolchains/gnu_arm/4.9_2015q3/bin/../lib/gcc/arm-none-eabi/4.9.3/../../../../arm-none-eabi/lib/armv7-m\libc_nano.a(lib_a-sbrkr.o)
 .ARM.attributes
                0x000004bb       0x2d e:/program files (x86)/siliconlabs/simplicitystudio/v4/developer/toolchains/gnu_arm/4.9_2015q3/bin/../lib/gcc/arm-none-eabi/4.9.3/../../../../arm-none-eabi/lib/armv7-m\libc_nano.a(lib_a-memchr.o)
 .ARM.attributes
                0x000004e8       0x2d e:/program files (x86)/siliconlabs/simplicitystudio/v4/developer/toolchains/gnu_arm/4.9_2015q3/bin/../lib/gcc/arm-none-eabi/4.9.3/../../../../arm-none-eabi/lib/armv7-m\libc_nano.a(lib_a-memmove.o)
 .ARM.attributes
                0x00000515       0x2d e:/program files (x86)/siliconlabs/simplicitystudio/v4/developer/toolchains/gnu_arm/4.9_2015q3/bin/../lib/gcc/arm-none-eabi/4.9.3/../../../../arm-none-eabi/lib/armv7-m\libc_nano.a(lib_a-nano-reallocr.o)
 .ARM.attributes
                0x00000542       0x2d e:/program files (x86)/siliconlabs/simplicitystudio/v4/developer/toolchains/gnu_arm/4.9_2015q3/bin/../lib/gcc/arm-none-eabi/4.9.3/../../../../arm-none-eabi/lib/armv7-m\libc_nano.a(lib_a-reent.o)
 .ARM.attributes
                0x0000056f       0x2d e:/program files (x86)/siliconlabs/simplicitystudio/v4/developer/toolchains/gnu_arm/4.9_2015q3/bin/../lib/gcc/arm-none-eabi/4.9.3/../../../../arm-none-eabi/lib/armv7-m\libc_nano.a(lib_a-nano-msizer.o)
 .ARM.attributes
                0x0000059c       0x2d e:/program files (x86)/siliconlabs/simplicitystudio/v4/developer/toolchains/gnu_arm/4.9_2015q3/bin/../lib/gcc/arm-none-eabi/4.9.3/../../../../arm-none-eabi/lib/armv7-m\libnosys.a(sbrk.o)
 .ARM.attributes
                0x000005c9       0x2d e:/program files (x86)/siliconlabs/simplicitystudio/v4/developer/toolchains/gnu_arm/4.9_2015q3/bin/../lib/gcc/arm-none-eabi/4.9.3/../../../../arm-none-eabi/lib/armv7-m\libnosys.a(_exit.o)
 .ARM.attributes
                0x000005f6       0x2d e:/program files (x86)/siliconlabs/simplicitystudio/v4/developer/toolchains/gnu_arm/4.9_2015q3/bin/../lib/gcc/arm-none-eabi/4.9.3/armv7-m/crtend.o
 .ARM.attributes
                0x00000623       0x1d e:/program files (x86)/siliconlabs/simplicitystudio/v4/developer/toolchains/gnu_arm/4.9_2015q3/bin/../lib/gcc/arm-none-eabi/4.9.3/armv7-m/crtn.o

.comment        0x00000000       0x70
 .comment       0x00000000       0x70 ./BSP/bsp_stk_leds.o
                                 0x71 (size before relaxing)
 .comment       0x00000000       0x71 ./CMSIS/EFM32GG/system_efm32gg.o
 .comment       0x00000000       0x71 ./emlib/em_cmu.o
 .comment       0x00000000       0x71 ./emlib/em_gpio.o
 .comment       0x00000000       0x71 ./emlib/em_lcd.o
 .comment       0x00000000       0x71 ./emlib/em_system.o
 .comment       0x00000000       0x71 ./src/main.o
 .comment       0x00000000       0x71 ./src/segmentlcd.o

.debug_info     0x00000000     0x5f7e
 .debug_info    0x00000000      0x7b4 ./BSP/bsp_stk_leds.o
 .debug_info    0x000007b4       0x9e ./CMSIS/EFM32GG/startup_gcc_efm32gg.o
 .debug_info    0x00000852      0x582 ./CMSIS/EFM32GG/system_efm32gg.o
 .debug_info    0x00000dd4     0x1550 ./emlib/em_cmu.o
 .debug_info    0x00002324      0x65f ./emlib/em_gpio.o
 .debug_info    0x00002983      0xa45 ./emlib/em_lcd.o
 .debug_info    0x000033c8      0x276 ./emlib/em_system.o
 .debug_info    0x0000363e     0x15f3 ./src/main.o
 .debug_info    0x00004c31     0x134d ./src/segmentlcd.o

.debug_abbrev   0x00000000     0x1098
 .debug_abbrev  0x00000000      0x181 ./BSP/bsp_stk_leds.o
 .debug_abbrev  0x00000181       0x14 ./CMSIS/EFM32GG/startup_gcc_efm32gg.o
 .debug_abbrev  0x00000195      0x16d ./CMSIS/EFM32GG/system_efm32gg.o
 .debug_abbrev  0x00000302      0x2d1 ./emlib/em_cmu.o
 .debug_abbrev  0x000005d3      0x1c2 ./emlib/em_gpio.o
 .debug_abbrev  0x00000795      0x1c4 ./emlib/em_lcd.o
 .debug_abbrev  0x00000959      0x109 ./emlib/em_system.o
 .debug_abbrev  0x00000a62      0x44b ./src/main.o
 .debug_abbrev  0x00000ead      0x1eb ./src/segmentlcd.o

.debug_loc      0x00000000     0x3032
 .debug_loc     0x00000000      0x3f0 ./BSP/bsp_stk_leds.o
 .debug_loc     0x000003f0      0x31c ./CMSIS/EFM32GG/system_efm32gg.o
 .debug_loc     0x0000070c      0xda0 ./emlib/em_cmu.o
 .debug_loc     0x000014ac      0x3d0 ./emlib/em_gpio.o
 .debug_loc     0x0000187c      0x5ec ./emlib/em_lcd.o
 .debug_loc     0x00001e68       0xb8 ./emlib/em_system.o
 .debug_loc     0x00001f20      0xab6 ./src/main.o
 .debug_loc     0x000029d6      0x65c ./src/segmentlcd.o

.debug_aranges  0x00000000      0x5a8
 .debug_aranges
                0x00000000       0x78 ./BSP/bsp_stk_leds.o
 .debug_aranges
                0x00000078       0x20 ./CMSIS/EFM32GG/startup_gcc_efm32gg.o
 .debug_aranges
                0x00000098       0x70 ./CMSIS/EFM32GG/system_efm32gg.o
 .debug_aranges
                0x00000108      0x170 ./emlib/em_cmu.o
 .debug_aranges
                0x00000278       0x70 ./emlib/em_gpio.o
 .debug_aranges
                0x000002e8       0xa0 ./emlib/em_lcd.o
 .debug_aranges
                0x00000388       0x28 ./emlib/em_system.o
 .debug_aranges
                0x000003b0      0x130 ./src/main.o
 .debug_aranges
                0x000004e0       0xc8 ./src/segmentlcd.o

.debug_ranges   0x00000000      0x508
 .debug_ranges  0x00000000       0x68 ./BSP/bsp_stk_leds.o
 .debug_ranges  0x00000068       0x60 ./CMSIS/EFM32GG/system_efm32gg.o
 .debug_ranges  0x000000c8      0x160 ./emlib/em_cmu.o
 .debug_ranges  0x00000228       0x60 ./emlib/em_gpio.o
 .debug_ranges  0x00000288       0x90 ./emlib/em_lcd.o
 .debug_ranges  0x00000318       0x18 ./emlib/em_system.o
 .debug_ranges  0x00000330      0x120 ./src/main.o
 .debug_ranges  0x00000450       0xb8 ./src/segmentlcd.o

.debug_line     0x00000000     0x3110
 .debug_line    0x00000000      0x500 ./BSP/bsp_stk_leds.o
 .debug_line    0x00000500       0x72 ./CMSIS/EFM32GG/startup_gcc_efm32gg.o
 .debug_line    0x00000572      0x378 ./CMSIS/EFM32GG/system_efm32gg.o
 .debug_line    0x000008ea      0xac2 ./emlib/em_cmu.o
 .debug_line    0x000013ac      0x4cf ./emlib/em_gpio.o
 .debug_line    0x0000187b      0x524 ./emlib/em_lcd.o
 .debug_line    0x00001d9f      0x323 ./emlib/em_system.o
 .debug_line    0x000020c2      0x906 ./src/main.o
 .debug_line    0x000029c8      0x748 ./src/segmentlcd.o

.debug_str      0x00000000     0x2884
 .debug_str     0x00000000      0x749 ./BSP/bsp_stk_leds.o
                                0x79d (size before relaxing)
 .debug_str     0x00000749      0x28c ./CMSIS/EFM32GG/system_efm32gg.o
                                0x4b7 (size before relaxing)
 .debug_str     0x000009d5      0xa92 ./emlib/em_cmu.o
                               0x1076 (size before relaxing)
 .debug_str     0x00001467      0x14c ./emlib/em_gpio.o
                                0x5e5 (size before relaxing)
 .debug_str     0x000015b3      0x69d ./emlib/em_lcd.o
                                0x8de (size before relaxing)
 .debug_str     0x00001c50       0xac ./emlib/em_system.o
                                0x2c9 (size before relaxing)
 .debug_str     0x00001cfc      0x840 ./src/main.o
                               0x10d4 (size before relaxing)
 .debug_str     0x0000253c      0x348 ./src/segmentlcd.o
                                0xe2b (size before relaxing)

.debug_frame    0x00000000     0x1ae8
 .debug_frame   0x00000000      0x1d0 ./BSP/bsp_stk_leds.o
 .debug_frame   0x000001d0      0x180 ./CMSIS/EFM32GG/system_efm32gg.o
 .debug_frame   0x00000350      0x64c ./emlib/em_cmu.o
 .debug_frame   0x0000099c      0x1c0 ./emlib/em_gpio.o
 .debug_frame   0x00000b5c      0x2a8 ./emlib/em_lcd.o
 .debug_frame   0x00000e04       0x60 ./emlib/em_system.o
 .debug_frame   0x00000e64      0x500 ./src/main.o
 .debug_frame   0x00001364      0x310 ./src/segmentlcd.o
 .debug_frame   0x00001674       0x20 e:/program files (x86)/siliconlabs/simplicitystudio/v4/developer/toolchains/gnu_arm/4.9_2015q3/bin/../lib/gcc/arm-none-eabi/4.9.3/../../../../arm-none-eabi/lib/armv7-m\libc_nano.a(lib_a-abs.o)
 .debug_frame   0x00001694       0x28 e:/program files (x86)/siliconlabs/simplicitystudio/v4/developer/toolchains/gnu_arm/4.9_2015q3/bin/../lib/gcc/arm-none-eabi/4.9.3/../../../../arm-none-eabi/lib/armv7-m\libc_nano.a(lib_a-exit.o)
 .debug_frame   0x000016bc       0x2c e:/program files (x86)/siliconlabs/simplicitystudio/v4/developer/toolchains/gnu_arm/4.9_2015q3/bin/../lib/gcc/arm-none-eabi/4.9.3/../../../../arm-none-eabi/lib/armv7-m\libc_nano.a(lib_a-init.o)
 .debug_frame   0x000016e8       0x28 e:/program files (x86)/siliconlabs/simplicitystudio/v4/developer/toolchains/gnu_arm/4.9_2015q3/bin/../lib/gcc/arm-none-eabi/4.9.3/../../../../arm-none-eabi/lib/armv7-m\libc_nano.a(lib_a-memcpy.o)
 .debug_frame   0x00001710       0x20 e:/program files (x86)/siliconlabs/simplicitystudio/v4/developer/toolchains/gnu_arm/4.9_2015q3/bin/../lib/gcc/arm-none-eabi/4.9.3/../../../../arm-none-eabi/lib/armv7-m\libc_nano.a(lib_a-memset.o)
 .debug_frame   0x00001730       0x44 e:/program files (x86)/siliconlabs/simplicitystudio/v4/developer/toolchains/gnu_arm/4.9_2015q3/bin/../lib/gcc/arm-none-eabi/4.9.3/../../../../arm-none-eabi/lib/armv7-m\libc_nano.a(lib_a-rand.o)
 .debug_frame   0x00001774       0x74 e:/program files (x86)/siliconlabs/simplicitystudio/v4/developer/toolchains/gnu_arm/4.9_2015q3/bin/../lib/gcc/arm-none-eabi/4.9.3/../../../../arm-none-eabi/lib/armv7-m\libc_nano.a(lib_a-snprintf.o)
 .debug_frame   0x000017e8       0x20 e:/program files (x86)/siliconlabs/simplicitystudio/v4/developer/toolchains/gnu_arm/4.9_2015q3/bin/../lib/gcc/arm-none-eabi/4.9.3/../../../../arm-none-eabi/lib/armv7-m\libc_nano.a(lib_a-strlen.o)
 .debug_frame   0x00001808       0x30 e:/program files (x86)/siliconlabs/simplicitystudio/v4/developer/toolchains/gnu_arm/4.9_2015q3/bin/../lib/gcc/arm-none-eabi/4.9.3/../../../../arm-none-eabi/lib/armv7-m\libc_nano.a(lib_a-malloc.o)
 .debug_frame   0x00001838       0x2c e:/program files (x86)/siliconlabs/simplicitystudio/v4/developer/toolchains/gnu_arm/4.9_2015q3/bin/../lib/gcc/arm-none-eabi/4.9.3/../../../../arm-none-eabi/lib/armv7-m\libc_nano.a(lib_a-nano-freer.o)
 .debug_frame   0x00001864       0x2c e:/program files (x86)/siliconlabs/simplicitystudio/v4/developer/toolchains/gnu_arm/4.9_2015q3/bin/../lib/gcc/arm-none-eabi/4.9.3/../../../../arm-none-eabi/lib/armv7-m\libc_nano.a(lib_a-nano-mallocr.o)
 .debug_frame   0x00001890       0x8c e:/program files (x86)/siliconlabs/simplicitystudio/v4/developer/toolchains/gnu_arm/4.9_2015q3/bin/../lib/gcc/arm-none-eabi/4.9.3/../../../../arm-none-eabi/lib/armv7-m\libc_nano.a(lib_a-nano-svfprintf.o)
 .debug_frame   0x0000191c       0x58 e:/program files (x86)/siliconlabs/simplicitystudio/v4/developer/toolchains/gnu_arm/4.9_2015q3/bin/../lib/gcc/arm-none-eabi/4.9.3/../../../../arm-none-eabi/lib/armv7-m\libc_nano.a(lib_a-nano-vfprintf_i.o)
 .debug_frame   0x00001974       0x2c e:/program files (x86)/siliconlabs/simplicitystudio/v4/developer/toolchains/gnu_arm/4.9_2015q3/bin/../lib/gcc/arm-none-eabi/4.9.3/../../../../arm-none-eabi/lib/armv7-m\libc_nano.a(lib_a-sbrkr.o)
 .debug_frame   0x000019a0       0x28 e:/program files (x86)/siliconlabs/simplicitystudio/v4/developer/toolchains/gnu_arm/4.9_2015q3/bin/../lib/gcc/arm-none-eabi/4.9.3/../../../../arm-none-eabi/lib/armv7-m\libc_nano.a(lib_a-memchr.o)
 .debug_frame   0x000019c8       0x28 e:/program files (x86)/siliconlabs/simplicitystudio/v4/developer/toolchains/gnu_arm/4.9_2015q3/bin/../lib/gcc/arm-none-eabi/4.9.3/../../../../arm-none-eabi/lib/armv7-m\libc_nano.a(lib_a-memmove.o)
 .debug_frame   0x000019f0       0x3c e:/program files (x86)/siliconlabs/simplicitystudio/v4/developer/toolchains/gnu_arm/4.9_2015q3/bin/../lib/gcc/arm-none-eabi/4.9.3/../../../../arm-none-eabi/lib/armv7-m\libc_nano.a(lib_a-nano-reallocr.o)
 .debug_frame   0x00001a2c       0x5c e:/program files (x86)/siliconlabs/simplicitystudio/v4/developer/toolchains/gnu_arm/4.9_2015q3/bin/../lib/gcc/arm-none-eabi/4.9.3/../../../../arm-none-eabi/lib/armv7-m\libc_nano.a(lib_a-reent.o)
 .debug_frame   0x00001a88       0x20 e:/program files (x86)/siliconlabs/simplicitystudio/v4/developer/toolchains/gnu_arm/4.9_2015q3/bin/../lib/gcc/arm-none-eabi/4.9.3/../../../../arm-none-eabi/lib/armv7-m\libc_nano.a(lib_a-nano-msizer.o)
 .debug_frame   0x00001aa8       0x20 e:/program files (x86)/siliconlabs/simplicitystudio/v4/developer/toolchains/gnu_arm/4.9_2015q3/bin/../lib/gcc/arm-none-eabi/4.9.3/../../../../arm-none-eabi/lib/armv7-m\libnosys.a(sbrk.o)
 .debug_frame   0x00001ac8       0x20 e:/program files (x86)/siliconlabs/simplicitystudio/v4/developer/toolchains/gnu_arm/4.9_2015q3/bin/../lib/gcc/arm-none-eabi/4.9.3/../../../../arm-none-eabi/lib/armv7-m\libnosys.a(_exit.o)
