Archive member included because of file (symbol)

c:/siliconlabs/simplicitystudio/v4/developer/toolchains/gnu_arm/4.9_2015q3/bin/../lib/gcc/arm-none-eabi/4.9.3/armv7-m\libgcc.a(_aeabi_uldivmod.o)
                              ./emlib/em_usart.o (__aeabi_uldivmod)
c:/siliconlabs/simplicitystudio/v4/developer/toolchains/gnu_arm/4.9_2015q3/bin/../lib/gcc/arm-none-eabi/4.9.3/armv7-m\libgcc.a(bpabi.o)
                              c:/siliconlabs/simplicitystudio/v4/developer/toolchains/gnu_arm/4.9_2015q3/bin/../lib/gcc/arm-none-eabi/4.9.3/armv7-m\libgcc.a(_aeabi_uldivmod.o) (__gnu_uldivmod_helper)
c:/siliconlabs/simplicitystudio/v4/developer/toolchains/gnu_arm/4.9_2015q3/bin/../lib/gcc/arm-none-eabi/4.9.3/armv7-m\libgcc.a(_dvmd_tls.o)
                              c:/siliconlabs/simplicitystudio/v4/developer/toolchains/gnu_arm/4.9_2015q3/bin/../lib/gcc/arm-none-eabi/4.9.3/armv7-m\libgcc.a(_aeabi_uldivmod.o) (__aeabi_ldiv0)
c:/siliconlabs/simplicitystudio/v4/developer/toolchains/gnu_arm/4.9_2015q3/bin/../lib/gcc/arm-none-eabi/4.9.3/armv7-m\libgcc.a(_divdi3.o)
                              c:/siliconlabs/simplicitystudio/v4/developer/toolchains/gnu_arm/4.9_2015q3/bin/../lib/gcc/arm-none-eabi/4.9.3/armv7-m\libgcc.a(bpabi.o) (__divdi3)
c:/siliconlabs/simplicitystudio/v4/developer/toolchains/gnu_arm/4.9_2015q3/bin/../lib/gcc/arm-none-eabi/4.9.3/armv7-m\libgcc.a(_udivdi3.o)
                              c:/siliconlabs/simplicitystudio/v4/developer/toolchains/gnu_arm/4.9_2015q3/bin/../lib/gcc/arm-none-eabi/4.9.3/armv7-m\libgcc.a(bpabi.o) (__udivdi3)
c:/siliconlabs/simplicitystudio/v4/developer/toolchains/gnu_arm/4.9_2015q3/bin/../lib/gcc/arm-none-eabi/4.9.3/../../../../arm-none-eabi/lib/armv7-m\libc_nano.a(lib_a-abs.o)
                              ./src/segmentlcd.o (abs)
c:/siliconlabs/simplicitystudio/v4/developer/toolchains/gnu_arm/4.9_2015q3/bin/../lib/gcc/arm-none-eabi/4.9.3/../../../../arm-none-eabi/lib/armv7-m\libc_nano.a(lib_a-exit.o)
                              c:/siliconlabs/simplicitystudio/v4/developer/toolchains/gnu_arm/4.9_2015q3/bin/../lib/gcc/arm-none-eabi/4.9.3/../../../../arm-none-eabi/lib/armv7-m/crt0.o (exit)
c:/siliconlabs/simplicitystudio/v4/developer/toolchains/gnu_arm/4.9_2015q3/bin/../lib/gcc/arm-none-eabi/4.9.3/../../../../arm-none-eabi/lib/armv7-m\libc_nano.a(lib_a-impure.o)
                              c:/siliconlabs/simplicitystudio/v4/developer/toolchains/gnu_arm/4.9_2015q3/bin/../lib/gcc/arm-none-eabi/4.9.3/../../../../arm-none-eabi/lib/armv7-m\libc_nano.a(lib_a-exit.o) (_global_impure_ptr)
c:/siliconlabs/simplicitystudio/v4/developer/toolchains/gnu_arm/4.9_2015q3/bin/../lib/gcc/arm-none-eabi/4.9.3/../../../../arm-none-eabi/lib/armv7-m\libc_nano.a(lib_a-init.o)
                              c:/siliconlabs/simplicitystudio/v4/developer/toolchains/gnu_arm/4.9_2015q3/bin/../lib/gcc/arm-none-eabi/4.9.3/../../../../arm-none-eabi/lib/armv7-m/crt0.o (__libc_init_array)
c:/siliconlabs/simplicitystudio/v4/developer/toolchains/gnu_arm/4.9_2015q3/bin/../lib/gcc/arm-none-eabi/4.9.3/../../../../arm-none-eabi/lib/armv7-m\libc_nano.a(lib_a-memcpy.o)
                              ./BSP/bsp_stk.o (memcpy)
c:/siliconlabs/simplicitystudio/v4/developer/toolchains/gnu_arm/4.9_2015q3/bin/../lib/gcc/arm-none-eabi/4.9.3/../../../../arm-none-eabi/lib/armv7-m\libc_nano.a(lib_a-memset.o)
                              c:/siliconlabs/simplicitystudio/v4/developer/toolchains/gnu_arm/4.9_2015q3/bin/../lib/gcc/arm-none-eabi/4.9.3/../../../../arm-none-eabi/lib/armv7-m/crt0.o (memset)
c:/siliconlabs/simplicitystudio/v4/developer/toolchains/gnu_arm/4.9_2015q3/bin/../lib/gcc/arm-none-eabi/4.9.3/../../../../arm-none-eabi/lib/armv7-m\libc_nano.a(lib_a-strlen.o)
                              ./src/segmentlcd.o (strlen)
c:/siliconlabs/simplicitystudio/v4/developer/toolchains/gnu_arm/4.9_2015q3/bin/../lib/gcc/arm-none-eabi/4.9.3/../../../../arm-none-eabi/lib/armv7-m\libnosys.a(_exit.o)
                              c:/siliconlabs/simplicitystudio/v4/developer/toolchains/gnu_arm/4.9_2015q3/bin/../lib/gcc/arm-none-eabi/4.9.3/../../../../arm-none-eabi/lib/armv7-m\libc_nano.a(lib_a-exit.o) (_exit)

Allocating common symbols
Common symbol       size              file

ship                0x4               ./src/main.o
asteroids           0x6               ./src/main.o
msTicks             0x4               ./src/main.o

Discarded input sections

 .text          0x00000000        0x0 c:/siliconlabs/simplicitystudio/v4/developer/toolchains/gnu_arm/4.9_2015q3/bin/../lib/gcc/arm-none-eabi/4.9.3/armv7-m/crti.o
 .data          0x00000000        0x0 c:/siliconlabs/simplicitystudio/v4/developer/toolchains/gnu_arm/4.9_2015q3/bin/../lib/gcc/arm-none-eabi/4.9.3/armv7-m/crti.o
 .bss           0x00000000        0x0 c:/siliconlabs/simplicitystudio/v4/developer/toolchains/gnu_arm/4.9_2015q3/bin/../lib/gcc/arm-none-eabi/4.9.3/armv7-m/crti.o
 .data          0x00000000        0x4 c:/siliconlabs/simplicitystudio/v4/developer/toolchains/gnu_arm/4.9_2015q3/bin/../lib/gcc/arm-none-eabi/4.9.3/armv7-m/crtbegin.o
 .data          0x00000000        0x0 c:/siliconlabs/simplicitystudio/v4/developer/toolchains/gnu_arm/4.9_2015q3/bin/../lib/gcc/arm-none-eabi/4.9.3/../../../../arm-none-eabi/lib/armv7-m/crt0.o
 .bss           0x00000000        0x0 c:/siliconlabs/simplicitystudio/v4/developer/toolchains/gnu_arm/4.9_2015q3/bin/../lib/gcc/arm-none-eabi/4.9.3/../../../../arm-none-eabi/lib/armv7-m/crt0.o
 .ARM.extab     0x00000000        0x0 c:/siliconlabs/simplicitystudio/v4/developer/toolchains/gnu_arm/4.9_2015q3/bin/../lib/gcc/arm-none-eabi/4.9.3/../../../../arm-none-eabi/lib/armv7-m/crt0.o
 .text          0x00000000        0x0 ./BSP/bsp_bcc.o
 .data          0x00000000        0x0 ./BSP/bsp_bcc.o
 .bss           0x00000000        0x0 ./BSP/bsp_bcc.o
 .bss.rxByteCount
                0x00000000        0x4 ./BSP/bsp_bcc.o
 .bss.txByteCount
                0x00000000        0x4 ./BSP/bsp_bcc.o
 .text.BSP_BccDeInit
                0x00000000       0x40 ./BSP/bsp_bcc.o
 .rodata        0x00000000       0x18 ./BSP/bsp_bcc.o
 .text.BSP_BccInit
                0x00000000       0x74 ./BSP/bsp_bcc.o
 .text.BSP_BccPacketReceive
                0x00000000       0xac ./BSP/bsp_bcc.o
 .text.BSP_BccPacketSend
                0x00000000       0x68 ./BSP/bsp_bcc.o
 .text.BSP_BccPinsEnable
                0x00000000       0x80 ./BSP/bsp_bcc.o
 .text.RxByte   0x00000000       0x3c ./BSP/bsp_bcc.o
 .text.TxByte   0x00000000       0x3c ./BSP/bsp_bcc.o
 .debug_info    0x00000000      0x847 ./BSP/bsp_bcc.o
 .debug_abbrev  0x00000000      0x1c6 ./BSP/bsp_bcc.o
 .debug_loc     0x00000000      0x224 ./BSP/bsp_bcc.o
 .debug_aranges
                0x00000000       0x50 ./BSP/bsp_bcc.o
 .debug_ranges  0x00000000       0x40 ./BSP/bsp_bcc.o
 .debug_line    0x00000000      0x3e8 ./BSP/bsp_bcc.o
 .debug_str     0x00000000      0xa7d ./BSP/bsp_bcc.o
 .comment       0x00000000       0x71 ./BSP/bsp_bcc.o
 .debug_frame   0x00000000      0x114 ./BSP/bsp_bcc.o
 .ARM.attributes
                0x00000000       0x33 ./BSP/bsp_bcc.o
 .text          0x00000000        0x0 ./BSP/bsp_stk.o
 .data          0x00000000        0x0 ./BSP/bsp_stk.o
 .bss           0x00000000        0x0 ./BSP/bsp_stk.o
 .text.BSP_Disable
                0x00000000       0x14 ./BSP/bsp_stk.o
 .rodata        0x00000000       0x50 ./BSP/bsp_stk.o
 .text.BSP_EbiInit
                0x00000000      0x118 ./BSP/bsp_stk.o
 .text.BSP_EbiDeInit
                0x00000000       0x10 ./BSP/bsp_stk.o
 .text.BSP_IOExpGetDeviceId
                0x00000000       0x10 ./BSP/bsp_stk.o
 .text.BSP_Init
                0x00000000       0x20 ./BSP/bsp_stk.o
 .text.BSP_PeripheralAccess
                0x00000000       0x20 ./BSP/bsp_stk.o
 .text.BSP_CurrentGet
                0x00000000       0x44 ./BSP/bsp_stk.o
 .text.BSP_VoltageGet
                0x00000000       0x44 ./BSP/bsp_stk.o
 .debug_info    0x00000000      0xacf ./BSP/bsp_stk.o
 .debug_abbrev  0x00000000      0x1ae ./BSP/bsp_stk.o
 .debug_loc     0x00000000      0x256 ./BSP/bsp_stk.o
 .debug_aranges
                0x00000000       0x58 ./BSP/bsp_stk.o
 .debug_ranges  0x00000000       0x48 ./BSP/bsp_stk.o
 .debug_line    0x00000000      0x3c1 ./BSP/bsp_stk.o
 .debug_str     0x00000000      0xc2d ./BSP/bsp_stk.o
 .comment       0x00000000       0x71 ./BSP/bsp_stk.o
 .debug_frame   0x00000000      0x124 ./BSP/bsp_stk.o
 .ARM.attributes
                0x00000000       0x33 ./BSP/bsp_stk.o
 .text          0x00000000        0x0 ./BSP/bsp_stk_leds.o
 .data          0x00000000        0x0 ./BSP/bsp_stk_leds.o
 .bss           0x00000000        0x0 ./BSP/bsp_stk_leds.o
 .text.BUS_RegBitRead
                0x00000000       0x2c ./BSP/bsp_stk_leds.o
 .text.GPIO_PinOutGet
                0x00000000       0x54 ./BSP/bsp_stk_leds.o
 .text.GPIO_PinOutToggle
                0x00000000       0x58 ./BSP/bsp_stk_leds.o
 .text.BSP_LedsGet
                0x00000000       0x68 ./BSP/bsp_stk_leds.o
 .text.BSP_LedClear
                0x00000000       0x44 ./BSP/bsp_stk_leds.o
 .text.BSP_LedGet
                0x00000000       0x48 ./BSP/bsp_stk_leds.o
 .text.BSP_LedToggle
                0x00000000       0x44 ./BSP/bsp_stk_leds.o
 .text          0x00000000        0x0 ./BSP/bsp_trace.o
 .data          0x00000000        0x0 ./BSP/bsp_trace.o
 .bss           0x00000000        0x0 ./BSP/bsp_trace.o
 .data          0x00000000        0x0 ./CMSIS/EFM32GG/startup_gcc_efm32gg.o
 .bss           0x00000000        0x0 ./CMSIS/EFM32GG/startup_gcc_efm32gg.o
 .text          0x00000000        0x0 ./CMSIS/EFM32GG/system_efm32gg.o
 .data          0x00000000        0x0 ./CMSIS/EFM32GG/system_efm32gg.o
 .bss           0x00000000        0x0 ./CMSIS/EFM32GG/system_efm32gg.o
 .text.SystemHFXOClockSet
                0x00000000       0x2c ./CMSIS/EFM32GG/system_efm32gg.o
 .text.SystemLFXOClockSet
                0x00000000       0x2c ./CMSIS/EFM32GG/system_efm32gg.o
 .text          0x00000000        0x0 ./emlib/em_assert.o
 .data          0x00000000        0x0 ./emlib/em_assert.o
 .bss           0x00000000        0x0 ./emlib/em_assert.o
 .debug_line    0x00000000        0x0 ./emlib/em_assert.o
 .debug_str     0x00000000      0x116 ./emlib/em_assert.o
 .comment       0x00000000       0x71 ./emlib/em_assert.o
 .ARM.attributes
                0x00000000       0x33 ./emlib/em_assert.o
 .text          0x00000000        0x0 ./emlib/em_cmu.o
 .data          0x00000000        0x0 ./emlib/em_cmu.o
 .bss           0x00000000        0x0 ./emlib/em_cmu.o
 .text.BUS_RegMaskedWrite
                0x00000000       0x28 ./emlib/em_cmu.o
 .text.CMU_Log2ToDiv
                0x00000000       0x1c ./emlib/em_cmu.o
 .text.CMU_AUXHFRCOBandGet
                0x00000000       0x20 ./emlib/em_cmu.o
 .text.CMU_AUXHFRCOBandSet
                0x00000000       0xb0 ./emlib/em_cmu.o
 .text.CMU_Calibrate
                0x00000000       0x88 ./emlib/em_cmu.o
 .text.CMU_CalibrateConfig
                0x00000000       0xd8 ./emlib/em_cmu.o
 .text.CMU_CalibrateCountGet
                0x00000000       0x38 ./emlib/em_cmu.o
 .text.CMU_ClockDivGet
                0x00000000      0x174 ./emlib/em_cmu.o
 .text.CMU_FreezeEnable
                0x00000000       0x38 ./emlib/em_cmu.o
 .text.CMU_HFRCOBandGet
                0x00000000       0x20 ./emlib/em_cmu.o
 .text.CMU_HFRCOStartupDelayGet
                0x00000000       0x1c ./emlib/em_cmu.o
 .text.CMU_HFRCOStartupDelaySet
                0x00000000       0x30 ./emlib/em_cmu.o
 .text.CMU_HFXOInit
                0x00000000       0x58 ./emlib/em_cmu.o
 .text.CMU_LCDClkFDIVGet
                0x00000000       0x1c ./emlib/em_cmu.o
 .text.CMU_LFXOInit
                0x00000000       0x78 ./emlib/em_cmu.o
 .text.CMU_OscillatorTuningGet
                0x00000000       0x50 ./emlib/em_cmu.o
 .text.CMU_OscillatorTuningSet
                0x00000000       0x74 ./emlib/em_cmu.o
 .text.CMU_PCNTClockExternalGet
                0x00000000       0x60 ./emlib/em_cmu.o
 .text.CMU_PCNTClockExternalSet
                0x00000000       0x34 ./emlib/em_cmu.o
 .text          0x00000000        0x0 ./emlib/em_ebi.o
 .data          0x00000000        0x0 ./emlib/em_ebi.o
 .bss           0x00000000        0x0 ./emlib/em_ebi.o
 .text.EBI_TFTFrameBaseSet
                0x00000000       0x1c ./emlib/em_ebi.o
 .text.BUS_RegBitWrite
                0x00000000       0x2c ./emlib/em_ebi.o
 .text.EBI_RouteBitWrite
                0x00000000       0x20 ./emlib/em_ebi.o
 .text.EBI_Init
                0x00000000      0x370 ./emlib/em_ebi.o
 .text.EBI_Disable
                0x00000000       0x1c ./emlib/em_ebi.o
 .text.EBI_BankEnable
                0x00000000       0x70 ./emlib/em_ebi.o
 .text.EBI_BankAddress
                0x00000000       0xec ./emlib/em_ebi.o
 .text.EBI_ChipSelectEnable
                0x00000000       0x64 ./emlib/em_ebi.o
 .text.EBI_PolaritySet
                0x00000000       0xf4 ./emlib/em_ebi.o
 .text.EBI_ReadTimingSet
                0x00000000       0x40 ./emlib/em_ebi.o
 .text.EBI_WriteTimingSet
                0x00000000       0x40 ./emlib/em_ebi.o
 .text.EBI_AddressTimingSet
                0x00000000       0x38 ./emlib/em_ebi.o
 .text.EBI_TFTInit
                0x00000000      0x100 ./emlib/em_ebi.o
 .text.EBI_TFTSizeSet
                0x00000000       0x28 ./emlib/em_ebi.o
 .text.EBI_TFTHPorchSet
                0x00000000       0x30 ./emlib/em_ebi.o
 .text.EBI_TFTVPorchSet
                0x00000000       0x30 ./emlib/em_ebi.o
 .text.EBI_TFTTimingSet
                0x00000000       0x34 ./emlib/em_ebi.o
 .text.EBI_BankReadTimingConfig
                0x00000000       0xe8 ./emlib/em_ebi.o
 .text.EBI_BankReadTimingSet
                0x00000000       0xa4 ./emlib/em_ebi.o
 .text.EBI_BankWriteTimingConfig
                0x00000000       0xb0 ./emlib/em_ebi.o
 .text.EBI_BankWriteTimingSet
                0x00000000       0xa4 ./emlib/em_ebi.o
 .text.EBI_BankAddressTimingConfig
                0x00000000       0x7c ./emlib/em_ebi.o
 .text.EBI_BankAddressTimingSet
                0x00000000       0x9c ./emlib/em_ebi.o
 .text.EBI_BankPolaritySet
                0x00000000      0x164 ./emlib/em_ebi.o
 .text.EBI_BankByteLaneEnable
                0x00000000       0x70 ./emlib/em_ebi.o
 .text.EBI_AltMapEnable
                0x00000000       0x20 ./emlib/em_ebi.o
 .debug_info    0x00000000     0x10f9 ./emlib/em_ebi.o
 .debug_abbrev  0x00000000      0x1fc ./emlib/em_ebi.o
 .debug_loc     0x00000000      0x8b0 ./emlib/em_ebi.o
 .debug_aranges
                0x00000000       0xe8 ./emlib/em_ebi.o
 .debug_ranges  0x00000000       0xd8 ./emlib/em_ebi.o
 .debug_line    0x00000000      0x606 ./emlib/em_ebi.o
 .debug_str     0x00000000      0xde8 ./emlib/em_ebi.o
 .comment       0x00000000       0x71 ./emlib/em_ebi.o
 .debug_frame   0x00000000      0x3ec ./emlib/em_ebi.o
 .ARM.attributes
                0x00000000       0x33 ./emlib/em_ebi.o
 .text          0x00000000        0x0 ./emlib/em_emu.o
 .data          0x00000000        0x0 ./emlib/em_emu.o
 .bss           0x00000000        0x0 ./emlib/em_emu.o
 .text.SystemCoreClockUpdate
                0x00000000        0xc ./emlib/em_emu.o
 .text.BUS_RegBitWrite
                0x00000000       0x2c ./emlib/em_emu.o
 .text.EMU_BUPinEnable
                0x00000000       0x20 ./emlib/em_emu.o
 .text.EMU_Unlock
                0x00000000       0x18 ./emlib/em_emu.o
 .text.CMU_Lock
                0x00000000       0x18 ./emlib/em_emu.o
 .text.CMU_Unlock
                0x00000000       0x1c ./emlib/em_emu.o
 .text.emState  0x00000000       0xd0 ./emlib/em_emu.o
 .text.getErrataFixEmuE107En
                0x00000000       0x64 ./emlib/em_emu.o
 .text.EMU_EnterEM2
                0x00000000       0x8c ./emlib/em_emu.o
 .text.EMU_EnterEM3
                0x00000000       0xb4 ./emlib/em_emu.o
 .text.EMU_Save
                0x00000000        0xc ./emlib/em_emu.o
 .text.EMU_Restore
                0x00000000        0xc ./emlib/em_emu.o
 .text.EMU_EnterEM4
                0x00000000       0x50 ./emlib/em_emu.o
 .text.EMU_MemPwrDown
                0x00000000       0x20 ./emlib/em_emu.o
 .text.EMU_RamPowerDown
                0x00000000       0x7c ./emlib/em_emu.o
 .text.EMU_UpdateOscConfig
                0x00000000        0xc ./emlib/em_emu.o
 .text.EMU_EM23Init
                0x00000000       0x34 ./emlib/em_emu.o
 .text.EMU_EM4Init
                0x00000000       0x50 ./emlib/em_emu.o
 .text.EMU_BUPDInit
                0x00000000       0xd4 ./emlib/em_emu.o
 .text.EMU_BUThresholdSet
                0x00000000       0x4c ./emlib/em_emu.o
 .text.EMU_BUThresRangeSet
                0x00000000       0x50 ./emlib/em_emu.o
 .bss.cmuStatus.5502
                0x00000000        0x4 ./emlib/em_emu.o
 .bss.hfClock.5503
                0x00000000        0x1 ./emlib/em_emu.o
 .debug_info    0x00000000     0x1043 ./emlib/em_emu.o
 .debug_abbrev  0x00000000      0x279 ./emlib/em_emu.o
 .debug_loc     0x00000000      0x63c ./emlib/em_emu.o
 .debug_aranges
                0x00000000       0xc0 ./emlib/em_emu.o
 .debug_ranges  0x00000000       0xb0 ./emlib/em_emu.o
 .debug_line    0x00000000      0x57e ./emlib/em_emu.o
 .debug_str     0x00000000      0xbd1 ./emlib/em_emu.o
 .comment       0x00000000       0x71 ./emlib/em_emu.o
 .debug_frame   0x00000000      0x2f8 ./emlib/em_emu.o
 .ARM.attributes
                0x00000000       0x33 ./emlib/em_emu.o
 .text          0x00000000        0x0 ./emlib/em_gpio.o
 .data          0x00000000        0x0 ./emlib/em_gpio.o
 .bss           0x00000000        0x0 ./emlib/em_gpio.o
 .text.BUS_RegBitWrite
                0x00000000       0x2c ./emlib/em_gpio.o
 .text.BUS_RegMaskedWrite
                0x00000000       0x28 ./emlib/em_gpio.o
 .text.GPIO_EM4SetPinRetention
                0x00000000       0x40 ./emlib/em_gpio.o
 .text.GPIO_DbgLocationSet
                0x00000000       0x2c ./emlib/em_gpio.o
 .text.GPIO_DriveModeSet
                0x00000000       0x70 ./emlib/em_gpio.o
 .text.GPIO_ExtIntConfig
                0x00000000       0xd4 ./emlib/em_gpio.o
 .text.GPIO_PinModeGet
                0x00000000       0x8c ./emlib/em_gpio.o
 .text.GPIO_EM4EnablePinWakeup
                0x00000000       0x58 ./emlib/em_gpio.o
 .text          0x00000000        0x0 ./emlib/em_lcd.o
 .data          0x00000000        0x0 ./emlib/em_lcd.o
 .bss           0x00000000        0x0 ./emlib/em_lcd.o
 .text.LCD_AnimEnable
                0x00000000       0x38 ./emlib/em_lcd.o
 .text.LCD_FrameCountEnable
                0x00000000       0x38 ./emlib/em_lcd.o
 .text.LCD_UpdateCtrl
                0x00000000       0x28 ./emlib/em_lcd.o
 .text.LCD_FrameCountInit
                0x00000000       0x48 ./emlib/em_lcd.o
 .text.LCD_AnimInit
                0x00000000       0x88 ./emlib/em_lcd.o
 .text.LCD_ContrastSet
                0x00000000       0x28 ./emlib/em_lcd.o
 .text.LCD_BiasSegmentSet
                0x00000000      0x104 ./emlib/em_lcd.o
 .text.LCD_BiasComSet
                0x00000000       0x40 ./emlib/em_lcd.o
 .text          0x00000000        0x0 ./emlib/em_system.o
 .data          0x00000000        0x0 ./emlib/em_system.o
 .bss           0x00000000        0x0 ./emlib/em_system.o
 .text.SYSTEM_GetCalibrationValue
                0x00000000       0x5c ./emlib/em_system.o
 .text          0x00000000        0x0 ./emlib/em_usart.o
 .data          0x00000000        0x0 ./emlib/em_usart.o
 .bss           0x00000000        0x0 ./emlib/em_usart.o
 .text.USART_BaudrateAsyncSet
                0x00000000       0xb0 ./emlib/em_usart.o
 .text.USART_BaudrateCalc
                0x00000000      0x124 ./emlib/em_usart.o
 .text.USART_BaudrateGet
                0x00000000       0x50 ./emlib/em_usart.o
 .text.USART_BaudrateSyncSet
                0x00000000       0x40 ./emlib/em_usart.o
 .text.USART_Enable
                0x00000000       0x70 ./emlib/em_usart.o
 .text.USART_InitAsync
                0x00000000       0xb4 ./emlib/em_usart.o
 .text.USART_InitSync
                0x00000000       0xcc ./emlib/em_usart.o
 .text.USARTn_InitIrDA
                0x00000000       0x70 ./emlib/em_usart.o
 .text.USART_InitI2s
                0x00000000       0x94 ./emlib/em_usart.o
 .text.USART_InitPrsTrigger
                0x00000000       0x60 ./emlib/em_usart.o
 .text.USART_Reset
                0x00000000       0xb0 ./emlib/em_usart.o
 .text.USART_Rx
                0x00000000       0x28 ./emlib/em_usart.o
 .text.USART_RxDouble
                0x00000000       0x28 ./emlib/em_usart.o
 .text.USART_RxDoubleExt
                0x00000000       0x28 ./emlib/em_usart.o
 .text.USART_RxExt
                0x00000000       0x28 ./emlib/em_usart.o
 .text.USART_SpiTransfer
                0x00000000       0x40 ./emlib/em_usart.o
 .text.USART_Tx
                0x00000000       0x2c ./emlib/em_usart.o
 .text.USART_TxDouble
                0x00000000       0x2c ./emlib/em_usart.o
 .text.USART_TxDoubleExt
                0x00000000       0x28 ./emlib/em_usart.o
 .text.USART_TxExt
                0x00000000       0x2c ./emlib/em_usart.o
 .debug_info    0x00000000      0xebf ./emlib/em_usart.o
 .debug_abbrev  0x00000000      0x1c7 ./emlib/em_usart.o
 .debug_loc     0x00000000      0x6d2 ./emlib/em_usart.o
 .debug_aranges
                0x00000000       0xb8 ./emlib/em_usart.o
 .debug_ranges  0x00000000       0xa8 ./emlib/em_usart.o
 .debug_line    0x00000000      0x5c5 ./emlib/em_usart.o
 .debug_str     0x00000000      0xde1 ./emlib/em_usart.o
 .comment       0x00000000       0x71 ./emlib/em_usart.o
 .debug_frame   0x00000000      0x310 ./emlib/em_usart.o
 .ARM.attributes
                0x00000000       0x33 ./emlib/em_usart.o
 .text          0x00000000        0x0 ./src/main.o
 .data          0x00000000        0x0 ./src/main.o
 .bss           0x00000000        0x0 ./src/main.o
 .bss.score     0x00000000        0x2 ./src/main.o
 .text          0x00000000        0x0 ./src/segmentlcd.o
 .data          0x00000000        0x0 ./src/segmentlcd.o
 .bss           0x00000000        0x0 ./src/segmentlcd.o
 .text.LCD_Enable
                0x00000000       0x38 ./src/segmentlcd.o
 .rodata.EFM_Alphabet
                0x00000000       0xb8 ./src/segmentlcd.o
 .rodata.EFM_Numbers
                0x00000000       0x22 ./src/segmentlcd.o
 .rodata.Blocks
                0x00000000        0x8 ./src/segmentlcd.o
 .rodata.signIndex
                0x00000000        0x2 ./src/segmentlcd.o
 .text.SegmentLCD_AllOn
                0x00000000       0xcc ./src/segmentlcd.o
 .text.SegmentLCD_ARing
                0x00000000       0x54 ./src/segmentlcd.o
 .text.SegmentLCD_Battery
                0x00000000       0x78 ./src/segmentlcd.o
 .text.SegmentLCD_Block
                0x00000000       0x30 ./src/segmentlcd.o
 .text.SegmentLCD_Disable
                0x00000000       0x28 ./src/segmentlcd.o
 .text.SegmentLCD_EnergyMode
                0x00000000       0x50 ./src/segmentlcd.o
 .text.SegmentLCD_LowerHex
                0x00000000       0x98 ./src/segmentlcd.o
 .rodata        0x00000000        0x8 ./src/segmentlcd.o
 .text.SegmentLCD_LowerNumber
                0x00000000       0xc4 ./src/segmentlcd.o
 .text.SegmentLCD_Number
                0x00000000      0x124 ./src/segmentlcd.o
 .text.SegmentLCD_NumberOff
                0x00000000       0x50 ./src/segmentlcd.o
 .text.SegmentLCD_Symbol
                0x00000000      0x130 ./src/segmentlcd.o
 .text.SegmentLCD_UnsignedHex
                0x00000000       0xc8 ./src/segmentlcd.o
 .text.SegmentLCD_Write
                0x00000000       0xd8 ./src/segmentlcd.o
 .text.displayBlock
                0x00000000      0x114 ./src/segmentlcd.o
 .text          0x00000000       0x30 c:/siliconlabs/simplicitystudio/v4/developer/toolchains/gnu_arm/4.9_2015q3/bin/../lib/gcc/arm-none-eabi/4.9.3/armv7-m\libgcc.a(_aeabi_uldivmod.o)
 .data          0x00000000        0x0 c:/siliconlabs/simplicitystudio/v4/developer/toolchains/gnu_arm/4.9_2015q3/bin/../lib/gcc/arm-none-eabi/4.9.3/armv7-m\libgcc.a(_aeabi_uldivmod.o)
 .bss           0x00000000        0x0 c:/siliconlabs/simplicitystudio/v4/developer/toolchains/gnu_arm/4.9_2015q3/bin/../lib/gcc/arm-none-eabi/4.9.3/armv7-m\libgcc.a(_aeabi_uldivmod.o)
 .debug_frame   0x00000000       0x28 c:/siliconlabs/simplicitystudio/v4/developer/toolchains/gnu_arm/4.9_2015q3/bin/../lib/gcc/arm-none-eabi/4.9.3/armv7-m\libgcc.a(_aeabi_uldivmod.o)
 .ARM.attributes
                0x00000000       0x1d c:/siliconlabs/simplicitystudio/v4/developer/toolchains/gnu_arm/4.9_2015q3/bin/../lib/gcc/arm-none-eabi/4.9.3/armv7-m\libgcc.a(_aeabi_uldivmod.o)
 .text          0x00000000       0x60 c:/siliconlabs/simplicitystudio/v4/developer/toolchains/gnu_arm/4.9_2015q3/bin/../lib/gcc/arm-none-eabi/4.9.3/armv7-m\libgcc.a(bpabi.o)
 .data          0x00000000        0x0 c:/siliconlabs/simplicitystudio/v4/developer/toolchains/gnu_arm/4.9_2015q3/bin/../lib/gcc/arm-none-eabi/4.9.3/armv7-m\libgcc.a(bpabi.o)
 .bss           0x00000000        0x0 c:/siliconlabs/simplicitystudio/v4/developer/toolchains/gnu_arm/4.9_2015q3/bin/../lib/gcc/arm-none-eabi/4.9.3/armv7-m\libgcc.a(bpabi.o)
 .debug_frame   0x00000000       0x54 c:/siliconlabs/simplicitystudio/v4/developer/toolchains/gnu_arm/4.9_2015q3/bin/../lib/gcc/arm-none-eabi/4.9.3/armv7-m\libgcc.a(bpabi.o)
 .ARM.attributes
                0x00000000       0x2d c:/siliconlabs/simplicitystudio/v4/developer/toolchains/gnu_arm/4.9_2015q3/bin/../lib/gcc/arm-none-eabi/4.9.3/armv7-m\libgcc.a(bpabi.o)
 .text          0x00000000        0x4 c:/siliconlabs/simplicitystudio/v4/developer/toolchains/gnu_arm/4.9_2015q3/bin/../lib/gcc/arm-none-eabi/4.9.3/armv7-m\libgcc.a(_dvmd_tls.o)
 .data          0x00000000        0x0 c:/siliconlabs/simplicitystudio/v4/developer/toolchains/gnu_arm/4.9_2015q3/bin/../lib/gcc/arm-none-eabi/4.9.3/armv7-m\libgcc.a(_dvmd_tls.o)
 .bss           0x00000000        0x0 c:/siliconlabs/simplicitystudio/v4/developer/toolchains/gnu_arm/4.9_2015q3/bin/../lib/gcc/arm-none-eabi/4.9.3/armv7-m\libgcc.a(_dvmd_tls.o)
 .ARM.attributes
                0x00000000       0x1d c:/siliconlabs/simplicitystudio/v4/developer/toolchains/gnu_arm/4.9_2015q3/bin/../lib/gcc/arm-none-eabi/4.9.3/armv7-m\libgcc.a(_dvmd_tls.o)
 .text          0x00000000      0x2ac c:/siliconlabs/simplicitystudio/v4/developer/toolchains/gnu_arm/4.9_2015q3/bin/../lib/gcc/arm-none-eabi/4.9.3/armv7-m\libgcc.a(_divdi3.o)
 .data          0x00000000        0x0 c:/siliconlabs/simplicitystudio/v4/developer/toolchains/gnu_arm/4.9_2015q3/bin/../lib/gcc/arm-none-eabi/4.9.3/armv7-m\libgcc.a(_divdi3.o)
 .bss           0x00000000        0x0 c:/siliconlabs/simplicitystudio/v4/developer/toolchains/gnu_arm/4.9_2015q3/bin/../lib/gcc/arm-none-eabi/4.9.3/armv7-m\libgcc.a(_divdi3.o)
 .ARM.extab     0x00000000        0x0 c:/siliconlabs/simplicitystudio/v4/developer/toolchains/gnu_arm/4.9_2015q3/bin/../lib/gcc/arm-none-eabi/4.9.3/armv7-m\libgcc.a(_divdi3.o)
 .ARM.exidx     0x00000000        0x8 c:/siliconlabs/simplicitystudio/v4/developer/toolchains/gnu_arm/4.9_2015q3/bin/../lib/gcc/arm-none-eabi/4.9.3/armv7-m\libgcc.a(_divdi3.o)
 .debug_frame   0x00000000       0x34 c:/siliconlabs/simplicitystudio/v4/developer/toolchains/gnu_arm/4.9_2015q3/bin/../lib/gcc/arm-none-eabi/4.9.3/armv7-m\libgcc.a(_divdi3.o)
 .ARM.attributes
                0x00000000       0x2d c:/siliconlabs/simplicitystudio/v4/developer/toolchains/gnu_arm/4.9_2015q3/bin/../lib/gcc/arm-none-eabi/4.9.3/armv7-m\libgcc.a(_divdi3.o)
 .text          0x00000000      0x270 c:/siliconlabs/simplicitystudio/v4/developer/toolchains/gnu_arm/4.9_2015q3/bin/../lib/gcc/arm-none-eabi/4.9.3/armv7-m\libgcc.a(_udivdi3.o)
 .data          0x00000000        0x0 c:/siliconlabs/simplicitystudio/v4/developer/toolchains/gnu_arm/4.9_2015q3/bin/../lib/gcc/arm-none-eabi/4.9.3/armv7-m\libgcc.a(_udivdi3.o)
 .bss           0x00000000        0x0 c:/siliconlabs/simplicitystudio/v4/developer/toolchains/gnu_arm/4.9_2015q3/bin/../lib/gcc/arm-none-eabi/4.9.3/armv7-m\libgcc.a(_udivdi3.o)
 .ARM.extab     0x00000000        0x0 c:/siliconlabs/simplicitystudio/v4/developer/toolchains/gnu_arm/4.9_2015q3/bin/../lib/gcc/arm-none-eabi/4.9.3/armv7-m\libgcc.a(_udivdi3.o)
 .ARM.exidx     0x00000000        0x8 c:/siliconlabs/simplicitystudio/v4/developer/toolchains/gnu_arm/4.9_2015q3/bin/../lib/gcc/arm-none-eabi/4.9.3/armv7-m\libgcc.a(_udivdi3.o)
 .debug_frame   0x00000000       0x34 c:/siliconlabs/simplicitystudio/v4/developer/toolchains/gnu_arm/4.9_2015q3/bin/../lib/gcc/arm-none-eabi/4.9.3/armv7-m\libgcc.a(_udivdi3.o)
 .ARM.attributes
                0x00000000       0x2d c:/siliconlabs/simplicitystudio/v4/developer/toolchains/gnu_arm/4.9_2015q3/bin/../lib/gcc/arm-none-eabi/4.9.3/armv7-m\libgcc.a(_udivdi3.o)
 .text          0x00000000        0x0 c:/siliconlabs/simplicitystudio/v4/developer/toolchains/gnu_arm/4.9_2015q3/bin/../lib/gcc/arm-none-eabi/4.9.3/../../../../arm-none-eabi/lib/armv7-m\libc_nano.a(lib_a-abs.o)
 .data          0x00000000        0x0 c:/siliconlabs/simplicitystudio/v4/developer/toolchains/gnu_arm/4.9_2015q3/bin/../lib/gcc/arm-none-eabi/4.9.3/../../../../arm-none-eabi/lib/armv7-m\libc_nano.a(lib_a-abs.o)
 .bss           0x00000000        0x0 c:/siliconlabs/simplicitystudio/v4/developer/toolchains/gnu_arm/4.9_2015q3/bin/../lib/gcc/arm-none-eabi/4.9.3/../../../../arm-none-eabi/lib/armv7-m\libc_nano.a(lib_a-abs.o)
 .text.abs      0x00000000        0x8 c:/siliconlabs/simplicitystudio/v4/developer/toolchains/gnu_arm/4.9_2015q3/bin/../lib/gcc/arm-none-eabi/4.9.3/../../../../arm-none-eabi/lib/armv7-m\libc_nano.a(lib_a-abs.o)
 .debug_frame   0x00000000       0x20 c:/siliconlabs/simplicitystudio/v4/developer/toolchains/gnu_arm/4.9_2015q3/bin/../lib/gcc/arm-none-eabi/4.9.3/../../../../arm-none-eabi/lib/armv7-m\libc_nano.a(lib_a-abs.o)
 .ARM.attributes
                0x00000000       0x2d c:/siliconlabs/simplicitystudio/v4/developer/toolchains/gnu_arm/4.9_2015q3/bin/../lib/gcc/arm-none-eabi/4.9.3/../../../../arm-none-eabi/lib/armv7-m\libc_nano.a(lib_a-abs.o)
 .text          0x00000000        0x0 c:/siliconlabs/simplicitystudio/v4/developer/toolchains/gnu_arm/4.9_2015q3/bin/../lib/gcc/arm-none-eabi/4.9.3/../../../../arm-none-eabi/lib/armv7-m\libc_nano.a(lib_a-exit.o)
 .data          0x00000000        0x0 c:/siliconlabs/simplicitystudio/v4/developer/toolchains/gnu_arm/4.9_2015q3/bin/../lib/gcc/arm-none-eabi/4.9.3/../../../../arm-none-eabi/lib/armv7-m\libc_nano.a(lib_a-exit.o)
 .bss           0x00000000        0x0 c:/siliconlabs/simplicitystudio/v4/developer/toolchains/gnu_arm/4.9_2015q3/bin/../lib/gcc/arm-none-eabi/4.9.3/../../../../arm-none-eabi/lib/armv7-m\libc_nano.a(lib_a-exit.o)
 .text          0x00000000        0x0 c:/siliconlabs/simplicitystudio/v4/developer/toolchains/gnu_arm/4.9_2015q3/bin/../lib/gcc/arm-none-eabi/4.9.3/../../../../arm-none-eabi/lib/armv7-m\libc_nano.a(lib_a-impure.o)
 .data          0x00000000        0x0 c:/siliconlabs/simplicitystudio/v4/developer/toolchains/gnu_arm/4.9_2015q3/bin/../lib/gcc/arm-none-eabi/4.9.3/../../../../arm-none-eabi/lib/armv7-m\libc_nano.a(lib_a-impure.o)
 .bss           0x00000000        0x0 c:/siliconlabs/simplicitystudio/v4/developer/toolchains/gnu_arm/4.9_2015q3/bin/../lib/gcc/arm-none-eabi/4.9.3/../../../../arm-none-eabi/lib/armv7-m\libc_nano.a(lib_a-impure.o)
 .data._impure_ptr
                0x00000000        0x4 c:/siliconlabs/simplicitystudio/v4/developer/toolchains/gnu_arm/4.9_2015q3/bin/../lib/gcc/arm-none-eabi/4.9.3/../../../../arm-none-eabi/lib/armv7-m\libc_nano.a(lib_a-impure.o)
 .text          0x00000000        0x0 c:/siliconlabs/simplicitystudio/v4/developer/toolchains/gnu_arm/4.9_2015q3/bin/../lib/gcc/arm-none-eabi/4.9.3/../../../../arm-none-eabi/lib/armv7-m\libc_nano.a(lib_a-init.o)
 .data          0x00000000        0x0 c:/siliconlabs/simplicitystudio/v4/developer/toolchains/gnu_arm/4.9_2015q3/bin/../lib/gcc/arm-none-eabi/4.9.3/../../../../arm-none-eabi/lib/armv7-m\libc_nano.a(lib_a-init.o)
 .bss           0x00000000        0x0 c:/siliconlabs/simplicitystudio/v4/developer/toolchains/gnu_arm/4.9_2015q3/bin/../lib/gcc/arm-none-eabi/4.9.3/../../../../arm-none-eabi/lib/armv7-m\libc_nano.a(lib_a-init.o)
 .text          0x00000000        0x0 c:/siliconlabs/simplicitystudio/v4/developer/toolchains/gnu_arm/4.9_2015q3/bin/../lib/gcc/arm-none-eabi/4.9.3/../../../../arm-none-eabi/lib/armv7-m\libc_nano.a(lib_a-memcpy.o)
 .data          0x00000000        0x0 c:/siliconlabs/simplicitystudio/v4/developer/toolchains/gnu_arm/4.9_2015q3/bin/../lib/gcc/arm-none-eabi/4.9.3/../../../../arm-none-eabi/lib/armv7-m\libc_nano.a(lib_a-memcpy.o)
 .bss           0x00000000        0x0 c:/siliconlabs/simplicitystudio/v4/developer/toolchains/gnu_arm/4.9_2015q3/bin/../lib/gcc/arm-none-eabi/4.9.3/../../../../arm-none-eabi/lib/armv7-m\libc_nano.a(lib_a-memcpy.o)
 .text.memcpy   0x00000000       0x16 c:/siliconlabs/simplicitystudio/v4/developer/toolchains/gnu_arm/4.9_2015q3/bin/../lib/gcc/arm-none-eabi/4.9.3/../../../../arm-none-eabi/lib/armv7-m\libc_nano.a(lib_a-memcpy.o)
 .debug_frame   0x00000000       0x28 c:/siliconlabs/simplicitystudio/v4/developer/toolchains/gnu_arm/4.9_2015q3/bin/../lib/gcc/arm-none-eabi/4.9.3/../../../../arm-none-eabi/lib/armv7-m\libc_nano.a(lib_a-memcpy.o)
 .ARM.attributes
                0x00000000       0x2d c:/siliconlabs/simplicitystudio/v4/developer/toolchains/gnu_arm/4.9_2015q3/bin/../lib/gcc/arm-none-eabi/4.9.3/../../../../arm-none-eabi/lib/armv7-m\libc_nano.a(lib_a-memcpy.o)
 .text          0x00000000        0x0 c:/siliconlabs/simplicitystudio/v4/developer/toolchains/gnu_arm/4.9_2015q3/bin/../lib/gcc/arm-none-eabi/4.9.3/../../../../arm-none-eabi/lib/armv7-m\libc_nano.a(lib_a-memset.o)
 .data          0x00000000        0x0 c:/siliconlabs/simplicitystudio/v4/developer/toolchains/gnu_arm/4.9_2015q3/bin/../lib/gcc/arm-none-eabi/4.9.3/../../../../arm-none-eabi/lib/armv7-m\libc_nano.a(lib_a-memset.o)
 .bss           0x00000000        0x0 c:/siliconlabs/simplicitystudio/v4/developer/toolchains/gnu_arm/4.9_2015q3/bin/../lib/gcc/arm-none-eabi/4.9.3/../../../../arm-none-eabi/lib/armv7-m\libc_nano.a(lib_a-memset.o)
 .text          0x00000000        0x0 c:/siliconlabs/simplicitystudio/v4/developer/toolchains/gnu_arm/4.9_2015q3/bin/../lib/gcc/arm-none-eabi/4.9.3/../../../../arm-none-eabi/lib/armv7-m\libc_nano.a(lib_a-strlen.o)
 .data          0x00000000        0x0 c:/siliconlabs/simplicitystudio/v4/developer/toolchains/gnu_arm/4.9_2015q3/bin/../lib/gcc/arm-none-eabi/4.9.3/../../../../arm-none-eabi/lib/armv7-m\libc_nano.a(lib_a-strlen.o)
 .bss           0x00000000        0x0 c:/siliconlabs/simplicitystudio/v4/developer/toolchains/gnu_arm/4.9_2015q3/bin/../lib/gcc/arm-none-eabi/4.9.3/../../../../arm-none-eabi/lib/armv7-m\libc_nano.a(lib_a-strlen.o)
 .text.strlen   0x00000000       0x10 c:/siliconlabs/simplicitystudio/v4/developer/toolchains/gnu_arm/4.9_2015q3/bin/../lib/gcc/arm-none-eabi/4.9.3/../../../../arm-none-eabi/lib/armv7-m\libc_nano.a(lib_a-strlen.o)
 .debug_frame   0x00000000       0x20 c:/siliconlabs/simplicitystudio/v4/developer/toolchains/gnu_arm/4.9_2015q3/bin/../lib/gcc/arm-none-eabi/4.9.3/../../../../arm-none-eabi/lib/armv7-m\libc_nano.a(lib_a-strlen.o)
 .ARM.attributes
                0x00000000       0x2d c:/siliconlabs/simplicitystudio/v4/developer/toolchains/gnu_arm/4.9_2015q3/bin/../lib/gcc/arm-none-eabi/4.9.3/../../../../arm-none-eabi/lib/armv7-m\libc_nano.a(lib_a-strlen.o)
 .text          0x00000000        0x0 c:/siliconlabs/simplicitystudio/v4/developer/toolchains/gnu_arm/4.9_2015q3/bin/../lib/gcc/arm-none-eabi/4.9.3/../../../../arm-none-eabi/lib/armv7-m\libnosys.a(_exit.o)
 .data          0x00000000        0x0 c:/siliconlabs/simplicitystudio/v4/developer/toolchains/gnu_arm/4.9_2015q3/bin/../lib/gcc/arm-none-eabi/4.9.3/../../../../arm-none-eabi/lib/armv7-m\libnosys.a(_exit.o)
 .bss           0x00000000        0x0 c:/siliconlabs/simplicitystudio/v4/developer/toolchains/gnu_arm/4.9_2015q3/bin/../lib/gcc/arm-none-eabi/4.9.3/../../../../arm-none-eabi/lib/armv7-m\libnosys.a(_exit.o)
 .text          0x00000000        0x0 c:/siliconlabs/simplicitystudio/v4/developer/toolchains/gnu_arm/4.9_2015q3/bin/../lib/gcc/arm-none-eabi/4.9.3/armv7-m/crtend.o
 .data          0x00000000        0x0 c:/siliconlabs/simplicitystudio/v4/developer/toolchains/gnu_arm/4.9_2015q3/bin/../lib/gcc/arm-none-eabi/4.9.3/armv7-m/crtend.o
 .bss           0x00000000        0x0 c:/siliconlabs/simplicitystudio/v4/developer/toolchains/gnu_arm/4.9_2015q3/bin/../lib/gcc/arm-none-eabi/4.9.3/armv7-m/crtend.o
 .text          0x00000000        0x0 c:/siliconlabs/simplicitystudio/v4/developer/toolchains/gnu_arm/4.9_2015q3/bin/../lib/gcc/arm-none-eabi/4.9.3/armv7-m/crtn.o
 .data          0x00000000        0x0 c:/siliconlabs/simplicitystudio/v4/developer/toolchains/gnu_arm/4.9_2015q3/bin/../lib/gcc/arm-none-eabi/4.9.3/armv7-m/crtn.o
 .bss           0x00000000        0x0 c:/siliconlabs/simplicitystudio/v4/developer/toolchains/gnu_arm/4.9_2015q3/bin/../lib/gcc/arm-none-eabi/4.9.3/armv7-m/crtn.o

Memory Configuration

Name             Origin             Length             Attributes
FLASH            0x00000000         0x00100000         xr
RAM              0x20000000         0x00020000         xrw
*default*        0x00000000         0xffffffff

Linker script and memory map

LOAD c:/siliconlabs/simplicitystudio/v4/developer/toolchains/gnu_arm/4.9_2015q3/bin/../lib/gcc/arm-none-eabi/4.9.3/armv7-m/crti.o
LOAD c:/siliconlabs/simplicitystudio/v4/developer/toolchains/gnu_arm/4.9_2015q3/bin/../lib/gcc/arm-none-eabi/4.9.3/armv7-m/crtbegin.o
LOAD c:/siliconlabs/simplicitystudio/v4/developer/toolchains/gnu_arm/4.9_2015q3/bin/../lib/gcc/arm-none-eabi/4.9.3/../../../../arm-none-eabi/lib/armv7-m/crt0.o
LOAD ./BSP/bsp_bcc.o
LOAD ./BSP/bsp_stk.o
LOAD ./BSP/bsp_stk_leds.o
LOAD ./BSP/bsp_trace.o
LOAD ./CMSIS/EFM32GG/startup_gcc_efm32gg.o
LOAD ./CMSIS/EFM32GG/system_efm32gg.o
LOAD ./emlib/em_assert.o
LOAD ./emlib/em_cmu.o
LOAD ./emlib/em_ebi.o
LOAD ./emlib/em_emu.o
LOAD ./emlib/em_gpio.o
LOAD ./emlib/em_lcd.o
LOAD ./emlib/em_system.o
LOAD ./emlib/em_usart.o
LOAD ./src/main.o
LOAD ./src/segmentlcd.o
START GROUP
LOAD c:/siliconlabs/simplicitystudio/v4/developer/toolchains/gnu_arm/4.9_2015q3/bin/../lib/gcc/arm-none-eabi/4.9.3/armv7-m\libgcc.a
LOAD c:/siliconlabs/simplicitystudio/v4/developer/toolchains/gnu_arm/4.9_2015q3/bin/../lib/gcc/arm-none-eabi/4.9.3/../../../../arm-none-eabi/lib/armv7-m\libc_nano.a
LOAD c:/siliconlabs/simplicitystudio/v4/developer/toolchains/gnu_arm/4.9_2015q3/bin/../lib/gcc/arm-none-eabi/4.9.3/../../../../arm-none-eabi/lib/armv7-m\libnosys.a
END GROUP
START GROUP
LOAD c:/siliconlabs/simplicitystudio/v4/developer/toolchains/gnu_arm/4.9_2015q3/bin/../lib/gcc/arm-none-eabi/4.9.3/armv7-m\libgcc.a
LOAD c:/siliconlabs/simplicitystudio/v4/developer/toolchains/gnu_arm/4.9_2015q3/bin/../lib/gcc/arm-none-eabi/4.9.3/../../../../arm-none-eabi/lib/armv7-m\libg_nano.a
LOAD c:/siliconlabs/simplicitystudio/v4/developer/toolchains/gnu_arm/4.9_2015q3/bin/../lib/gcc/arm-none-eabi/4.9.3/../../../../arm-none-eabi/lib/armv7-m\libc_nano.a
END GROUP
START GROUP
LOAD c:/siliconlabs/simplicitystudio/v4/developer/toolchains/gnu_arm/4.9_2015q3/bin/../lib/gcc/arm-none-eabi/4.9.3/armv7-m\libgcc.a
LOAD c:/siliconlabs/simplicitystudio/v4/developer/toolchains/gnu_arm/4.9_2015q3/bin/../lib/gcc/arm-none-eabi/4.9.3/../../../../arm-none-eabi/lib/armv7-m\libc_nano.a
END GROUP
LOAD c:/siliconlabs/simplicitystudio/v4/developer/toolchains/gnu_arm/4.9_2015q3/bin/../lib/gcc/arm-none-eabi/4.9.3/armv7-m/crtend.o
LOAD c:/siliconlabs/simplicitystudio/v4/developer/toolchains/gnu_arm/4.9_2015q3/bin/../lib/gcc/arm-none-eabi/4.9.3/armv7-m/crtn.o

.text           0x00000000     0x28ec
 *(.vectors)
 .vectors       0x00000000       0xdc ./CMSIS/EFM32GG/startup_gcc_efm32gg.o
                0x00000000                __Vectors
                0x000000dc                __Vectors_End = .
                0x000000dc                __Vectors_Size = (__Vectors_End - __Vectors)
                0x000000dc                __end__ = .
 *(.text*)
 .text          0x000000dc       0x5c c:/siliconlabs/simplicitystudio/v4/developer/toolchains/gnu_arm/4.9_2015q3/bin/../lib/gcc/arm-none-eabi/4.9.3/armv7-m/crtbegin.o
 .text          0x00000138       0x74 c:/siliconlabs/simplicitystudio/v4/developer/toolchains/gnu_arm/4.9_2015q3/bin/../lib/gcc/arm-none-eabi/4.9.3/../../../../arm-none-eabi/lib/armv7-m/crt0.o
                0x00000138                _start
                0x00000138                _mainCRTStartup
 .text.GPIO_PinOutClear
                0x000001ac       0x58 ./BSP/bsp_stk_leds.o
 .text.GPIO_PinOutSet
                0x00000204       0x58 ./BSP/bsp_stk_leds.o
 .text.BSP_LedsInit
                0x0000025c       0x5c ./BSP/bsp_stk_leds.o
                0x0000025c                BSP_LedsInit
 .text.BSP_LedsSet
                0x000002b8       0x74 ./BSP/bsp_stk_leds.o
                0x000002b8                BSP_LedsSet
 .text.BSP_LedSet
                0x0000032c       0x44 ./BSP/bsp_stk_leds.o
                0x0000032c                BSP_LedSet
 .text.BSP_TraceSwoSetup
                0x00000370      0x114 ./BSP/bsp_trace.o
                0x00000370                BSP_TraceSwoSetup
 .text.BSP_TraceProfilerSetup
                0x00000484       0x28 ./BSP/bsp_trace.o
                0x00000484                BSP_TraceProfilerSetup
 .text          0x000004ac       0x30 ./CMSIS/EFM32GG/startup_gcc_efm32gg.o
                0x000004ac                Reset_Handler
                0x000004d8                DebugMon_Handler
                0x000004d8                USART0_TX_IRQHandler
                0x000004d8                I2C0_IRQHandler
                0x000004d8                HardFault_Handler
                0x000004d8                LEUART1_IRQHandler
                0x000004d8                USART1_RX_IRQHandler
                0x000004d8                PendSV_Handler
                0x000004d8                NMI_Handler
                0x000004d8                I2C1_IRQHandler
                0x000004d8                TIMER3_IRQHandler
                0x000004d8                USART1_TX_IRQHandler
                0x000004d8                MSC_IRQHandler
                0x000004d8                ADC0_IRQHandler
                0x000004d8                UsageFault_Handler
                0x000004d8                LEUART0_IRQHandler
                0x000004d8                GPIO_EVEN_IRQHandler
                0x000004d8                UART0_TX_IRQHandler
                0x000004d8                UART1_TX_IRQHandler
                0x000004d8                RTC_IRQHandler
                0x000004d8                TIMER0_IRQHandler
                0x000004d8                TIMER2_IRQHandler
                0x000004d8                LCD_IRQHandler
                0x000004d8                PCNT2_IRQHandler
                0x000004d8                UART0_RX_IRQHandler
                0x000004d8                LETIMER0_IRQHandler
                0x000004d8                TIMER1_IRQHandler
                0x000004d8                USART2_RX_IRQHandler
                0x000004d8                Default_Handler
                0x000004d8                EMU_IRQHandler
                0x000004d8                PCNT0_IRQHandler
                0x000004d8                USB_IRQHandler
                0x000004d8                BURTC_IRQHandler
                0x000004d8                PCNT1_IRQHandler
                0x000004d8                ACMP0_IRQHandler
                0x000004d8                USART0_RX_IRQHandler
                0x000004d8                MemManage_Handler
                0x000004d8                SVC_Handler
                0x000004d8                DAC0_IRQHandler
                0x000004d8                UART1_RX_IRQHandler
                0x000004d8                CMU_IRQHandler
                0x000004d8                EBI_IRQHandler
                0x000004d8                LESENSE_IRQHandler
                0x000004d8                GPIO_ODD_IRQHandler
                0x000004d8                AES_IRQHandler
                0x000004d8                VCMP_IRQHandler
                0x000004d8                DMA_IRQHandler
                0x000004d8                BusFault_Handler
                0x000004d8                USART2_TX_IRQHandler
 .text.GetProdRev
                0x000004dc       0x1c ./CMSIS/EFM32GG/system_efm32gg.o
 .text.SystemCoreClockGet
                0x000004f8       0x34 ./CMSIS/EFM32GG/system_efm32gg.o
                0x000004f8                SystemCoreClockGet
 .text.SystemMaxCoreClockGet
                0x0000052c       0x14 ./CMSIS/EFM32GG/system_efm32gg.o
                0x0000052c                SystemMaxCoreClockGet
 .text.SystemHFClockGet
                0x00000540      0x100 ./CMSIS/EFM32GG/system_efm32gg.o
                0x00000540                SystemHFClockGet
 .text.SystemHFXOClockGet
                0x00000640       0x18 ./CMSIS/EFM32GG/system_efm32gg.o
                0x00000640                SystemHFXOClockGet
 .text.SystemInit
                0x00000658        0xc ./CMSIS/EFM32GG/system_efm32gg.o
                0x00000658                SystemInit
 .text.SystemLFRCOClockGet
                0x00000664       0x14 ./CMSIS/EFM32GG/system_efm32gg.o
                0x00000664                SystemLFRCOClockGet
 .text.SystemULFRCOClockGet
                0x00000678       0x14 ./CMSIS/EFM32GG/system_efm32gg.o
                0x00000678                SystemULFRCOClockGet
 .text.SystemLFXOClockGet
                0x0000068c       0x18 ./CMSIS/EFM32GG/system_efm32gg.o
                0x0000068c                SystemLFXOClockGet
 .text.BUS_RegBitWrite
                0x000006a4       0x2c ./emlib/em_cmu.o
 .text.BUS_RegBitRead
                0x000006d0       0x2c ./emlib/em_cmu.o
 .text.CMU_DivToLog2
                0x000006fc       0x34 ./emlib/em_cmu.o
 .text.SYSTEM_GetProdRev
                0x00000730       0x1c ./emlib/em_cmu.o
 .text.SYSTEM_GetFamily
                0x0000074c       0x20 ./emlib/em_cmu.o
 .text.maxFreqHfle
                0x0000076c       0x78 ./emlib/em_cmu.o
 .text.setHfLeConfig
                0x000007e4       0x60 ./emlib/em_cmu.o
 .text.getHfLeConfig
                0x00000844       0x20 ./emlib/em_cmu.o
 .text.auxClkGet
                0x00000864       0xb0 ./emlib/em_cmu.o
 .text.dbgClkGet
                0x00000914       0x40 ./emlib/em_cmu.o
 .text.flashWaitStateControl
                0x00000954       0xb8 ./emlib/em_cmu.o
 .text.flashWaitStateMax
                0x00000a0c       0x14 ./emlib/em_cmu.o
 .text.CMU_UpdateWaitStates
                0x00000a20       0x18 ./emlib/em_cmu.o
                0x00000a20                CMU_UpdateWaitStates
 .text.lfClkGet
                0x00000a38       0xec ./emlib/em_cmu.o
 .text.syncReg  0x00000b24       0x34 ./emlib/em_cmu.o
 .text.usbCClkGet
                0x00000b58       0x4c ./emlib/em_cmu.o
 .text.CMU_ClockDivSet
                0x00000ba4      0x22c ./emlib/em_cmu.o
                0x00000ba4                CMU_ClockDivSet
 .text.CMU_ClockEnable
                0x00000dd0       0xd0 ./emlib/em_cmu.o
                0x00000dd0                CMU_ClockEnable
 .text.CMU_ClockFreqGet
                0x00000ea0      0x1d8 ./emlib/em_cmu.o
                0x00000ea0                CMU_ClockFreqGet
 .text.CMU_ClockSelectGet
                0x00001078      0x15c ./emlib/em_cmu.o
                0x00001078                CMU_ClockSelectGet
 .text.CMU_ClockSelectSet
                0x000011d4      0x29c ./emlib/em_cmu.o
                0x000011d4                CMU_ClockSelectSet
 .text.CMU_HFRCOBandSet
                0x00001470       0xe0 ./emlib/em_cmu.o
                0x00001470                CMU_HFRCOBandSet
 .text.CMU_LCDClkFDIVSet
                0x00001550       0x3c ./emlib/em_cmu.o
                0x00001550                CMU_LCDClkFDIVSet
 .text.CMU_OscillatorEnable
                0x0000158c       0xbc ./emlib/em_cmu.o
                0x0000158c                CMU_OscillatorEnable
 .text.GPIO_PinOutClear
                0x00001648       0x58 ./emlib/em_gpio.o
 .text.GPIO_PinOutSet
                0x000016a0       0x58 ./emlib/em_gpio.o
 .text.GPIO_PinModeSet
                0x000016f8      0x10c ./emlib/em_gpio.o
                0x000016f8                GPIO_PinModeSet
 .text.LCD_Enable
                0x00001804       0x38 ./emlib/em_lcd.o
 .text.BUS_RegBitWrite
                0x0000183c       0x2c ./emlib/em_lcd.o
 .text.LCD_Init
                0x00001868       0x78 ./emlib/em_lcd.o
                0x00001868                LCD_Init
 .text.LCD_VLCDSelect
                0x000018e0       0x44 ./emlib/em_lcd.o
                0x000018e0                LCD_VLCDSelect
 .text.LCD_SegmentRangeEnable
                0x00001924       0x40 ./emlib/em_lcd.o
                0x00001924                LCD_SegmentRangeEnable
 .text.LCD_SegmentSet
                0x00001964      0x1e4 ./emlib/em_lcd.o
                0x00001964                LCD_SegmentSet
 .text.LCD_SegmentSetLow
                0x00001b48      0x17c ./emlib/em_lcd.o
                0x00001b48                LCD_SegmentSetLow
 .text.LCD_SegmentSetHigh
                0x00001cc4      0x17c ./emlib/em_lcd.o
                0x00001cc4                LCD_SegmentSetHigh
 .text.LCD_VBoostSet
                0x00001e40       0x28 ./emlib/em_lcd.o
                0x00001e40                LCD_VBoostSet
 .text.SYSTEM_ChipRevisionGet
                0x00001e68       0x74 ./emlib/em_system.o
                0x00001e68                SYSTEM_ChipRevisionGet
 .text.NVIC_SetPriority
                0x00001edc       0x54 ./src/main.o
 .text.SysTick_Config
                0x00001f30       0x44 ./src/main.o
 .text.SYSTEM_GetProdRev
                0x00001f74       0x1c ./src/main.o
 .text.CHIP_Init
                0x00001f90       0x3c ./src/main.o
 .text.SysTick_Handler
                0x00001fcc       0x1c ./src/main.o
                0x00001fcc                SysTick_Handler
 .text.Delay    0x00001fe8       0x2c ./src/main.o
                0x00001fe8                Delay
 .text.delay    0x00002014        0xc ./src/main.o
                0x00002014                delay
 .text.lcd_demo
                0x00002020      0x270 ./src/main.o
                0x00002020                lcd_demo
 .text.main     0x00002290       0x68 ./src/main.o
                0x00002290                main
 .text.LCD_FreezeEnable
                0x000022f8       0x2c ./src/segmentlcd.o
 .text.LCD_SyncBusyDelay
                0x00002324       0x24 ./src/segmentlcd.o
 .text.LCD_IntDisable
                0x00002348       0x24 ./src/segmentlcd.o
 .text.SegmentLCD_AllOff
                0x0000236c       0xac ./src/segmentlcd.o
                0x0000236c                SegmentLCD_AllOff
 .text.SegmentLCD_AlphaNumberOff
                0x00002418       0xa8 ./src/segmentlcd.o
                0x00002418                SegmentLCD_AlphaNumberOff
 .text.SegmentLCD_Init
                0x000024c0       0xb8 ./src/segmentlcd.o
                0x000024c0                SegmentLCD_Init
 .text.displaySegmentField
                0x00002578       0xa4 ./src/segmentlcd.o
                0x00002578                displaySegmentField
 .text.exit     0x0000261c       0x28 c:/siliconlabs/simplicitystudio/v4/developer/toolchains/gnu_arm/4.9_2015q3/bin/../lib/gcc/arm-none-eabi/4.9.3/../../../../arm-none-eabi/lib/armv7-m\libc_nano.a(lib_a-exit.o)
                0x0000261c                exit
 .text.__libc_init_array
                0x00002644       0x4c c:/siliconlabs/simplicitystudio/v4/developer/toolchains/gnu_arm/4.9_2015q3/bin/../lib/gcc/arm-none-eabi/4.9.3/../../../../arm-none-eabi/lib/armv7-m\libc_nano.a(lib_a-init.o)
                0x00002644                __libc_init_array
 .text.memset   0x00002690       0x10 c:/siliconlabs/simplicitystudio/v4/developer/toolchains/gnu_arm/4.9_2015q3/bin/../lib/gcc/arm-none-eabi/4.9.3/../../../../arm-none-eabi/lib/armv7-m\libc_nano.a(lib_a-memset.o)
                0x00002690                memset
 .text._exit    0x000026a0        0x4 c:/siliconlabs/simplicitystudio/v4/developer/toolchains/gnu_arm/4.9_2015q3/bin/../lib/gcc/arm-none-eabi/4.9.3/../../../../arm-none-eabi/lib/armv7-m\libnosys.a(_exit.o)
                0x000026a0                _exit
 *(.init)
 .init          0x000026a4        0x4 c:/siliconlabs/simplicitystudio/v4/developer/toolchains/gnu_arm/4.9_2015q3/bin/../lib/gcc/arm-none-eabi/4.9.3/armv7-m/crti.o
                0x000026a4                _init
 .init          0x000026a8        0x8 c:/siliconlabs/simplicitystudio/v4/developer/toolchains/gnu_arm/4.9_2015q3/bin/../lib/gcc/arm-none-eabi/4.9.3/armv7-m/crtn.o
 *(.fini)
 .fini          0x000026b0        0x4 c:/siliconlabs/simplicitystudio/v4/developer/toolchains/gnu_arm/4.9_2015q3/bin/../lib/gcc/arm-none-eabi/4.9.3/armv7-m/crti.o
                0x000026b0                _fini
 .fini          0x000026b4        0x8 c:/siliconlabs/simplicitystudio/v4/developer/toolchains/gnu_arm/4.9_2015q3/bin/../lib/gcc/arm-none-eabi/4.9.3/armv7-m/crtn.o
 *crtbegin.o(.ctors)
 *crtbegin?.o(.ctors)
 *(EXCLUDE_FILE(*crtend.o *crtend?.o) .ctors)
 *(SORT(.ctors.*))
 *(.ctors)
 *crtbegin.o(.dtors)
 *crtbegin?.o(.dtors)
 *(EXCLUDE_FILE(*crtend.o *crtend?.o) .dtors)
 *(SORT(.dtors.*))
 *(.dtors)
 *(.rodata*)
 .rodata.ledArray
                0x000026bc       0x10 ./BSP/bsp_stk_leds.o
 .rodata.EFM_Display
                0x000026cc      0x1fe ./src/segmentlcd.o
 *fill*         0x000028ca        0x2 
 .rodata.lcdInit
                0x000028cc       0x14 ./src/segmentlcd.o
 .rodata.str1.1
                0x000028e0        0x2 c:/siliconlabs/simplicitystudio/v4/developer/toolchains/gnu_arm/4.9_2015q3/bin/../lib/gcc/arm-none-eabi/4.9.3/../../../../arm-none-eabi/lib/armv7-m\libc_nano.a(lib_a-impure.o)
 *fill*         0x000028e2        0x2 
 .rodata._global_impure_ptr
                0x000028e4        0x4 c:/siliconlabs/simplicitystudio/v4/developer/toolchains/gnu_arm/4.9_2015q3/bin/../lib/gcc/arm-none-eabi/4.9.3/../../../../arm-none-eabi/lib/armv7-m\libc_nano.a(lib_a-impure.o)
                0x000028e4                _global_impure_ptr
 *(.eh_frame*)
 .eh_frame      0x000028e8        0x0 c:/siliconlabs/simplicitystudio/v4/developer/toolchains/gnu_arm/4.9_2015q3/bin/../lib/gcc/arm-none-eabi/4.9.3/armv7-m/crtbegin.o
 .eh_frame      0x000028e8        0x4 c:/siliconlabs/simplicitystudio/v4/developer/toolchains/gnu_arm/4.9_2015q3/bin/../lib/gcc/arm-none-eabi/4.9.3/armv7-m/crtend.o

.glue_7         0x000028ec        0x0
 .glue_7        0x00000000        0x0 linker stubs

.glue_7t        0x000028ec        0x0
 .glue_7t       0x00000000        0x0 linker stubs

.vfp11_veneer   0x000028ec        0x0
 .vfp11_veneer  0x00000000        0x0 linker stubs

.v4_bx          0x000028ec        0x0
 .v4_bx         0x00000000        0x0 linker stubs

.iplt           0x000028ec        0x0
 .iplt          0x00000000        0x0 c:/siliconlabs/simplicitystudio/v4/developer/toolchains/gnu_arm/4.9_2015q3/bin/../lib/gcc/arm-none-eabi/4.9.3/armv7-m/crtbegin.o

.ARM.extab
 *(.ARM.extab* .gnu.linkonce.armextab.*)
                0x000028ec                __exidx_start = .

.ARM.exidx      0x000028ec        0x8
 *(.ARM.exidx* .gnu.linkonce.armexidx.*)
 .ARM.exidx     0x000028ec        0x8 c:/siliconlabs/simplicitystudio/v4/developer/toolchains/gnu_arm/4.9_2015q3/bin/../lib/gcc/arm-none-eabi/4.9.3/../../../../arm-none-eabi/lib/armv7-m/crt0.o
                0x000028f4                __exidx_end = .
                0x000028f4                __etext = .

.rel.dyn        0x000028f4        0x0
 .rel.iplt      0x00000000        0x0 c:/siliconlabs/simplicitystudio/v4/developer/toolchains/gnu_arm/4.9_2015q3/bin/../lib/gcc/arm-none-eabi/4.9.3/armv7-m/crtbegin.o

.data           0x20000000       0x78 load address 0x000028f4
                0x20000000                __data_start__ = .
 *(vtable)
 *(.data*)
 .data.SystemHFXOClock
                0x20000000        0x4 ./CMSIS/EFM32GG/system_efm32gg.o
 .data.SystemLFXOClock
                0x20000004        0x4 ./CMSIS/EFM32GG/system_efm32gg.o
 .data.SystemCoreClock
                0x20000008        0x4 ./CMSIS/EFM32GG/system_efm32gg.o
                0x20000008                SystemCoreClock
 .data.impure_data
                0x2000000c       0x60 c:/siliconlabs/simplicitystudio/v4/developer/toolchains/gnu_arm/4.9_2015q3/bin/../lib/gcc/arm-none-eabi/4.9.3/../../../../arm-none-eabi/lib/armv7-m\libc_nano.a(lib_a-impure.o)
                0x2000006c                . = ALIGN (0x4)
 *(.ram)
                0x2000006c                . = ALIGN (0x4)
                0x2000006c                PROVIDE (__preinit_array_start, .)
 *(.preinit_array)
                0x2000006c                PROVIDE (__preinit_array_end, .)
                0x2000006c                . = ALIGN (0x4)
                0x2000006c                PROVIDE (__init_array_start, .)
 *(SORT(.init_array.*))
 *(.init_array)
 .init_array    0x2000006c        0x4 c:/siliconlabs/simplicitystudio/v4/developer/toolchains/gnu_arm/4.9_2015q3/bin/../lib/gcc/arm-none-eabi/4.9.3/armv7-m/crtbegin.o
                0x20000070                PROVIDE (__init_array_end, .)
                0x20000070                . = ALIGN (0x4)
                0x20000070                PROVIDE (__fini_array_start, .)
 *(SORT(.fini_array.*))
 *(.fini_array)
 .fini_array    0x20000070        0x4 c:/siliconlabs/simplicitystudio/v4/developer/toolchains/gnu_arm/4.9_2015q3/bin/../lib/gcc/arm-none-eabi/4.9.3/armv7-m/crtbegin.o
                0x20000074                PROVIDE (__fini_array_end, .)
 *(.jcr*)
 .jcr           0x20000074        0x0 c:/siliconlabs/simplicitystudio/v4/developer/toolchains/gnu_arm/4.9_2015q3/bin/../lib/gcc/arm-none-eabi/4.9.3/armv7-m/crtbegin.o
 .jcr           0x20000074        0x4 c:/siliconlabs/simplicitystudio/v4/developer/toolchains/gnu_arm/4.9_2015q3/bin/../lib/gcc/arm-none-eabi/4.9.3/armv7-m/crtend.o
                0x20000078                . = ALIGN (0x4)
                0x20000078                __data_end__ = .

.igot.plt       0x20000078        0x0 load address 0x0000296c
 .igot.plt      0x00000000        0x0 c:/siliconlabs/simplicitystudio/v4/developer/toolchains/gnu_arm/4.9_2015q3/bin/../lib/gcc/arm-none-eabi/4.9.3/armv7-m/crtbegin.o

.bss            0x20000078       0x2c load address 0x0000296c
                0x20000078                . = ALIGN (0x4)
                0x20000078                __bss_start__ = .
 *(.bss*)
 .bss           0x20000078       0x1c c:/siliconlabs/simplicitystudio/v4/developer/toolchains/gnu_arm/4.9_2015q3/bin/../lib/gcc/arm-none-eabi/4.9.3/armv7-m/crtbegin.o
 *(COMMON)
 COMMON         0x20000094       0x10 ./src/main.o
                0x20000094                ship
                0x20000098                asteroids
                0x200000a0                msTicks
                0x200000a4                . = ALIGN (0x4)
                0x200000a4                __bss_end__ = .

.heap           0x200000a8      0xc00
                0x200000a8                __HeapBase = .
                0x200000a8                __end__ = .
                0x200000a8                end = __end__
                0x200000a8                _end = __end__
 *(.heap*)
 .heap          0x200000a8      0xc00 ./CMSIS/EFM32GG/startup_gcc_efm32gg.o
                0x20000ca8                __HeapLimit = .

.stack_dummy    0x200000a8      0x400
 *(.stack*)
 .stack         0x200000a8      0x400 ./CMSIS/EFM32GG/startup_gcc_efm32gg.o
                0x20020000                __StackTop = (ORIGIN (RAM) + 0x20000)
                0x2001fc00                __StackLimit = (__StackTop - SIZEOF (.stack_dummy))
                0x20020000                PROVIDE (__stack, __StackTop)
                0x00000001                ASSERT ((__StackLimit >= __HeapLimit), region RAM overflowed with stack)
                0x00000001                ASSERT ((0x100000 >= (__etext + SIZEOF (.data))), FLASH memory overflowed !)
OUTPUT(bambi_hf_v2.axf elf32-littlearm)

.ARM.attributes
                0x00000000       0x29
 .ARM.attributes
                0x00000000       0x1d c:/siliconlabs/simplicitystudio/v4/developer/toolchains/gnu_arm/4.9_2015q3/bin/../lib/gcc/arm-none-eabi/4.9.3/armv7-m/crti.o
 .ARM.attributes
                0x0000001d       0x2d c:/siliconlabs/simplicitystudio/v4/developer/toolchains/gnu_arm/4.9_2015q3/bin/../lib/gcc/arm-none-eabi/4.9.3/armv7-m/crtbegin.o
 .ARM.attributes
                0x0000004a       0x1b c:/siliconlabs/simplicitystudio/v4/developer/toolchains/gnu_arm/4.9_2015q3/bin/../lib/gcc/arm-none-eabi/4.9.3/../../../../arm-none-eabi/lib/armv7-m/crt0.o
 .ARM.attributes
                0x00000065       0x33 ./BSP/bsp_stk_leds.o
 .ARM.attributes
                0x00000098       0x33 ./BSP/bsp_trace.o
 .ARM.attributes
                0x000000cb       0x1b ./CMSIS/EFM32GG/startup_gcc_efm32gg.o
 .ARM.attributes
                0x000000e6       0x33 ./CMSIS/EFM32GG/system_efm32gg.o
 .ARM.attributes
                0x00000119       0x33 ./emlib/em_cmu.o
 .ARM.attributes
                0x0000014c       0x33 ./emlib/em_gpio.o
 .ARM.attributes
                0x0000017f       0x33 ./emlib/em_lcd.o
 .ARM.attributes
                0x000001b2       0x33 ./emlib/em_system.o
 .ARM.attributes
                0x000001e5       0x33 ./src/main.o
 .ARM.attributes
                0x00000218       0x33 ./src/segmentlcd.o
 .ARM.attributes
                0x0000024b       0x2d c:/siliconlabs/simplicitystudio/v4/developer/toolchains/gnu_arm/4.9_2015q3/bin/../lib/gcc/arm-none-eabi/4.9.3/../../../../arm-none-eabi/lib/armv7-m\libc_nano.a(lib_a-exit.o)
 .ARM.attributes
                0x00000278       0x2d c:/siliconlabs/simplicitystudio/v4/developer/toolchains/gnu_arm/4.9_2015q3/bin/../lib/gcc/arm-none-eabi/4.9.3/../../../../arm-none-eabi/lib/armv7-m\libc_nano.a(lib_a-impure.o)
 .ARM.attributes
                0x000002a5       0x2d c:/siliconlabs/simplicitystudio/v4/developer/toolchains/gnu_arm/4.9_2015q3/bin/../lib/gcc/arm-none-eabi/4.9.3/../../../../arm-none-eabi/lib/armv7-m\libc_nano.a(lib_a-init.o)
 .ARM.attributes
                0x000002d2       0x2d c:/siliconlabs/simplicitystudio/v4/developer/toolchains/gnu_arm/4.9_2015q3/bin/../lib/gcc/arm-none-eabi/4.9.3/../../../../arm-none-eabi/lib/armv7-m\libc_nano.a(lib_a-memset.o)
 .ARM.attributes
                0x000002ff       0x2d c:/siliconlabs/simplicitystudio/v4/developer/toolchains/gnu_arm/4.9_2015q3/bin/../lib/gcc/arm-none-eabi/4.9.3/../../../../arm-none-eabi/lib/armv7-m\libnosys.a(_exit.o)
 .ARM.attributes
                0x0000032c       0x2d c:/siliconlabs/simplicitystudio/v4/developer/toolchains/gnu_arm/4.9_2015q3/bin/../lib/gcc/arm-none-eabi/4.9.3/armv7-m/crtend.o
 .ARM.attributes
                0x00000359       0x1d c:/siliconlabs/simplicitystudio/v4/developer/toolchains/gnu_arm/4.9_2015q3/bin/../lib/gcc/arm-none-eabi/4.9.3/armv7-m/crtn.o

.comment        0x00000000       0x70
 .comment       0x00000000       0x70 ./BSP/bsp_stk_leds.o
                                 0x71 (size before relaxing)
 .comment       0x00000000       0x71 ./BSP/bsp_trace.o
 .comment       0x00000000       0x71 ./CMSIS/EFM32GG/system_efm32gg.o
 .comment       0x00000000       0x71 ./emlib/em_cmu.o
 .comment       0x00000000       0x71 ./emlib/em_gpio.o
 .comment       0x00000000       0x71 ./emlib/em_lcd.o
 .comment       0x00000000       0x71 ./emlib/em_system.o
 .comment       0x00000000       0x71 ./src/main.o
 .comment       0x00000000       0x71 ./src/segmentlcd.o

.debug_info     0x00000000     0x61fa
 .debug_info    0x00000000      0x7b4 ./BSP/bsp_stk_leds.o
 .debug_info    0x000007b4      0xc95 ./BSP/bsp_trace.o
 .debug_info    0x00001449       0x7f ./CMSIS/EFM32GG/startup_gcc_efm32gg.o
 .debug_info    0x000014c8      0x582 ./CMSIS/EFM32GG/system_efm32gg.o
 .debug_info    0x00001a4a     0x154f ./emlib/em_cmu.o
 .debug_info    0x00002f99      0x65f ./emlib/em_gpio.o
 .debug_info    0x000035f8      0xa3a ./emlib/em_lcd.o
 .debug_info    0x00004032      0x276 ./emlib/em_system.o
 .debug_info    0x000042a8      0xc0d ./src/main.o
 .debug_info    0x00004eb5     0x1345 ./src/segmentlcd.o

.debug_abbrev   0x00000000      0xfe6
 .debug_abbrev  0x00000000      0x181 ./BSP/bsp_stk_leds.o
 .debug_abbrev  0x00000181      0x17d ./BSP/bsp_trace.o
 .debug_abbrev  0x000002fe       0x14 ./CMSIS/EFM32GG/startup_gcc_efm32gg.o
 .debug_abbrev  0x00000312      0x16d ./CMSIS/EFM32GG/system_efm32gg.o
 .debug_abbrev  0x0000047f      0x2d1 ./emlib/em_cmu.o
 .debug_abbrev  0x00000750      0x1c2 ./emlib/em_gpio.o
 .debug_abbrev  0x00000912      0x18c ./emlib/em_lcd.o
 .debug_abbrev  0x00000a9e      0x109 ./emlib/em_system.o
 .debug_abbrev  0x00000ba7      0x28c ./src/main.o
 .debug_abbrev  0x00000e33      0x1b3 ./src/segmentlcd.o

.debug_loc      0x00000000     0x2898
 .debug_loc     0x00000000      0x3f0 ./BSP/bsp_stk_leds.o
 .debug_loc     0x000003f0       0xa0 ./BSP/bsp_trace.o
 .debug_loc     0x00000490      0x31c ./CMSIS/EFM32GG/system_efm32gg.o
 .debug_loc     0x000007ac      0xda0 ./emlib/em_cmu.o
 .debug_loc     0x0000154c      0x3d0 ./emlib/em_gpio.o
 .debug_loc     0x0000191c      0x5ec ./emlib/em_lcd.o
 .debug_loc     0x00001f08       0xb8 ./emlib/em_system.o
 .debug_loc     0x00001fc0      0x27c ./src/main.o
 .debug_loc     0x0000223c      0x65c ./src/segmentlcd.o

.debug_aranges  0x00000000      0x500
 .debug_aranges
                0x00000000       0x78 ./BSP/bsp_stk_leds.o
 .debug_aranges
                0x00000078       0x28 ./BSP/bsp_trace.o
 .debug_aranges
                0x000000a0       0x20 ./CMSIS/EFM32GG/startup_gcc_efm32gg.o
 .debug_aranges
                0x000000c0       0x70 ./CMSIS/EFM32GG/system_efm32gg.o
 .debug_aranges
                0x00000130      0x170 ./emlib/em_cmu.o
 .debug_aranges
                0x000002a0       0x70 ./emlib/em_gpio.o
 .debug_aranges
                0x00000310       0xa0 ./emlib/em_lcd.o
 .debug_aranges
                0x000003b0       0x28 ./emlib/em_system.o
 .debug_aranges
                0x000003d8       0x60 ./src/main.o
 .debug_aranges
                0x00000438       0xc8 ./src/segmentlcd.o

.debug_ranges   0x00000000      0x450
 .debug_ranges  0x00000000       0x68 ./BSP/bsp_stk_leds.o
 .debug_ranges  0x00000068       0x18 ./BSP/bsp_trace.o
 .debug_ranges  0x00000080       0x60 ./CMSIS/EFM32GG/system_efm32gg.o
 .debug_ranges  0x000000e0      0x160 ./emlib/em_cmu.o
 .debug_ranges  0x00000240       0x60 ./emlib/em_gpio.o
 .debug_ranges  0x000002a0       0x90 ./emlib/em_lcd.o
 .debug_ranges  0x00000330       0x18 ./emlib/em_system.o
 .debug_ranges  0x00000348       0x50 ./src/main.o
 .debug_ranges  0x00000398       0xb8 ./src/segmentlcd.o

.debug_line     0x00000000     0x2d00
 .debug_line    0x00000000      0x49c ./BSP/bsp_stk_leds.o
 .debug_line    0x0000049c      0x2dd ./BSP/bsp_trace.o
 .debug_line    0x00000779       0x72 ./CMSIS/EFM32GG/startup_gcc_efm32gg.o
 .debug_line    0x000007eb      0x328 ./CMSIS/EFM32GG/system_efm32gg.o
 .debug_line    0x00000b13      0xa5f ./emlib/em_cmu.o
 .debug_line    0x00001572      0x46b ./emlib/em_gpio.o
 .debug_line    0x000019dd      0x4c0 ./emlib/em_lcd.o
 .debug_line    0x00001e9d      0x2bf ./emlib/em_system.o
 .debug_line    0x0000215c      0x4d4 ./src/main.o
 .debug_line    0x00002630      0x6d0 ./src/segmentlcd.o

.debug_str      0x00000000     0x26c5
 .debug_str     0x00000000      0x72a ./BSP/bsp_stk_leds.o
                                0x77e (size before relaxing)
 .debug_str     0x0000072a      0x2e7 ./BSP/bsp_trace.o
                                0x7d1 (size before relaxing)
 .debug_str     0x00000a11      0x18f ./CMSIS/EFM32GG/system_efm32gg.o
                                0x498 (size before relaxing)
 .debug_str     0x00000ba0      0xa29 ./emlib/em_cmu.o
                               0x1070 (size before relaxing)
 .debug_str     0x000015c9      0x14c ./emlib/em_gpio.o
                                0x5df (size before relaxing)
 .debug_str     0x00001715      0x6a3 ./emlib/em_lcd.o
                                0x8d8 (size before relaxing)
 .debug_str     0x00001db8       0xac ./emlib/em_system.o
                                0x2c3 (size before relaxing)
 .debug_str     0x00001e64      0x405 ./src/main.o
                                0x9f4 (size before relaxing)
 .debug_str     0x00002269      0x45c ./src/segmentlcd.o
                                0xe25 (size before relaxing)

.debug_frame    0x00000000     0x13a4
 .debug_frame   0x00000000      0x1d0 ./BSP/bsp_stk_leds.o
 .debug_frame   0x000001d0       0x58 ./BSP/bsp_trace.o
 .debug_frame   0x00000228      0x180 ./CMSIS/EFM32GG/system_efm32gg.o
 .debug_frame   0x000003a8      0x64c ./emlib/em_cmu.o
 .debug_frame   0x000009f4      0x1c0 ./emlib/em_gpio.o
 .debug_frame   0x00000bb4      0x2a8 ./emlib/em_lcd.o
 .debug_frame   0x00000e5c       0x60 ./emlib/em_system.o
 .debug_frame   0x00000ebc      0x144 ./src/main.o
 .debug_frame   0x00001000      0x310 ./src/segmentlcd.o
 .debug_frame   0x00001310       0x28 c:/siliconlabs/simplicitystudio/v4/developer/toolchains/gnu_arm/4.9_2015q3/bin/../lib/gcc/arm-none-eabi/4.9.3/../../../../arm-none-eabi/lib/armv7-m\libc_nano.a(lib_a-exit.o)
 .debug_frame   0x00001338       0x2c c:/siliconlabs/simplicitystudio/v4/developer/toolchains/gnu_arm/4.9_2015q3/bin/../lib/gcc/arm-none-eabi/4.9.3/../../../../arm-none-eabi/lib/armv7-m\libc_nano.a(lib_a-init.o)
 .debug_frame   0x00001364       0x20 c:/siliconlabs/simplicitystudio/v4/developer/toolchains/gnu_arm/4.9_2015q3/bin/../lib/gcc/arm-none-eabi/4.9.3/../../../../arm-none-eabi/lib/armv7-m\libc_nano.a(lib_a-memset.o)
 .debug_frame   0x00001384       0x20 c:/siliconlabs/simplicitystudio/v4/developer/toolchains/gnu_arm/4.9_2015q3/bin/../lib/gcc/arm-none-eabi/4.9.3/../../../../arm-none-eabi/lib/armv7-m\libnosys.a(_exit.o)
