Archive member included to satisfy reference by file (symbol)

c:/siliconlabs/simplicitystudio/v4/developer/toolchains/gnu_arm/7.2_2017q4/bin/../lib/gcc/arm-none-eabi/7.2.1/thumb/v7-m\libgcc.a(_aeabi_ldivmod.o)
                              ./emlib/em_usart.o (__aeabi_ldivmod)
c:/siliconlabs/simplicitystudio/v4/developer/toolchains/gnu_arm/7.2_2017q4/bin/../lib/gcc/arm-none-eabi/7.2.1/thumb/v7-m\libgcc.a(_aeabi_uldivmod.o)
                              ./emlib/em_usart.o (__aeabi_uldivmod)
c:/siliconlabs/simplicitystudio/v4/developer/toolchains/gnu_arm/7.2_2017q4/bin/../lib/gcc/arm-none-eabi/7.2.1/thumb/v7-m\libgcc.a(_udivmoddi4.o)
                              c:/siliconlabs/simplicitystudio/v4/developer/toolchains/gnu_arm/7.2_2017q4/bin/../lib/gcc/arm-none-eabi/7.2.1/thumb/v7-m\libgcc.a(_aeabi_ldivmod.o) (__udivmoddi4)
c:/siliconlabs/simplicitystudio/v4/developer/toolchains/gnu_arm/7.2_2017q4/bin/../lib/gcc/arm-none-eabi/7.2.1/thumb/v7-m\libgcc.a(_dvmd_tls.o)
                              c:/siliconlabs/simplicitystudio/v4/developer/toolchains/gnu_arm/7.2_2017q4/bin/../lib/gcc/arm-none-eabi/7.2.1/thumb/v7-m\libgcc.a(_aeabi_ldivmod.o) (__aeabi_ldiv0)
c:/siliconlabs/simplicitystudio/v4/developer/toolchains/gnu_arm/7.2_2017q4/bin/../lib/gcc/arm-none-eabi/7.2.1/../../../../arm-none-eabi/lib/thumb/v7-m\libc_nano.a(lib_a-exit.o)
                              c:/siliconlabs/simplicitystudio/v4/developer/toolchains/gnu_arm/7.2_2017q4/bin/../lib/gcc/arm-none-eabi/7.2.1/../../../../arm-none-eabi/lib/thumb/v7-m/crt0.o (exit)
c:/siliconlabs/simplicitystudio/v4/developer/toolchains/gnu_arm/7.2_2017q4/bin/../lib/gcc/arm-none-eabi/7.2.1/../../../../arm-none-eabi/lib/thumb/v7-m\libc_nano.a(lib_a-impure.o)
                              c:/siliconlabs/simplicitystudio/v4/developer/toolchains/gnu_arm/7.2_2017q4/bin/../lib/gcc/arm-none-eabi/7.2.1/../../../../arm-none-eabi/lib/thumb/v7-m\libc_nano.a(lib_a-exit.o) (_global_impure_ptr)
c:/siliconlabs/simplicitystudio/v4/developer/toolchains/gnu_arm/7.2_2017q4/bin/../lib/gcc/arm-none-eabi/7.2.1/../../../../arm-none-eabi/lib/thumb/v7-m\libc_nano.a(lib_a-init.o)
                              c:/siliconlabs/simplicitystudio/v4/developer/toolchains/gnu_arm/7.2_2017q4/bin/../lib/gcc/arm-none-eabi/7.2.1/../../../../arm-none-eabi/lib/thumb/v7-m/crt0.o (__libc_init_array)
c:/siliconlabs/simplicitystudio/v4/developer/toolchains/gnu_arm/7.2_2017q4/bin/../lib/gcc/arm-none-eabi/7.2.1/../../../../arm-none-eabi/lib/thumb/v7-m\libc_nano.a(lib_a-memcpy-stub.o)
                              ./BSP/bsp_stk.o (memcpy)
c:/siliconlabs/simplicitystudio/v4/developer/toolchains/gnu_arm/7.2_2017q4/bin/../lib/gcc/arm-none-eabi/7.2.1/../../../../arm-none-eabi/lib/thumb/v7-m\libc_nano.a(lib_a-memset.o)
                              c:/siliconlabs/simplicitystudio/v4/developer/toolchains/gnu_arm/7.2_2017q4/bin/../lib/gcc/arm-none-eabi/7.2.1/../../../../arm-none-eabi/lib/thumb/v7-m/crt0.o (memset)
c:/siliconlabs/simplicitystudio/v4/developer/toolchains/gnu_arm/7.2_2017q4/bin/../lib/gcc/arm-none-eabi/7.2.1/../../../../arm-none-eabi/lib/thumb/v7-m\libc_nano.a(lib_a-rand.o)
                              ./src/main.o (rand)
c:/siliconlabs/simplicitystudio/v4/developer/toolchains/gnu_arm/7.2_2017q4/bin/../lib/gcc/arm-none-eabi/7.2.1/../../../../arm-none-eabi/lib/thumb/v7-m\libc_nano.a(lib_a-snprintf.o)
                              ./src/main.o (snprintf)
c:/siliconlabs/simplicitystudio/v4/developer/toolchains/gnu_arm/7.2_2017q4/bin/../lib/gcc/arm-none-eabi/7.2.1/../../../../arm-none-eabi/lib/thumb/v7-m\libc_nano.a(lib_a-strlen.o)
                              ./src/main.o (strlen)
c:/siliconlabs/simplicitystudio/v4/developer/toolchains/gnu_arm/7.2_2017q4/bin/../lib/gcc/arm-none-eabi/7.2.1/../../../../arm-none-eabi/lib/thumb/v7-m\libc_nano.a(lib_a-malloc.o)
                              c:/siliconlabs/simplicitystudio/v4/developer/toolchains/gnu_arm/7.2_2017q4/bin/../lib/gcc/arm-none-eabi/7.2.1/../../../../arm-none-eabi/lib/thumb/v7-m\libc_nano.a(lib_a-rand.o) (malloc)
c:/siliconlabs/simplicitystudio/v4/developer/toolchains/gnu_arm/7.2_2017q4/bin/../lib/gcc/arm-none-eabi/7.2.1/../../../../arm-none-eabi/lib/thumb/v7-m\libc_nano.a(lib_a-nano-freer.o)
                              c:/siliconlabs/simplicitystudio/v4/developer/toolchains/gnu_arm/7.2_2017q4/bin/../lib/gcc/arm-none-eabi/7.2.1/../../../../arm-none-eabi/lib/thumb/v7-m\libc_nano.a(lib_a-malloc.o) (_free_r)
c:/siliconlabs/simplicitystudio/v4/developer/toolchains/gnu_arm/7.2_2017q4/bin/../lib/gcc/arm-none-eabi/7.2.1/../../../../arm-none-eabi/lib/thumb/v7-m\libc_nano.a(lib_a-nano-mallocr.o)
                              c:/siliconlabs/simplicitystudio/v4/developer/toolchains/gnu_arm/7.2_2017q4/bin/../lib/gcc/arm-none-eabi/7.2.1/../../../../arm-none-eabi/lib/thumb/v7-m\libc_nano.a(lib_a-malloc.o) (_malloc_r)
[...]
Memory Configuration

Name             Origin             Length             Attributes
FLASH            0x00000000         0x00100000         xr
RAM              0x20000000         0x00020000         xrw
*default*        0x00000000         0xffffffff

Linker script and memory map

LOAD c:/siliconlabs/simplicitystudio/v4/developer/toolchains/gnu_arm/7.2_2017q4/bin/../lib/gcc/arm-none-eabi/7.2.1/thumb/v7-m/crti.o
LOAD c:/siliconlabs/simplicitystudio/v4/developer/toolchains/gnu_arm/7.2_2017q4/bin/../lib/gcc/arm-none-eabi/7.2.1/thumb/v7-m/crtbegin.o
LOAD c:/siliconlabs/simplicitystudio/v4/developer/toolchains/gnu_arm/7.2_2017q4/bin/../lib/gcc/arm-none-eabi/7.2.1/../../../../arm-none-eabi/lib/thumb/v7-m/crt0.o
LOAD ./BSP/bsp_bcc.o
LOAD ./BSP/bsp_stk.o
LOAD ./BSP/bsp_stk_leds.o
LOAD ./CMSIS/EFM32GG/startup_gcc_efm32gg.o
LOAD ./CMSIS/EFM32GG/system_efm32gg.o
LOAD ./emlib/em_assert.o
LOAD ./emlib/em_cmu.o
LOAD ./emlib/em_emu.o
LOAD ./emlib/em_gpio.o
LOAD ./emlib/em_lcd.o
LOAD ./emlib/em_system.o
LOAD ./emlib/em_usart.o
LOAD ./src/main.o
LOAD ./src/segmentlcd.o
START GROUP
LOAD c:/siliconlabs/simplicitystudio/v4/developer/toolchains/gnu_arm/7.2_2017q4/bin/../lib/gcc/arm-none-eabi/7.2.1/thumb/v7-m\libgcc.a
LOAD c:/siliconlabs/simplicitystudio/v4/developer/toolchains/gnu_arm/7.2_2017q4/bin/../lib/gcc/arm-none-eabi/7.2.1/../../../../arm-none-eabi/lib/thumb/v7-m\libc_nano.a
LOAD c:/siliconlabs/simplicitystudio/v4/developer/toolchains/gnu_arm/7.2_2017q4/bin/../lib/gcc/arm-none-eabi/7.2.1/../../../../arm-none-eabi/lib/thumb/v7-m\libnosys.a
END GROUP
START GROUP
LOAD c:/siliconlabs/simplicitystudio/v4/developer/toolchains/gnu_arm/7.2_2017q4/bin/../lib/gcc/arm-none-eabi/7.2.1/thumb/v7-m\libgcc.a
LOAD c:/siliconlabs/simplicitystudio/v4/developer/toolchains/gnu_arm/7.2_2017q4/bin/../lib/gcc/arm-none-eabi/7.2.1/../../../../arm-none-eabi/lib/thumb/v7-m\libg_nano.a
LOAD c:/siliconlabs/simplicitystudio/v4/developer/toolchains/gnu_arm/7.2_2017q4/bin/../lib/gcc/arm-none-eabi/7.2.1/../../../../arm-none-eabi/lib/thumb/v7-m\libc_nano.a
END GROUP
START GROUP
LOAD c:/siliconlabs/simplicitystudio/v4/developer/toolchains/gnu_arm/7.2_2017q4/bin/../lib/gcc/arm-none-eabi/7.2.1/thumb/v7-m\libgcc.a
LOAD c:/siliconlabs/simplicitystudio/v4/developer/toolchains/gnu_arm/7.2_2017q4/bin/../lib/gcc/arm-none-eabi/7.2.1/../../../../arm-none-eabi/lib/thumb/v7-m\libc_nano.a
END GROUP
LOAD c:/siliconlabs/simplicitystudio/v4/developer/toolchains/gnu_arm/7.2_2017q4/bin/../lib/gcc/arm-none-eabi/7.2.1/thumb/v7-m/crtend.o
LOAD c:/siliconlabs/simplicitystudio/v4/developer/toolchains/gnu_arm/7.2_2017q4/bin/../lib/gcc/arm-none-eabi/7.2.1/thumb/v7-m/crtn.o

.text           0x00000000     0x2984
 *(.vectors)
 .vectors       0x00000000       0xdc ./CMSIS/EFM32GG/startup_gcc_efm32gg.o
                0x00000000                __Vectors
                0x000000dc                __Vectors_End = .
                0x000000dc                __Vectors_Size = (__Vectors_End - __Vectors)
                0x000000dc                __end__ = .
 *(.text*)
 .text          0x000000dc       0x40 c:/siliconlabs/simplicitystudio/v4/developer/toolchains/gnu_arm/7.2_2017q4/bin/../lib/gcc/arm-none-eabi/7.2.1/thumb/v7-m/crtbegin.o
 .text          0x0000011c       0x74 c:/siliconlabs/simplicitystudio/v4/developer/toolchains/gnu_arm/7.2_2017q4/bin/../lib/gcc/arm-none-eabi/7.2.1/../../../../arm-none-eabi/lib/thumb/v7-m/crt0.o
                0x0000011c                _start
                0x0000011c                _mainCRTStartup
 .text.BSP_LedsInit
                0x00000190       0x38 ./BSP/bsp_stk_leds.o
                0x00000190                BSP_LedsInit
 .text          0x000001c8       0x30 ./CMSIS/EFM32GG/startup_gcc_efm32gg.o
                0x000001c8                Reset_Handler
                0x000001f4                DebugMon_Handler
                0x000001f4                USART0_TX_IRQHandler
                0x000001f4                I2C0_IRQHandler
                0x000001f4                HardFault_Handler
                0x000001f4                LEUART1_IRQHandler
                0x000001f4                USART1_RX_IRQHandler
                0x000001f4                PendSV_Handler
                0x000001f4                NMI_Handler
                0x000001f4                I2C1_IRQHandler
                0x000001f4                TIMER3_IRQHandler
                0x000001f4                USART1_TX_IRQHandler
                0x000001f4                MSC_IRQHandler
                0x000001f4                ADC0_IRQHandler
                0x000001f4                UsageFault_Handler
                0x000001f4                LEUART0_IRQHandler
                0x000001f4                UART0_TX_IRQHandler
                0x000001f4                UART1_TX_IRQHandler
                0x000001f4                RTC_IRQHandler
                0x000001f4                TIMER0_IRQHandler
                0x000001f4                TIMER2_IRQHandler
                0x000001f4                LCD_IRQHandler
                0x000001f4                PCNT2_IRQHandler
                0x000001f4                UART0_RX_IRQHandler
                0x000001f4                LETIMER0_IRQHandler
                0x000001f4                TIMER1_IRQHandler
                0x000001f4                USART2_RX_IRQHandler
                0x000001f4                Default_Handler
                0x000001f4                EMU_IRQHandler
                0x000001f4                PCNT0_IRQHandler
                0x000001f4                USB_IRQHandler
                0x000001f4                BURTC_IRQHandler
                0x000001f4                PCNT1_IRQHandler
                0x000001f4                ACMP0_IRQHandler
                0x000001f4                USART0_RX_IRQHandler
                0x000001f4                MemManage_Handler
                0x000001f4                SVC_Handler
                0x000001f4                DAC0_IRQHandler
                0x000001f4                UART1_RX_IRQHandler
                0x000001f4                CMU_IRQHandler
                0x000001f4                EBI_IRQHandler
                0x000001f4                LESENSE_IRQHandler
                0x000001f4                AES_IRQHandler
                0x000001f4                VCMP_IRQHandler
                0x000001f4                DMA_IRQHandler
                0x000001f4                BusFault_Handler
                0x000001f4                USART2_TX_IRQHandler
 .text.SystemMaxCoreClockGet
                0x000001f8        0x8 ./CMSIS/EFM32GG/system_efm32gg.o
                0x000001f8                SystemMaxCoreClockGet
 .text.SystemHFClockGet
                0x00000200       0xcc ./CMSIS/EFM32GG/system_efm32gg.o
                0x00000200                SystemHFClockGet
 .text.SystemCoreClockGet
                0x000002cc       0x20 ./CMSIS/EFM32GG/system_efm32gg.o
                0x000002cc                SystemCoreClockGet
 .text.SystemHFXOClockGet
                0x000002ec        0xc ./CMSIS/EFM32GG/system_efm32gg.o
                0x000002ec                SystemHFXOClockGet
 .text.SystemInit
                0x000002f8        0x4 ./CMSIS/EFM32GG/system_efm32gg.o
                0x000002f8                SystemInit
 .text.SystemLFRCOClockGet
                0x000002fc        0x8 ./CMSIS/EFM32GG/system_efm32gg.o
                0x000002fc                SystemLFRCOClockGet
 .text.SystemULFRCOClockGet
                0x00000304        0x8 ./CMSIS/EFM32GG/system_efm32gg.o
                0x00000304                SystemULFRCOClockGet
 .text.SystemLFXOClockGet
                0x0000030c        0xc ./CMSIS/EFM32GG/system_efm32gg.o
                0x0000030c                SystemLFXOClockGet
 .text.maxFreqHfle
                0x00000318       0x54 ./emlib/em_cmu.o
 .text.setHfLeConfig
                0x0000036c       0x40 ./emlib/em_cmu.o
 .text.auxClkGet
                0x000003ac       0x8c ./emlib/em_cmu.o
 .text.flashWaitStateControl.isra.2
                0x00000438       0x7c ./emlib/em_cmu.o
 .text.CMU_ClockDivSet
                0x000004b4      0x1c4 ./emlib/em_cmu.o
                0x000004b4                CMU_ClockDivSet
 .text.CMU_ClockSelectGet
                0x00000678       0xc8 ./emlib/em_cmu.o
                0x00000678                CMU_ClockSelectGet
 .text.lfClkGet
                0x00000740       0x90 ./emlib/em_cmu.o
 .text.CMU_ClockFreqGet
                0x000007d0      0x178 ./emlib/em_cmu.o
                0x000007d0                CMU_ClockFreqGet
 .text.CMU_ClockEnable
                0x00000948       0xa0 ./emlib/em_cmu.o
                0x00000948                CMU_ClockEnable
 .text.CMU_ClockSelectSet
                0x000009e8      0x1ec ./emlib/em_cmu.o
                0x000009e8                CMU_ClockSelectSet
 .text.CMU_HFRCOBandSet
                0x00000bd4       0xb4 ./emlib/em_cmu.o
                0x00000bd4                CMU_HFRCOBandSet
 .text.CMU_LCDClkFDIVSet
                0x00000c88       0x1c ./emlib/em_cmu.o
                0x00000c88                CMU_LCDClkFDIVSet
 .text.GPIO_ExtIntConfig
                0x00000ca4       0x68 ./emlib/em_gpio.o
                0x00000ca4                GPIO_ExtIntConfig
 .text.GPIO_PinModeSet
                0x00000d0c       0x8c ./emlib/em_gpio.o
                0x00000d0c                GPIO_PinModeSet
 .text.LCD_Init
                0x00000d98       0x40 ./emlib/em_lcd.o
                0x00000d98                LCD_Init
 .text.LCD_VLCDSelect
                0x00000dd8       0x1c ./emlib/em_lcd.o
                0x00000dd8                LCD_VLCDSelect
 .text.LCD_SegmentRangeEnable
                0x00000df4       0x18 ./emlib/em_lcd.o
                0x00000df4                LCD_SegmentRangeEnable
 .text.LCD_SegmentSet
                0x00000e0c       0xdc ./emlib/em_lcd.o
                0x00000e0c                LCD_SegmentSet
 .text.LCD_SegmentSetLow
                0x00000ee8       0x94 ./emlib/em_lcd.o
                0x00000ee8                LCD_SegmentSetLow
 .text.LCD_SegmentSetHigh
                0x00000f7c       0x94 ./emlib/em_lcd.o
                0x00000f7c                LCD_SegmentSetHigh
 .text.LCD_VBoostSet
                0x00001010       0x14 ./emlib/em_lcd.o
                0x00001010                LCD_VBoostSet
 .text.SYSTEM_ChipRevisionGet
                0x00001024       0x34 ./emlib/em_system.o
                0x00001024                SYSTEM_ChipRevisionGet
 .text.SysTick_Handler
                0x00001058       0x10 ./src/main.o
                0x00001058                SysTick_Handler
 .text.keypress_read_and_clear
                0x00001068       0x54 ./src/main.o
                0x00001068                keypress_read_and_clear
 .text.GPIO_EVEN_IRQHandler
                0x000010bc       0x28 ./src/main.o
                0x000010bc                GPIO_EVEN_IRQHandler
 .text.GPIO_ODD_IRQHandler
                0x000010e4       0x28 ./src/main.o
                0x000010e4                GPIO_ODD_IRQHandler
 .text.create_asteroids
                0x0000110c      0x19c ./src/main.o
                0x0000110c                create_asteroids
 .text.display_segment
                0x000012a8       0x80 ./src/main.o
                0x000012a8                display_segment
 .text.update_display
                0x00001328       0x58 ./src/main.o
                0x00001328                update_display
 .text.turn_ship
                0x00001380       0x28 ./src/main.o
                0x00001380                turn_ship
 .text.move_ship
                0x000013a8       0xa0 ./src/main.o
                0x000013a8                move_ship
 .text.show_message_and_wait
                0x00001448       0xd8 ./src/main.o
                0x00001448                show_message_and_wait
 .text.animate_timer
                0x00001520       0x38 ./src/main.o
                0x00001520                animate_timer
 .text.startup.main
                0x00001558      0x238 ./src/main.o
                0x00001558                main
 .text.SegmentLCD_AllOff
                0x00001790       0xac ./src/segmentlcd.o
                0x00001790                SegmentLCD_AllOff
 .text.SegmentLCD_AlphaNumberOff
                0x0000183c       0xa8 ./src/segmentlcd.o
                0x0000183c                SegmentLCD_AlphaNumberOff
 .text.SegmentLCD_ARing
                0x000018e4       0x20 ./src/segmentlcd.o
                0x000018e4                SegmentLCD_ARing
 .text.SegmentLCD_Init
                0x00001904       0xac ./src/segmentlcd.o
                0x00001904                SegmentLCD_Init
 .text.SegmentLCD_NumberOff
                0x000019b0       0x4c ./src/segmentlcd.o
                0x000019b0                SegmentLCD_NumberOff
 .text.SegmentLCD_Number
                0x000019fc       0xdc ./src/segmentlcd.o
                0x000019fc                SegmentLCD_Number
 .text.SegmentLCD_Symbol
                0x00001ad8       0x30 ./src/segmentlcd.o
                0x00001ad8                SegmentLCD_Symbol
 .text.SegmentLCD_Write
                0x00001b08       0x88 ./src/segmentlcd.o
                0x00001b08                SegmentLCD_Write
 .text.displaySegmentField
                0x00001b90       0x6c ./src/segmentlcd.o
                0x00001b90                displaySegmentField
 .text.exit     0x00001bfc       0x28 c:/siliconlabs/simplicitystudio/v4/developer/toolchains/gnu_arm/7.2_2017q4/bin/../lib/gcc/arm-none-eabi/7.2.1/../../../../arm-none-eabi/lib/thumb/v7-m\libc_nano.a(lib_a-exit.o)
                0x00001bfc                exit
 .text.__libc_init_array
                0x00001c24       0x48 c:/siliconlabs/simplicitystudio/v4/developer/toolchains/gnu_arm/7.2_2017q4/bin/../lib/gcc/arm-none-eabi/7.2.1/../../../../arm-none-eabi/lib/thumb/v7-m\libc_nano.a(lib_a-init.o)
                0x00001c24                __libc_init_array
 .text.memcpy   0x00001c6c       0x16 c:/siliconlabs/simplicitystudio/v4/developer/toolchains/gnu_arm/7.2_2017q4/bin/../lib/gcc/arm-none-eabi/7.2.1/../../../../arm-none-eabi/lib/thumb/v7-m\libc_nano.a(lib_a-memcpy-stub.o)
                0x00001c6c                memcpy
 .text.memset   0x00001c82       0x10 c:/siliconlabs/simplicitystudio/v4/developer/toolchains/gnu_arm/7.2_2017q4/bin/../lib/gcc/arm-none-eabi/7.2.1/../../../../arm-none-eabi/lib/thumb/v7-m\libc_nano.a(lib_a-memset.o)
                0x00001c82                memset
 *fill*         0x00001c92        0x2 
 .text.rand     0x00001c94       0x68 c:/siliconlabs/simplicitystudio/v4/developer/toolchains/gnu_arm/7.2_2017q4/bin/../lib/gcc/arm-none-eabi/7.2.1/../../../../arm-none-eabi/lib/thumb/v7-m\libc_nano.a(lib_a-rand.o)
                0x00001c94                rand
 .text.snprintf
                0x00001cfc       0x68 c:/siliconlabs/simplicitystudio/v4/developer/toolchains/gnu_arm/7.2_2017q4/bin/../lib/gcc/arm-none-eabi/7.2.1/../../../../arm-none-eabi/lib/thumb/v7-m\libc_nano.a(lib_a-snprintf.o)
                0x00001cfc                sniprintf
                0x00001cfc                snprintf
 .text          0x00001d64       0x10 c:/siliconlabs/simplicitystudio/v4/developer/toolchains/gnu_arm/7.2_2017q4/bin/../lib/gcc/arm-none-eabi/7.2.1/../../../../arm-none-eabi/lib/thumb/v7-m\libc_nano.a(lib_a-strlen.o)
                0x00001d64                strlen
 .text.malloc   0x00001d74       0x10 c:/siliconlabs/simplicitystudio/v4/developer/toolchains/gnu_arm/7.2_2017q4/bin/../lib/gcc/arm-none-eabi/7.2.1/../../../../arm-none-eabi/lib/thumb/v7-m\libc_nano.a(lib_a-malloc.o)
                0x00001d74                malloc
 .text._free_r  0x00001d84       0x98 c:/siliconlabs/simplicitystudio/v4/developer/toolchains/gnu_arm/7.2_2017q4/bin/../lib/gcc/arm-none-eabi/7.2.1/../../../../arm-none-eabi/lib/thumb/v7-m\libc_nano.a(lib_a-nano-freer.o)
                0x00001d84                _free_r
 .text._malloc_r
                0x00001e1c       0xb4 c:/siliconlabs/simplicitystudio/v4/developer/toolchains/gnu_arm/7.2_2017q4/bin/../lib/gcc/arm-none-eabi/7.2.1/../../../../arm-none-eabi/lib/thumb/v7-m\libc_nano.a(lib_a-nano-mallocr.o)
                0x00001e1c                _malloc_r
 .text.__ssputs_r
                0x00001ed0       0xb4 c:/siliconlabs/simplicitystudio/v4/developer/toolchains/gnu_arm/7.2_2017q4/bin/../lib/gcc/arm-none-eabi/7.2.1/../../../../arm-none-eabi/lib/thumb/v7-m\libc_nano.a(lib_a-nano-svfprintf.o)
                0x00001ed0                __ssputs_r
 .text._svfprintf_r
                0x00001f84      0x1ec c:/siliconlabs/simplicitystudio/v4/developer/toolchains/gnu_arm/7.2_2017q4/bin/../lib/gcc/arm-none-eabi/7.2.1/../../../../arm-none-eabi/lib/thumb/v7-m\libc_nano.a(lib_a-nano-svfprintf.o)
                0x00001f84                _svfiprintf_r
                0x00001f84                _svfprintf_r
 .text._printf_common
                0x00002170       0xec c:/siliconlabs/simplicitystudio/v4/developer/toolchains/gnu_arm/7.2_2017q4/bin/../lib/gcc/arm-none-eabi/7.2.1/../../../../arm-none-eabi/lib/thumb/v7-m\libc_nano.a(lib_a-nano-vfprintf_i.o)
                0x00002170                _printf_common
 .text._printf_i
                0x0000225c      0x224 c:/siliconlabs/simplicitystudio/v4/developer/toolchains/gnu_arm/7.2_2017q4/bin/../lib/gcc/arm-none-eabi/7.2.1/../../../../arm-none-eabi/lib/thumb/v7-m\libc_nano.a(lib_a-nano-vfprintf_i.o)
                0x0000225c                _printf_i
 .text._sbrk_r  0x00002480       0x20 c:/siliconlabs/simplicitystudio/v4/developer/toolchains/gnu_arm/7.2_2017q4/bin/../lib/gcc/arm-none-eabi/7.2.1/../../../../arm-none-eabi/lib/thumb/v7-m\libc_nano.a(lib_a-sbrkr.o)
                0x00002480                _sbrk_r
 .text.memchr   0x000024a0       0x1c c:/siliconlabs/simplicitystudio/v4/developer/toolchains/gnu_arm/7.2_2017q4/bin/../lib/gcc/arm-none-eabi/7.2.1/../../../../arm-none-eabi/lib/thumb/v7-m\libc_nano.a(lib_a-memchr-stub.o)
                0x000024a0                memchr
 .text.memmove  0x000024bc       0x32 c:/siliconlabs/simplicitystudio/v4/developer/toolchains/gnu_arm/7.2_2017q4/bin/../lib/gcc/arm-none-eabi/7.2.1/../../../../arm-none-eabi/lib/thumb/v7-m\libc_nano.a(lib_a-memmove.o)
                0x000024bc                memmove
 .text.__malloc_lock
                0x000024ee        0x2 c:/siliconlabs/simplicitystudio/v4/developer/toolchains/gnu_arm/7.2_2017q4/bin/../lib/gcc/arm-none-eabi/7.2.1/../../../../arm-none-eabi/lib/thumb/v7-m\libc_nano.a(lib_a-mlock.o)
                0x000024ee                __malloc_lock
 .text.__malloc_unlock
                0x000024f0        0x2 c:/siliconlabs/simplicitystudio/v4/developer/toolchains/gnu_arm/7.2_2017q4/bin/../lib/gcc/arm-none-eabi/7.2.1/../../../../arm-none-eabi/lib/thumb/v7-m\libc_nano.a(lib_a-mlock.o)
                0x000024f0                __malloc_unlock
 .text._realloc_r
                0x000024f2       0x4c c:/siliconlabs/simplicitystudio/v4/developer/toolchains/gnu_arm/7.2_2017q4/bin/../lib/gcc/arm-none-eabi/7.2.1/../../../../arm-none-eabi/lib/thumb/v7-m\libc_nano.a(lib_a-nano-reallocr.o)
                0x000024f2                _realloc_r
 .text._malloc_usable_size_r
                0x0000253e       0x10 c:/siliconlabs/simplicitystudio/v4/developer/toolchains/gnu_arm/7.2_2017q4/bin/../lib/gcc/arm-none-eabi/7.2.1/../../../../arm-none-eabi/lib/thumb/v7-m\libc_nano.a(lib_a-nano-msizer.o)
                0x0000253e                _malloc_usable_size_r
 *fill*         0x0000254e        0x2 
 .text._sbrk    0x00002550       0x1c c:/siliconlabs/simplicitystudio/v4/developer/toolchains/gnu_arm/7.2_2017q4/bin/../lib/gcc/arm-none-eabi/7.2.1/../../../../arm-none-eabi/lib/thumb/v7-m\libnosys.a(sbrk.o)
                0x00002550                _sbrk
 .text._exit    0x0000256c        0x4 c:/siliconlabs/simplicitystudio/v4/developer/toolchains/gnu_arm/7.2_2017q4/bin/../lib/gcc/arm-none-eabi/7.2.1/../../../../arm-none-eabi/lib/thumb/v7-m\libnosys.a(_exit.o)
                0x0000256c                _exit
 *(.init)
 .init          0x00002570        0x4 c:/siliconlabs/simplicitystudio/v4/developer/toolchains/gnu_arm/7.2_2017q4/bin/../lib/gcc/arm-none-eabi/7.2.1/thumb/v7-m/crti.o
                0x00002570                _init
 .init          0x00002574        0x8 c:/siliconlabs/simplicitystudio/v4/developer/toolchains/gnu_arm/7.2_2017q4/bin/../lib/gcc/arm-none-eabi/7.2.1/thumb/v7-m/crtn.o
 *(.fini)
 .fini          0x0000257c        0x4 c:/siliconlabs/simplicitystudio/v4/developer/toolchains/gnu_arm/7.2_2017q4/bin/../lib/gcc/arm-none-eabi/7.2.1/thumb/v7-m/crti.o
                0x0000257c                _fini
 .fini          0x00002580        0x8 c:/siliconlabs/simplicitystudio/v4/developer/toolchains/gnu_arm/7.2_2017q4/bin/../lib/gcc/arm-none-eabi/7.2.1/thumb/v7-m/crtn.o
 *crtbegin.o(.ctors)
 *crtbegin?.o(.ctors)
 *(EXCLUDE_FILE(*crtend.o *crtend?.o) .ctors)
 *(SORT_BY_NAME(.ctors.*))
 *(.ctors)
 *crtbegin.o(.dtors)
 *crtbegin?.o(.dtors)
 *(EXCLUDE_FILE(*crtend.o *crtend?.o) .dtors)
 *(SORT_BY_NAME(.dtors.*))
 *(.dtors)
 *(.rodata*)
 .rodata.dot_ids.8338
                0x00002588       0x18 ./src/main.o
 .rodata.main.str1.4
                0x000025a0       0x22 ./src/main.o
 *fill*         0x000025c2        0x2 
 .rodata.show_message_and_wait.str1.4
                0x000025c4        0xc ./src/main.o
                                  0xb (size before relaxing)
 .rodata.CSWTCH.42
                0x000025d0       0x44 ./src/segmentlcd.o
 .rodata.CSWTCH.43
                0x00002614       0x44 ./src/segmentlcd.o
 .rodata.EFM_Alphabet
                0x00002658       0xb8 ./src/segmentlcd.o
 .rodata.EFM_Display
                0x00002710      0x1fe ./src/segmentlcd.o
 *fill*         0x0000290e        0x2 
 .rodata.EFM_Numbers
                0x00002910       0x22 ./src/segmentlcd.o
 *fill*         0x00002932        0x2 
 .rodata.lcdInit
                0x00002934       0x14 ./src/segmentlcd.o
 .rodata._global_impure_ptr
                0x00002948        0x4 c:/siliconlabs/simplicitystudio/v4/developer/toolchains/gnu_arm/7.2_2017q4/bin/../lib/gcc/arm-none-eabi/7.2.1/../../../../arm-none-eabi/lib/thumb/v7-m\libc_nano.a(lib_a-impure.o)
                0x00002948                _global_impure_ptr
 .rodata._svfprintf_r.str1.1
                0x0000294c       0x11 c:/siliconlabs/simplicitystudio/v4/developer/toolchains/gnu_arm/7.2_2017q4/bin/../lib/gcc/arm-none-eabi/7.2.1/../../../../arm-none-eabi/lib/thumb/v7-m\libc_nano.a(lib_a-nano-svfprintf.o)
 .rodata._printf_i.str1.1
                0x0000295d       0x22 c:/siliconlabs/simplicitystudio/v4/developer/toolchains/gnu_arm/7.2_2017q4/bin/../lib/gcc/arm-none-eabi/7.2.1/../../../../arm-none-eabi/lib/thumb/v7-m\libc_nano.a(lib_a-nano-vfprintf_i.o)
 *(.eh_frame*)
 *fill*         0x0000297f        0x1 
 .eh_frame      0x00002980        0x0 c:/siliconlabs/simplicitystudio/v4/developer/toolchains/gnu_arm/7.2_2017q4/bin/../lib/gcc/arm-none-eabi/7.2.1/thumb/v7-m/crtbegin.o
 .eh_frame      0x00002980        0x4 c:/siliconlabs/simplicitystudio/v4/developer/toolchains/gnu_arm/7.2_2017q4/bin/../lib/gcc/arm-none-eabi/7.2.1/thumb/v7-m/crtend.o

.glue_7         0x00002984        0x0
 .glue_7        0x00002984        0x0 linker stubs

.glue_7t        0x00002984        0x0
 .glue_7t       0x00002984        0x0 linker stubs

.vfp11_veneer   0x00002984        0x0
 .vfp11_veneer  0x00002984        0x0 linker stubs

.v4_bx          0x00002984        0x0
 .v4_bx         0x00002984        0x0 linker stubs

.iplt           0x00002984        0x0
 .iplt          0x00002984        0x0 c:/siliconlabs/simplicitystudio/v4/developer/toolchains/gnu_arm/7.2_2017q4/bin/../lib/gcc/arm-none-eabi/7.2.1/thumb/v7-m/crtbegin.o

.ARM.extab
 *(.ARM.extab* .gnu.linkonce.armextab.*)
                0x00002984                __exidx_start = .

.ARM.exidx      0x00002984        0x8
 *(.ARM.exidx* .gnu.linkonce.armexidx.*)
 .ARM.exidx     0x00002984        0x8 c:/siliconlabs/simplicitystudio/v4/developer/toolchains/gnu_arm/7.2_2017q4/bin/../lib/gcc/arm-none-eabi/7.2.1/../../../../arm-none-eabi/lib/thumb/v7-m/crt0.o
                0x0000298c                __exidx_end = .
                0x0000298c                __etext = .

.rel.dyn        0x0000298c        0x0
 .rel.iplt      0x0000298c        0x0 c:/siliconlabs/simplicitystudio/v4/developer/toolchains/gnu_arm/7.2_2017q4/bin/../lib/gcc/arm-none-eabi/7.2.1/thumb/v7-m/crtbegin.o

.data           0x20000000       0x78 load address 0x0000298c
                0x20000000                __data_start__ = .
 *(vtable)
 *(.data*)
 .data.SystemCoreClock
                0x20000000        0x4 ./CMSIS/EFM32GG/system_efm32gg.o
                0x20000000                SystemCoreClock
 .data.SystemHFXOClock
                0x20000004        0x4 ./CMSIS/EFM32GG/system_efm32gg.o
 .data.SystemLFXOClock
                0x20000008        0x4 ./CMSIS/EFM32GG/system_efm32gg.o
 .data._impure_ptr
                0x2000000c        0x4 c:/siliconlabs/simplicitystudio/v4/developer/toolchains/gnu_arm/7.2_2017q4/bin/../lib/gcc/arm-none-eabi/7.2.1/../../../../arm-none-eabi/lib/thumb/v7-m\libc_nano.a(lib_a-impure.o)
                0x2000000c                _impure_ptr
 .data.impure_data
                0x20000010       0x60 c:/siliconlabs/simplicitystudio/v4/developer/toolchains/gnu_arm/7.2_2017q4/bin/../lib/gcc/arm-none-eabi/7.2.1/../../../../arm-none-eabi/lib/thumb/v7-m\libc_nano.a(lib_a-impure.o)
                0x20000070                . = ALIGN (0x4)
 *(.ram)
                0x20000070                . = ALIGN (0x4)
                0x20000070                PROVIDE (__preinit_array_start, .)
 *(.preinit_array)
                0x20000070                PROVIDE (__preinit_array_end, .)
                0x20000070                . = ALIGN (0x4)
                0x20000070                PROVIDE (__init_array_start, .)
 *(SORT_BY_NAME(.init_array.*))
 *(.init_array)
 .init_array    0x20000070        0x4 c:/siliconlabs/simplicitystudio/v4/developer/toolchains/gnu_arm/7.2_2017q4/bin/../lib/gcc/arm-none-eabi/7.2.1/thumb/v7-m/crtbegin.o
                0x20000074                PROVIDE (__init_array_end, .)
                0x20000074                . = ALIGN (0x4)
                [!provide]                PROVIDE (__fini_array_start, .)
 *(SORT_BY_NAME(.fini_array.*))
 *(.fini_array)
 .fini_array    0x20000074        0x4 c:/siliconlabs/simplicitystudio/v4/developer/toolchains/gnu_arm/7.2_2017q4/bin/../lib/gcc/arm-none-eabi/7.2.1/thumb/v7-m/crtbegin.o
                [!provide]                PROVIDE (__fini_array_end, .)
 *(.jcr*)
                0x20000078                . = ALIGN (0x4)
                0x20000078                __data_end__ = .

.igot.plt       0x20000078        0x0 load address 0x00002a04
 .igot.plt      0x20000078        0x0 c:/siliconlabs/simplicitystudio/v4/developer/toolchains/gnu_arm/7.2_2017q4/bin/../lib/gcc/arm-none-eabi/7.2.1/thumb/v7-m/crtbegin.o

.bss            0x20000078       0xbc load address 0x00002a04
                0x20000078                . = ALIGN (0x4)
                0x20000078                __bss_start__ = .
 *(.bss*)
 .bss           0x20000078       0x1c c:/siliconlabs/simplicitystudio/v4/developer/toolchains/gnu_arm/7.2_2017q4/bin/../lib/gcc/arm-none-eabi/7.2.1/thumb/v7-m/crtbegin.o
 .bss.screen_text.8351
                0x20000094        0x8 ./src/main.o
 .bss.text_scroller.8347
                0x2000009c       0x64 ./src/main.o
 .bss.__malloc_free_list
                0x20000100        0x4 c:/siliconlabs/simplicitystudio/v4/developer/toolchains/gnu_arm/7.2_2017q4/bin/../lib/gcc/arm-none-eabi/7.2.1/../../../../arm-none-eabi/lib/thumb/v7-m\libc_nano.a(lib_a-nano-mallocr.o)
                0x20000100                __malloc_free_list
 .bss.__malloc_sbrk_start
                0x20000104        0x4 c:/siliconlabs/simplicitystudio/v4/developer/toolchains/gnu_arm/7.2_2017q4/bin/../lib/gcc/arm-none-eabi/7.2.1/../../../../arm-none-eabi/lib/thumb/v7-m\libc_nano.a(lib_a-nano-mallocr.o)
                0x20000104                __malloc_sbrk_start
 .bss.heap_end.4102
                0x20000108        0x4 c:/siliconlabs/simplicitystudio/v4/developer/toolchains/gnu_arm/7.2_2017q4/bin/../lib/gcc/arm-none-eabi/7.2.1/../../../../arm-none-eabi/lib/thumb/v7-m\libnosys.a(sbrk.o)
 *(COMMON)
 COMMON         0x2000010c       0x23 ./src/main.o
                0x2000010c                ship
                0x20000112                key_pressed_right
                0x20000114                asteroids
                0x2000011c                msTicks
                0x20000120                segmentField
                0x2000012e                key_pressed_left
 *fill*         0x2000012f        0x1 
 COMMON         0x20000130        0x4 c:/siliconlabs/simplicitystudio/v4/developer/toolchains/gnu_arm/7.2_2017q4/bin/../lib/gcc/arm-none-eabi/7.2.1/../../../../arm-none-eabi/lib/thumb/v7-m\libc_nano.a(lib_a-reent.o)
                0x20000130                errno
                0x20000134                . = ALIGN (0x4)
                0x20000134                __bss_end__ = .

.heap           0x20000138      0xc00
                0x20000138                __HeapBase = .
                0x20000138                __end__ = .
                0x20000138                end = __end__
                0x20000138                _end = __end__
 *(.heap*)
 .heap          0x20000138      0xc00 ./CMSIS/EFM32GG/startup_gcc_efm32gg.o
                0x20000d38                __HeapLimit = .

.stack_dummy    0x20000138      0x400
 *(.stack*)
 .stack         0x20000138      0x400 ./CMSIS/EFM32GG/startup_gcc_efm32gg.o
                0x20020000                __StackTop = (ORIGIN (RAM) + LENGTH (RAM))
                0x2001fc00                __StackLimit = (__StackTop - SIZEOF (.stack_dummy))
                0x20020000                PROVIDE (__stack, __StackTop)
                0x00000001                ASSERT ((__StackLimit >= __HeapLimit), region RAM overflowed with stack)
                0x00000001                ASSERT ((LENGTH (FLASH) >= (__etext + SIZEOF (.data))), FLASH memory overflowed !)
OUTPUT(bambi_hf.axf elf32-littlearm)

.ARM.attributes
                0x00000000       0x29
 .ARM.attributes
                0x00000000       0x1d c:/siliconlabs/simplicitystudio/v4/developer/toolchains/gnu_arm/7.2_2017q4/bin/../lib/gcc/arm-none-eabi/7.2.1/thumb/v7-m/crti.o
 .ARM.attributes
                0x0000001d       0x2d c:/siliconlabs/simplicitystudio/v4/developer/toolchains/gnu_arm/7.2_2017q4/bin/../lib/gcc/arm-none-eabi/7.2.1/thumb/v7-m/crtbegin.o
 .ARM.attributes
                0x0000004a       0x1b c:/siliconlabs/simplicitystudio/v4/developer/toolchains/gnu_arm/7.2_2017q4/bin/../lib/gcc/arm-none-eabi/7.2.1/../../../../arm-none-eabi/lib/thumb/v7-m/crt0.o
 .ARM.attributes
                0x00000065       0x33 ./BSP/bsp_stk_leds.o
 .ARM.attributes
                0x00000098       0x1b ./CMSIS/EFM32GG/startup_gcc_efm32gg.o
 .ARM.attributes
                0x000000b3       0x33 ./CMSIS/EFM32GG/system_efm32gg.o
 .ARM.attributes
                0x000000e6       0x33 ./emlib/em_cmu.o
 .ARM.attributes
                0x00000119       0x33 ./emlib/em_gpio.o
 .ARM.attributes
                0x0000014c       0x33 ./emlib/em_lcd.o
 .ARM.attributes
                0x0000017f       0x33 ./emlib/em_system.o
 .ARM.attributes
                0x000001b2       0x33 ./src/main.o
 .ARM.attributes
                0x000001e5       0x33 ./src/segmentlcd.o
 .ARM.attributes
                0x00000218       0x2d c:/siliconlabs/simplicitystudio/v4/developer/toolchains/gnu_arm/7.2_2017q4/bin/../lib/gcc/arm-none-eabi/7.2.1/../../../../arm-none-eabi/lib/thumb/v7-m\libc_nano.a(lib_a-exit.o)
 .ARM.attributes
                0x00000245       0x2d c:/siliconlabs/simplicitystudio/v4/developer/toolchains/gnu_arm/7.2_2017q4/bin/../lib/gcc/arm-none-eabi/7.2.1/../../../../arm-none-eabi/lib/thumb/v7-m\libc_nano.a(lib_a-impure.o)
 .ARM.attributes
                0x00000272       0x2d c:/siliconlabs/simplicitystudio/v4/developer/toolchains/gnu_arm/7.2_2017q4/bin/../lib/gcc/arm-none-eabi/7.2.1/../../../../arm-none-eabi/lib/thumb/v7-m\libc_nano.a(lib_a-init.o)
 .ARM.attributes
                0x0000029f       0x2d c:/siliconlabs/simplicitystudio/v4/developer/toolchains/gnu_arm/7.2_2017q4/bin/../lib/gcc/arm-none-eabi/7.2.1/../../../../arm-none-eabi/lib/thumb/v7-m\libc_nano.a(lib_a-memcpy-stub.o)
 .ARM.attributes
                0x000002cc       0x2d c:/siliconlabs/simplicitystudio/v4/developer/toolchains/gnu_arm/7.2_2017q4/bin/../lib/gcc/arm-none-eabi/7.2.1/../../../../arm-none-eabi/lib/thumb/v7-m\libc_nano.a(lib_a-memset.o)
 .ARM.attributes
                0x000002f9       0x2d c:/siliconlabs/simplicitystudio/v4/developer/toolchains/gnu_arm/7.2_2017q4/bin/../lib/gcc/arm-none-eabi/7.2.1/../../../../arm-none-eabi/lib/thumb/v7-m\libc_nano.a(lib_a-rand.o)
 .ARM.attributes
                0x00000326       0x2d c:/siliconlabs/simplicitystudio/v4/developer/toolchains/gnu_arm/7.2_2017q4/bin/../lib/gcc/arm-none-eabi/7.2.1/../../../../arm-none-eabi/lib/thumb/v7-m\libc_nano.a(lib_a-snprintf.o)
 .ARM.attributes
                0x00000353       0x17 c:/siliconlabs/simplicitystudio/v4/developer/toolchains/gnu_arm/7.2_2017q4/bin/../lib/gcc/arm-none-eabi/7.2.1/../../../../arm-none-eabi/lib/thumb/v7-m\libc_nano.a(lib_a-strlen.o)
 .ARM.attributes
                0x0000036a       0x2d c:/siliconlabs/simplicitystudio/v4/developer/toolchains/gnu_arm/7.2_2017q4/bin/../lib/gcc/arm-none-eabi/7.2.1/../../../../arm-none-eabi/lib/thumb/v7-m\libc_nano.a(lib_a-malloc.o)
 .ARM.attributes
                0x00000397       0x2d c:/siliconlabs/simplicitystudio/v4/developer/toolchains/gnu_arm/7.2_2017q4/bin/../lib/gcc/arm-none-eabi/7.2.1/../../../../arm-none-eabi/lib/thumb/v7-m\libc_nano.a(lib_a-nano-freer.o)
 .ARM.attributes
                0x000003c4       0x2d c:/siliconlabs/simplicitystudio/v4/developer/toolchains/gnu_arm/7.2_2017q4/bin/../lib/gcc/arm-none-eabi/7.2.1/../../../../arm-none-eabi/lib/thumb/v7-m\libc_nano.a(lib_a-nano-mallocr.o)
 .ARM.attributes
                0x000003f1       0x2d c:/siliconlabs/simplicitystudio/v4/developer/toolchains/gnu_arm/7.2_2017q4/bin/../lib/gcc/arm-none-eabi/7.2.1/../../../../arm-none-eabi/lib/thumb/v7-m\libc_nano.a(lib_a-nano-svfprintf.o)
 .ARM.attributes
                0x0000041e       0x2d c:/siliconlabs/simplicitystudio/v4/developer/toolchains/gnu_arm/7.2_2017q4/bin/../lib/gcc/arm-none-eabi/7.2.1/../../../../arm-none-eabi/lib/thumb/v7-m\libc_nano.a(lib_a-nano-vfprintf_i.o)
 .ARM.attributes
                0x0000044b       0x2d c:/siliconlabs/simplicitystudio/v4/developer/toolchains/gnu_arm/7.2_2017q4/bin/../lib/gcc/arm-none-eabi/7.2.1/../../../../arm-none-eabi/lib/thumb/v7-m\libc_nano.a(lib_a-sbrkr.o)
 .ARM.attributes
                0x00000478       0x2d c:/siliconlabs/simplicitystudio/v4/developer/toolchains/gnu_arm/7.2_2017q4/bin/../lib/gcc/arm-none-eabi/7.2.1/../../../../arm-none-eabi/lib/thumb/v7-m\libc_nano.a(lib_a-memchr-stub.o)
 .ARM.attributes
                0x000004a5       0x2d c:/siliconlabs/simplicitystudio/v4/developer/toolchains/gnu_arm/7.2_2017q4/bin/../lib/gcc/arm-none-eabi/7.2.1/../../../../arm-none-eabi/lib/thumb/v7-m\libc_nano.a(lib_a-memmove.o)
 .ARM.attributes
                0x000004d2       0x2d c:/siliconlabs/simplicitystudio/v4/developer/toolchains/gnu_arm/7.2_2017q4/bin/../lib/gcc/arm-none-eabi/7.2.1/../../../../arm-none-eabi/lib/thumb/v7-m\libc_nano.a(lib_a-mlock.o)
 .ARM.attributes
                0x000004ff       0x2d c:/siliconlabs/simplicitystudio/v4/developer/toolchains/gnu_arm/7.2_2017q4/bin/../lib/gcc/arm-none-eabi/7.2.1/../../../../arm-none-eabi/lib/thumb/v7-m\libc_nano.a(lib_a-nano-reallocr.o)
 .ARM.attributes
                0x0000052c       0x2d c:/siliconlabs/simplicitystudio/v4/developer/toolchains/gnu_arm/7.2_2017q4/bin/../lib/gcc/arm-none-eabi/7.2.1/../../../../arm-none-eabi/lib/thumb/v7-m\libc_nano.a(lib_a-reent.o)
 .ARM.attributes
                0x00000559       0x2d c:/siliconlabs/simplicitystudio/v4/developer/toolchains/gnu_arm/7.2_2017q4/bin/../lib/gcc/arm-none-eabi/7.2.1/../../../../arm-none-eabi/lib/thumb/v7-m\libc_nano.a(lib_a-nano-msizer.o)
 .ARM.attributes
                0x00000586       0x2d c:/siliconlabs/simplicitystudio/v4/developer/toolchains/gnu_arm/7.2_2017q4/bin/../lib/gcc/arm-none-eabi/7.2.1/../../../../arm-none-eabi/lib/thumb/v7-m\libnosys.a(sbrk.o)
 .ARM.attributes
                0x000005b3       0x2d c:/siliconlabs/simplicitystudio/v4/developer/toolchains/gnu_arm/7.2_2017q4/bin/../lib/gcc/arm-none-eabi/7.2.1/../../../../arm-none-eabi/lib/thumb/v7-m\libnosys.a(_exit.o)
 .ARM.attributes
                0x000005e0       0x2d c:/siliconlabs/simplicitystudio/v4/developer/toolchains/gnu_arm/7.2_2017q4/bin/../lib/gcc/arm-none-eabi/7.2.1/thumb/v7-m/crtend.o
 .ARM.attributes
                0x0000060d       0x1d c:/siliconlabs/simplicitystudio/v4/developer/toolchains/gnu_arm/7.2_2017q4/bin/../lib/gcc/arm-none-eabi/7.2.1/thumb/v7-m/crtn.o

.comment        0x00000000       0x7e
 .comment       0x00000000       0x7e ./BSP/bsp_stk_leds.o
                                 0x7f (size before relaxing)
 .comment       0x0000007e       0x7f ./CMSIS/EFM32GG/system_efm32gg.o
 .comment       0x0000007e       0x7f ./emlib/em_cmu.o
 .comment       0x0000007e       0x7f ./emlib/em_gpio.o
 .comment       0x0000007e       0x7f ./emlib/em_lcd.o
 .comment       0x0000007e       0x7f ./emlib/em_system.o
 .comment       0x0000007e       0x7f ./src/main.o
 .comment       0x0000007e       0x7f ./src/segmentlcd.o

.debug_info     0x00000000     0xa544
 .debug_info    0x00000000      0x982 ./BSP/bsp_stk_leds.o
 .debug_info    0x00000982       0x26 ./CMSIS/EFM32GG/startup_gcc_efm32gg.o
 .debug_info    0x000009a8      0x5fb ./CMSIS/EFM32GG/system_efm32gg.o
 .debug_info    0x00000fa3     0x248b ./emlib/em_cmu.o
 .debug_info    0x0000342e      0x82a ./emlib/em_gpio.o
 .debug_info    0x00003c58      0xea4 ./emlib/em_lcd.o
 .debug_info    0x00004afc      0x281 ./emlib/em_system.o
 .debug_info    0x00004d7d     0x2dd5 ./src/main.o
 .debug_info    0x00007b52     0x29f2 ./src/segmentlcd.o

.debug_abbrev   0x00000000     0x1afc
 .debug_abbrev  0x00000000      0x27a ./BSP/bsp_stk_leds.o
 .debug_abbrev  0x0000027a       0x14 ./CMSIS/EFM32GG/startup_gcc_efm32gg.o
 .debug_abbrev  0x0000028e      0x1ea ./CMSIS/EFM32GG/system_efm32gg.o
 .debug_abbrev  0x00000478      0x43f ./emlib/em_cmu.o
 .debug_abbrev  0x000008b7      0x2ce ./emlib/em_gpio.o
 .debug_abbrev  0x00000b85      0x320 ./emlib/em_lcd.o
 .debug_abbrev  0x00000ea5      0x12c ./emlib/em_system.o
 .debug_abbrev  0x00000fd1      0x71e ./src/main.o
 .debug_abbrev  0x000016ef      0x40d ./src/segmentlcd.o

.debug_loc      0x00000000     0x5a67
 .debug_loc     0x00000000      0x4bb ./BSP/bsp_stk_leds.o
 .debug_loc     0x000004bb       0xec ./CMSIS/EFM32GG/system_efm32gg.o
 .debug_loc     0x000005a7     0x226d ./emlib/em_cmu.o
 .debug_loc     0x00002814      0x538 ./emlib/em_gpio.o
 .debug_loc     0x00002d4c      0xea3 ./emlib/em_lcd.o
 .debug_loc     0x00003bef       0x6d ./emlib/em_system.o
 .debug_loc     0x00003c5c      0xdf7 ./src/main.o
 .debug_loc     0x00004a53     0x1014 ./src/segmentlcd.o

.debug_aranges  0x00000000      0x468
 .debug_aranges
                0x00000000       0x50 ./BSP/bsp_stk_leds.o
 .debug_aranges
                0x00000050       0x20 ./CMSIS/EFM32GG/startup_gcc_efm32gg.o
 .debug_aranges
                0x00000070       0x68 ./CMSIS/EFM32GG/system_efm32gg.o
 .debug_aranges
                0x000000d8      0x110 ./emlib/em_cmu.o
 .debug_aranges
                0x000001e8       0x48 ./emlib/em_gpio.o
 .debug_aranges
                0x00000230       0x80 ./emlib/em_lcd.o
 .debug_aranges
                0x000002b0       0x28 ./emlib/em_system.o
 .debug_aranges
                0x000002d8       0xf0 ./src/main.o
 .debug_aranges
                0x000003c8       0xa0 ./src/segmentlcd.o

.debug_ranges   0x00000000      0xe38
 .debug_ranges  0x00000000      0x108 ./BSP/bsp_stk_leds.o
 .debug_ranges  0x00000108       0x88 ./CMSIS/EFM32GG/system_efm32gg.o
 .debug_ranges  0x00000190      0x4d8 ./emlib/em_cmu.o
 .debug_ranges  0x00000668       0xc8 ./emlib/em_gpio.o
 .debug_ranges  0x00000730       0xd8 ./emlib/em_lcd.o
 .debug_ranges  0x00000808       0x18 ./emlib/em_system.o
 .debug_ranges  0x00000820      0x510 ./src/main.o
 .debug_ranges  0x00000d30      0x108 ./src/segmentlcd.o

.debug_macro    0x00000000     0x2bf8
 .debug_macro   0x00000000      0x2ee ./BSP/bsp_stk_leds.o
 .debug_macro   0x000002ee       0x4f ./BSP/bsp_stk_leds.o
 .debug_macro   0x0000033d       0x51 ./BSP/bsp_stk_leds.o
 .debug_macro   0x0000038e       0xc3 ./BSP/bsp_stk_leds.o
 .debug_macro   0x00000451      0x28e ./CMSIS/EFM32GG/system_efm32gg.o
 .debug_macro   0x000006df      0x35b ./emlib/em_cmu.o
 .debug_macro   0x00000a3a       0x58 ./emlib/em_cmu.o
 .debug_macro   0x00000a92      0x34d ./emlib/em_cmu.o
 .debug_macro   0x00000ddf       0x25 ./emlib/em_cmu.o
 .debug_macro   0x00000e04       0xee ./emlib/em_cmu.o
 .debug_macro   0x00000ef2       0x1f ./emlib/em_cmu.o
 .debug_macro   0x00000f11       0x69 ./emlib/em_cmu.o
 .debug_macro   0x00000f7a      0x2a7 ./emlib/em_gpio.o
 .debug_macro   0x00001221       0xc5 ./emlib/em_gpio.o
 .debug_macro   0x000012e6      0x29b ./emlib/em_lcd.o
 .debug_macro   0x00001581       0x17 ./emlib/em_lcd.o
 .debug_macro   0x00001598      0x295 ./emlib/em_system.o
 .debug_macro   0x0000182d      0x49b ./src/main.o
 .debug_macro   0x00001cc8       0x16 ./src/main.o
 .debug_macro   0x00001cde      0x10e ./src/main.o
 .debug_macro   0x00001dec       0x86 ./src/main.o
 .debug_macro   0x00001e72       0x22 ./src/main.o
 .debug_macro   0x00001e94       0x1c ./src/main.o
 .debug_macro   0x00001eb0       0x10 ./src/main.o
 .debug_macro   0x00001ec0       0x10 ./src/main.o
 .debug_macro   0x00001ed0       0xb6 ./src/main.o
 .debug_macro   0x00001f86       0x16 ./src/main.o
 .debug_macro   0x00001f9c      0x129 ./src/main.o
 .debug_macro   0x000020c5       0xde ./src/main.o
 .debug_macro   0x000021a3       0x16 ./src/main.o
 .debug_macro   0x000021b9      0x305 ./src/main.o
 .debug_macro   0x000024be       0x16 ./src/main.o
 .debug_macro   0x000024d4       0x1d ./src/main.o
 .debug_macro   0x000024f1      0x117 ./src/main.o
 .debug_macro   0x00002608       0x22 ./src/main.o
 .debug_macro   0x0000262a      0x403 ./src/segmentlcd.o
 .debug_macro   0x00002a2d       0x16 ./src/segmentlcd.o
 .debug_macro   0x00002a43       0x97 ./src/segmentlcd.o
 .debug_macro   0x00002ada       0xf6 ./src/segmentlcd.o
 .debug_macro   0x00002bd0       0x28 ./src/segmentlcd.o

.debug_line     0x00000000     0x5d42
 .debug_line    0x00000000      0xa25 ./BSP/bsp_stk_leds.o
 .debug_line    0x00000a25       0x72 ./CMSIS/EFM32GG/startup_gcc_efm32gg.o
 .debug_line    0x00000a97      0x857 ./CMSIS/EFM32GG/system_efm32gg.o
 .debug_line    0x000012ee     0x1267 ./emlib/em_cmu.o
 .debug_line    0x00002555      0x90d ./emlib/em_gpio.o
 .debug_line    0x00002e62      0xa5d ./emlib/em_lcd.o
 .debug_line    0x000038bf      0x803 ./emlib/em_system.o
 .debug_line    0x000040c2      0xfbe ./src/main.o
 .debug_line    0x00005080      0xcc2 ./src/segmentlcd.o

.debug_str      0x00000000    0xddb8f
 .debug_str     0x00000000    0xd47f9 ./BSP/bsp_stk_leds.o
                              0xd4e2d (size before relaxing)
 .debug_str     0x000d47f9       0x36 ./CMSIS/EFM32GG/startup_gcc_efm32gg.o
                                 0x76 (size before relaxing)
 .debug_str     0x000d482f      0x307 ./CMSIS/EFM32GG/system_efm32gg.o
                              0xd2f5c (size before relaxing)
 .debug_str     0x000d4b36     0x29e1 ./emlib/em_cmu.o
                              0xd6d46 (size before relaxing)
 .debug_str     0x000d7517      0x1dd ./emlib/em_gpio.o
                              0xd37d0 (size before relaxing)
 .debug_str     0x000d76f4      0x73a ./emlib/em_lcd.o
                              0xd343e (size before relaxing)
 .debug_str     0x000d7e2e       0xac ./emlib/em_system.o
                              0xd3079 (size before relaxing)
 .debug_str     0x000d7eda     0x59e2 ./src/main.o
                              0xdc456 (size before relaxing)
 .debug_str     0x000dd8bc      0x2d3 ./src/segmentlcd.o
                              0xdafb0 (size before relaxing)

.debug_frame    0x00000000      0xfe8
 .debug_frame   0x00000000       0xac ./BSP/bsp_stk_leds.o
 .debug_frame   0x000000ac       0xc8 ./CMSIS/EFM32GG/system_efm32gg.o
 .debug_frame   0x00000174      0x2f8 ./emlib/em_cmu.o
 .debug_frame   0x0000046c       0xb0 ./emlib/em_gpio.o
 .debug_frame   0x0000051c      0x12c ./emlib/em_lcd.o
 .debug_frame   0x00000648       0x30 ./emlib/em_system.o
 .debug_frame   0x00000678      0x2d0 ./src/main.o
 .debug_frame   0x00000948      0x218 ./src/segmentlcd.o
 .debug_frame   0x00000b60       0x28 c:/siliconlabs/simplicitystudio/v4/developer/toolchains/gnu_arm/7.2_2017q4/bin/../lib/gcc/arm-none-eabi/7.2.1/../../../../arm-none-eabi/lib/thumb/v7-m\libc_nano.a(lib_a-exit.o)
 .debug_frame   0x00000b88       0x2c c:/siliconlabs/simplicitystudio/v4/developer/toolchains/gnu_arm/7.2_2017q4/bin/../lib/gcc/arm-none-eabi/7.2.1/../../../../arm-none-eabi/lib/thumb/v7-m\libc_nano.a(lib_a-init.o)
 .debug_frame   0x00000bb4       0x28 c:/siliconlabs/simplicitystudio/v4/developer/toolchains/gnu_arm/7.2_2017q4/bin/../lib/gcc/arm-none-eabi/7.2.1/../../../../arm-none-eabi/lib/thumb/v7-m\libc_nano.a(lib_a-memcpy-stub.o)
 .debug_frame   0x00000bdc       0x20 c:/siliconlabs/simplicitystudio/v4/developer/toolchains/gnu_arm/7.2_2017q4/bin/../lib/gcc/arm-none-eabi/7.2.1/../../../../arm-none-eabi/lib/thumb/v7-m\libc_nano.a(lib_a-memset.o)
 .debug_frame   0x00000bfc       0x48 c:/siliconlabs/simplicitystudio/v4/developer/toolchains/gnu_arm/7.2_2017q4/bin/../lib/gcc/arm-none-eabi/7.2.1/../../../../arm-none-eabi/lib/thumb/v7-m\libc_nano.a(lib_a-rand.o)
 .debug_frame   0x00000c44       0x7c c:/siliconlabs/simplicitystudio/v4/developer/toolchains/gnu_arm/7.2_2017q4/bin/../lib/gcc/arm-none-eabi/7.2.1/../../../../arm-none-eabi/lib/thumb/v7-m\libc_nano.a(lib_a-snprintf.o)
 .debug_frame   0x00000cc0       0x30 c:/siliconlabs/simplicitystudio/v4/developer/toolchains/gnu_arm/7.2_2017q4/bin/../lib/gcc/arm-none-eabi/7.2.1/../../../../arm-none-eabi/lib/thumb/v7-m\libc_nano.a(lib_a-malloc.o)
 .debug_frame   0x00000cf0       0x38 c:/siliconlabs/simplicitystudio/v4/developer/toolchains/gnu_arm/7.2_2017q4/bin/../lib/gcc/arm-none-eabi/7.2.1/../../../../arm-none-eabi/lib/thumb/v7-m\libc_nano.a(lib_a-nano-freer.o)
 .debug_frame   0x00000d28       0x2c c:/siliconlabs/simplicitystudio/v4/developer/toolchains/gnu_arm/7.2_2017q4/bin/../lib/gcc/arm-none-eabi/7.2.1/../../../../arm-none-eabi/lib/thumb/v7-m\libc_nano.a(lib_a-nano-mallocr.o)
 .debug_frame   0x00000d54       0x90 c:/siliconlabs/simplicitystudio/v4/developer/toolchains/gnu_arm/7.2_2017q4/bin/../lib/gcc/arm-none-eabi/7.2.1/../../../../arm-none-eabi/lib/thumb/v7-m\libc_nano.a(lib_a-nano-svfprintf.o)
 .debug_frame   0x00000de4       0x60 c:/siliconlabs/simplicitystudio/v4/developer/toolchains/gnu_arm/7.2_2017q4/bin/../lib/gcc/arm-none-eabi/7.2.1/../../../../arm-none-eabi/lib/thumb/v7-m\libc_nano.a(lib_a-nano-vfprintf_i.o)
 .debug_frame   0x00000e44       0x2c c:/siliconlabs/simplicitystudio/v4/developer/toolchains/gnu_arm/7.2_2017q4/bin/../lib/gcc/arm-none-eabi/7.2.1/../../../../arm-none-eabi/lib/thumb/v7-m\libc_nano.a(lib_a-sbrkr.o)
 .debug_frame   0x00000e70       0x28 c:/siliconlabs/simplicitystudio/v4/developer/toolchains/gnu_arm/7.2_2017q4/bin/../lib/gcc/arm-none-eabi/7.2.1/../../../../arm-none-eabi/lib/thumb/v7-m\libc_nano.a(lib_a-memchr-stub.o)
 .debug_frame   0x00000e98       0x28 c:/siliconlabs/simplicitystudio/v4/developer/toolchains/gnu_arm/7.2_2017q4/bin/../lib/gcc/arm-none-eabi/7.2.1/../../../../arm-none-eabi/lib/thumb/v7-m\libc_nano.a(lib_a-memmove.o)
 .debug_frame   0x00000ec0       0x30 c:/siliconlabs/simplicitystudio/v4/developer/toolchains/gnu_arm/7.2_2017q4/bin/../lib/gcc/arm-none-eabi/7.2.1/../../../../arm-none-eabi/lib/thumb/v7-m\libc_nano.a(lib_a-mlock.o)
 .debug_frame   0x00000ef0       0x3c c:/siliconlabs/simplicitystudio/v4/developer/toolchains/gnu_arm/7.2_2017q4/bin/../lib/gcc/arm-none-eabi/7.2.1/../../../../arm-none-eabi/lib/thumb/v7-m\libc_nano.a(lib_a-nano-reallocr.o)
 .debug_frame   0x00000f2c       0x5c c:/siliconlabs/simplicitystudio/v4/developer/toolchains/gnu_arm/7.2_2017q4/bin/../lib/gcc/arm-none-eabi/7.2.1/../../../../arm-none-eabi/lib/thumb/v7-m\libc_nano.a(lib_a-reent.o)
 .debug_frame   0x00000f88       0x20 c:/siliconlabs/simplicitystudio/v4/developer/toolchains/gnu_arm/7.2_2017q4/bin/../lib/gcc/arm-none-eabi/7.2.1/../../../../arm-none-eabi/lib/thumb/v7-m\libc_nano.a(lib_a-nano-msizer.o)
 .debug_frame   0x00000fa8       0x20 c:/siliconlabs/simplicitystudio/v4/developer/toolchains/gnu_arm/7.2_2017q4/bin/../lib/gcc/arm-none-eabi/7.2.1/../../../../arm-none-eabi/lib/thumb/v7-m\libnosys.a(sbrk.o)
 .debug_frame   0x00000fc8       0x20 c:/siliconlabs/simplicitystudio/v4/developer/toolchains/gnu_arm/7.2_2017q4/bin/../lib/gcc/arm-none-eabi/7.2.1/../../../../arm-none-eabi/lib/thumb/v7-m\libnosys.a(_exit.o)
